mios32_osc.c:689:12:MIOS32_OSC_SearchPath	32	static
mios32_osc.c:162:5:MIOS32_OSC_Init	0	static
mios32_osc.c:176:5:MIOS32_OSC_GetWord	0	static
mios32_osc.c:551:12:0	40	static
mios32_osc.c:190:5:MIOS32_OSC_PutWord	0	static
mios32_osc.c:204:22:MIOS32_OSC_GetTimetag	16	static
mios32_osc.c:218:5:MIOS32_OSC_PutTimetag	16	static
mios32_osc.c:230:5:MIOS32_OSC_GetInt	0	static
mios32_osc.c:241:5:MIOS32_OSC_PutInt	0	static
mios32_osc.c:252:7:MIOS32_OSC_GetFloat	8	static
mios32_osc.c:275:5:MIOS32_OSC_PutFloat	0	static
mios32_osc.c:287:7:MIOS32_OSC_GetString	0	static
mios32_osc.c:298:5:MIOS32_OSC_PutString	8	static
mios32_osc.c:317:5:MIOS32_OSC_GetBlobLength	0	static
mios32_osc.c:327:5:MIOS32_OSC_GetBlobData	0	static
mios32_osc.c:340:5:MIOS32_OSC_PutBlob	16	static
mios32_osc.c:368:11:MIOS32_OSC_GetLongLong	16	static
mios32_osc.c:379:5:MIOS32_OSC_PutLongLong	8	static
mios32_osc.c:393:8:MIOS32_OSC_GetDouble	8	static
mios32_osc.c:415:5:MIOS32_OSC_PutDouble	0	static
mios32_osc.c:428:6:MIOS32_OSC_GetChar	0	static
mios32_osc.c:439:5:MIOS32_OSC_PutChar	0	static
mios32_osc.c:452:23:MIOS32_OSC_GetMIDI	8	static
mios32_osc.c:471:5:MIOS32_OSC_PutMIDI	0	static
mios32_osc.c:491:5:MIOS32_OSC_ParsePacket	128	static
mios32_osc.c:782:5:MIOS32_OSC_SendDebugMessage	48	static
