mios32_usb.c:816:19:USBD_USR_DeviceDescriptor	0	static
mios32_usb.c:829:19:USBD_USR_LangIDStrDescriptor	0	static
mios32_usb.c:955:13:USBD_USR_Init	0	static
mios32_usb.c:965:13:USBD_USR_DeviceReset	0	static
mios32_usb.c:990:13:USBD_USR_DeviceConnected	0	static
mios32_usb.c:1014:13:USBD_USR_DeviceSuspended	0	static
mios32_usb.c:1026:13:USBD_USR_DeviceResumed	0	static
mios32_usb.c:1059:13:USBH_USR_Init	0	static
mios32_usb.c:1069:13:USBH_USR_DeviceAttached	0	static
mios32_usb.c:1078:13:USBH_USR_UnrecoveredError	0	static
mios32_usb.c:1099:13:USBH_USR_ResetDevice	0	static
mios32_usb.c:1110:13:USBH_USR_DeviceSpeedDetected	0	static
mios32_usb.c:1120:13:USBH_USR_Device_DescAvailable	0	static
mios32_usb.c:1130:13:USBH_USR_DeviceAddressAssigned	0	static
mios32_usb.c:1141:13:USBH_USR_Configuration_DescAvailable	0	static
mios32_usb.c:1153:13:USBH_USR_Manufacturer_String	0	static
mios32_usb.c:1170:13:USBH_USR_Product_String	0	static
mios32_usb.c:1187:13:USBH_USR_SerialNum_String	0	static
mios32_usb.c:1205:13:USBH_USR_EnumerationDone	0	static
mios32_usb.c:1215:13:USBH_USR_DeviceNotSupported	0	static
mios32_usb.c:1226:24:USBH_USR_UserInput	0	static
mios32_usb.c:1237:13:USBH_USR_OverCurrentDetected	0	static
mios32_usb.c:1247:12:USBH_USR_Application	0	static
mios32_usb.c:1258:13:USBH_USR_DeInit	0	static
mios32_usb.c:1541:17:MIOS32_USB_CLASS_Setup	0	static
mios32_usb.c:1555:17:MIOS32_USB_CLASS_EP0_RxReady	0	static
mios32_usb.c:1603:18:MIOS32_USB_CLASS_GetCfgDesc	0	static
mios32_usb.c:889:19:USBD_USR_SerialStrDescriptor	56	static
mios32_usb.c:843:19:USBD_USR_ProductStrDescriptor	16	static
mios32_usb.c:923:19:USBD_USR_InterfaceStrDescriptor	0	static
mios32_usb.c:910:19:USBD_USR_ConfigStrDescriptor	0	static
mios32_usb.c:1616:17:MIOS32_USB_CLASS_GetUsrStrDesc	0	static
mios32_usb.c:875:19:USBD_USR_ManufacturerStrDescriptor	24	static
mios32_usb.c:1586:17:MIOS32_USB_CLASS_DataOut	8	static
mios32_usb.c:1569:17:MIOS32_USB_CLASS_DataIn	8	static
mios32_usb.c:1522:17:MIOS32_USB_CLASS_DeInit	8	static
mios32_usb.c:1088:13:USBH_USR_DeviceDisconnected	0	static
mios32_usb.c:1001:13:USBD_USR_DeviceDisconnected	0	static
mios32_usb.c:976:13:USBD_USR_DeviceConfigured	0	static
mios32_usb.c:1497:17:MIOS32_USB_CLASS_Init	8	static
mios32_usb.c:1304:6:USB_OTG_BSP_Init	32	static
mios32_usb.c:1368:6:USB_OTG_BSP_EnableInterrupt	0	static
mios32_usb.c:1382:6:OTG_FS_IRQHandler	8	static
mios32_usb.c:1403:6:USB_OTG_BSP_uDelay	0	static
mios32_usb.c:1415:6:USB_OTG_BSP_mDelay	0	static
mios32_usb.c:1427:7:USB_OTG_BSP_ConfigVBUS	24	static
mios32_usb.c:1455:6:USB_OTG_BSP_DriveVBUS	0	static
mios32_usb.c:1756:5:MIOS32_USB_IsInitialized	0	static
mios32_usb.c:1768:5:MIOS32_USB_ForceSingleUSB	0	static
mios32_usb.c:1782:5:MIOS32_USB_ForceDeviceMode	0	static
mios32_usb.c:1658:5:MIOS32_USB_Init	24	static
