mios32_board.c:278:12:MIOS32_BOARD_PinInitHlp	24	static
mios32_board.c:262:5:MIOS32_BOARD_Init	0	static
mios32_board.c:333:5:MIOS32_BOARD_LED_Init	8	static
mios32_board.c:400:5:MIOS32_BOARD_LED_Set	0	static
mios32_board.c:453:5:MIOS32_BOARD_LED_Get	0	static
mios32_board.c:504:5:MIOS32_BOARD_J5_PinInit	8	static
mios32_board.c:535:5:MIOS32_BOARD_J5_Set	16	static
mios32_board.c:559:5:MIOS32_BOARD_J5_PinSet	0	static
mios32_board.c:581:5:MIOS32_BOARD_J5_Get	0	static
mios32_board.c:605:5:MIOS32_BOARD_J5_PinGet	0	static
mios32_board.c:637:5:MIOS32_BOARD_J10_PinInit	8	static
mios32_board.c:669:5:MIOS32_BOARD_J10_Set	16	static
mios32_board.c:698:5:MIOS32_BOARD_J10_PinSet	0	static
mios32_board.c:720:5:MIOS32_BOARD_J10_Get	8	static
mios32_board.c:749:5:MIOS32_BOARD_J10_PinGet	0	static
mios32_board.c:769:5:MIOS32_BOARD_J10A_Get	0	static
mios32_board.c:791:5:MIOS32_BOARD_J10A_Set	16	static
mios32_board.c:819:5:MIOS32_BOARD_J10B_Get	0	static
mios32_board.c:844:5:MIOS32_BOARD_J10B_Set	16	static
mios32_board.c:885:5:MIOS32_BOARD_J28_PinInit	0	static
mios32_board.c:901:5:MIOS32_BOARD_J28_Set	0	static
mios32_board.c:918:5:MIOS32_BOARD_J28_PinSet	0	static
mios32_board.c:933:5:MIOS32_BOARD_J28_Get	0	static
mios32_board.c:950:5:MIOS32_BOARD_J28_PinGet	0	static
mios32_board.c:970:5:MIOS32_BOARD_J15_PortInit	32	static
mios32_board.c:1062:5:MIOS32_BOARD_J15_DataSet	0	static
mios32_board.c:1103:5:MIOS32_BOARD_J15_SerDataShift	16	static
mios32_board.c:1147:5:MIOS32_BOARD_J15_RS_Set	0	static
mios32_board.c:1164:5:MIOS32_BOARD_J15_RW_Set	0	static
mios32_board.c:1182:5:MIOS32_BOARD_J15_E_Set	0	static
mios32_board.c:1221:5:MIOS32_BOARD_J15_GetD7In	0	static
mios32_board.c:1235:5:MIOS32_BOARD_J15_D7InPullUpEnable	0	static
mios32_board.c:1256:5:MIOS32_BOARD_J15_PollUnbusy	24	static
mios32_board.c:1324:5:MIOS32_BOARD_DAC_PinInit	40	static
mios32_board.c:1390:5:MIOS32_BOARD_DAC_PinSet	8	static
