aout.c:1444:12:get_dec	16	static
aout.c:783:12:currentValueGet	40	static
aout.c:254:5:AOUT_Init	8	static
aout.c:343:5:AOUT_IF_Init	16	static
aout.c:483:13:AOUT_IfNameGet	0	static
aout.c:536:15:AOUT_ConfigGet	8	static
aout.c:545:5:AOUT_ConfigChannelInvertedSet	0	static
aout.c:559:5:AOUT_ConfigChannelHzVSet	0	static
aout.c:578:5:AOUT_CaliModeSet	16	static
aout.c:601:18:AOUT_CaliModeGet	0	static
aout.c:610:4:AOUT_CaliPinGet	0	static
aout.c:618:5:AOUT_CaliCfgValueSet	0	static
aout.c:627:5:AOUT_CaliCfgValueGet	0	static
aout.c:651:13:AOUT_CaliNameGet	0	static
aout.c:698:5:AOUT_PinSet	24	static
aout.c:508:5:AOUT_ConfigSet	16	static
aout.c:767:5:AOUT_PinGet	0	static
aout.c:851:5:AOUT_PinSlewRateSet	0	static
aout.c:867:5:AOUT_PinSlewRateGet	0	static
aout.c:884:5:AOUT_PinSlewRateEnableSet	0	static
aout.c:900:5:AOUT_PinSlewRateEnableGet	0	static
aout.c:917:5:AOUT_PinPitchRangeSet	16	static
aout.c:941:5:AOUT_PinPitchRangeGet	0	static
aout.c:958:5:AOUT_PinPitchSet	16	static
aout.c:982:5:AOUT_PinPitchGet	0	static
aout.c:1001:5:AOUT_DigitalPinSet	0	static
aout.c:1029:5:AOUT_DigitalPinGet	0	static
aout.c:1046:5:AOUT_DigitalPinsSet	0	static
aout.c:1065:5:AOUT_DigitalPinsGet	0	static
aout.c:1078:5:AOUT_SuspendSet	0	static
aout.c:1089:5:AOUT_SuspendGet	0	static
aout.c:1101:6:AOUT_CaliPointsPtrGet	0	static
aout.c:1120:5:AOUT_Update	32	static
aout.c:1478:5:AOUT_TerminalHelp	8	static
aout.c:1493:5:AOUT_TerminalParseLine	40	static
aout.c:1630:5:AOUT_TerminalPrintConfig	8	static
