ff.c:182:6:mem_cpy	8	static
ff.c:190:6:mem_set	0	static
ff.c:1317:6:get_fileinfo	12	static
ff.c:249:9:move_window	24	static
ff.c:291:9:sync	16	static
ff.c:1444:6:check_fs	8	static
ff.c:1604:9:validate	8	static
ff.c:329:7:get_fat	24	static
ff.c:371:9:put_fat	24	static
ff.c:474:7:create_chain	24	static
ff.c:433:9:remove_chain	16	static
ff.c:533:7:clust2sect	0	static
ff.c:551:9:dir_seek	16	static
ff.c:1058:9:dir_remove	8	static
ff.c:599:9:dir_next	32	static
ff.c:1387:9:follow_path	24	static
ff.c:954:9:dir_register	16	static
ff.c:897:9:dir_read	8	static
ff.c:1470:9:chk_mounted	24	static
ff.c:1635:9:f_mount	0	static
ff.c:1672:9:f_open	72	static
ff.c:1770:9:f_read	40	static
ff.c:1865:9:f_write	40	static
ff.c:1980:9:f_sync	16	static
ff.c:2028:9:f_close	8	static
ff.c:2109:9:f_lseek	24	static
ff.c:2208:9:f_opendir	32	static
ff.c:2249:9:f_readdir	32	static
ff.c:2290:9:f_stat	64	static
ff.c:2322:9:f_getfree	40	static
ff.c:2390:9:f_truncate	16	static
ff.c:2434:9:f_unlink	88	static
ff.c:2489:9:f_mkdir	96	static
ff.c:2568:9:f_chmod	64	static
ff.c:2609:9:f_utime	56	static
ff.c:2649:9:f_rename	120	static
ff.c:2787:9:f_mkfs	64	static
