mios32_usb_midi.c:633:20:USBH_ClassRequest	0	static
mios32_usb_midi.c:646:20:USBH_Handle	40	static
mios32_usb_midi.c:415:13:MIOS32_USB_MIDI_RxBufferHandler	16	static
mios32_usb_midi.c:370:13:MIOS32_USB_MIDI_TxBufferHandler	8	static
mios32_usb_midi.c:123:5:MIOS32_USB_MIDI_Init	0	static
mios32_usb_midi.c:144:5:MIOS32_USB_MIDI_ChangeConnectionState	0	static
mios32_usb_midi.c:594:13:USBH_InterfaceDeInit	16	static
mios32_usb_midi.c:195:5:MIOS32_USB_MIDI_CheckAvailable	8	static
mios32_usb_midi.c:506:20:USBH_InterfaceInit	40	static
mios32_usb_midi.c:226:5:MIOS32_USB_MIDI_PackageSend_NonBlocking	16	static
mios32_usb_midi.c:267:5:MIOS32_USB_MIDI_PackageSend	8	static
mios32_usb_midi.c:300:5:MIOS32_USB_MIDI_PackageReceive	16	static
mios32_usb_midi.c:342:5:MIOS32_USB_MIDI_Periodic_mS	8	static
mios32_usb_midi.c:470:6:MIOS32_USB_MIDI_EP1_IN_Callback	0	static
mios32_usb_midi.c:484:6:MIOS32_USB_MIDI_EP2_OUT_Callback	0	static
