stm32f4xx_i2c.c:132:6:I2C_DeInit	8	static
stm32f4xx_i2c.c:175:6:I2C_Init	40	static
stm32f4xx_i2c.c:284:6:I2C_StructInit	0	static
stm32f4xx_i2c.c:308:6:I2C_Cmd	0	static
stm32f4xx_i2c.c:332:6:I2C_GenerateSTART	0	static
stm32f4xx_i2c.c:356:6:I2C_GenerateSTOP	0	static
stm32f4xx_i2c.c:384:6:I2C_Send7bitAddress	0	static
stm32f4xx_i2c.c:411:6:I2C_AcknowledgeConfig	0	static
stm32f4xx_i2c.c:434:6:I2C_OwnAddress2Config	0	static
stm32f4xx_i2c.c:461:6:I2C_DualAddressCmd	0	static
stm32f4xx_i2c.c:485:6:I2C_GeneralCallCmd	0	static
stm32f4xx_i2c.c:511:6:I2C_SoftwareResetCmd	0	static
stm32f4xx_i2c.c:535:6:I2C_StretchClockCmd	0	static
stm32f4xx_i2c.c:561:6:I2C_FastModeDutyCycleConfig	0	static
stm32f4xx_i2c.c:599:6:I2C_NACKPositionConfig	0	static
stm32f4xx_i2c.c:627:6:I2C_SMBusAlertConfig	0	static
stm32f4xx_i2c.c:651:6:I2C_ARPCmd	0	static
stm32f4xx_i2c.c:689:6:I2C_SendData	0	static
stm32f4xx_i2c.c:702:9:I2C_ReceiveData	0	static
stm32f4xx_i2c.c:733:6:I2C_TransmitPEC	0	static
stm32f4xx_i2c.c:764:6:I2C_PECPositionConfig	0	static
stm32f4xx_i2c.c:788:6:I2C_CalculatePEC	0	static
stm32f4xx_i2c.c:810:9:I2C_GetPEC	0	static
stm32f4xx_i2c.c:843:6:I2C_DMACmd	0	static
stm32f4xx_i2c.c:867:6:I2C_DMALastTransferCmd	0	static
stm32f4xx_i2c.c:1005:10:I2C_ReadRegister	8	static
stm32f4xx_i2c.c:1032:6:I2C_ITConfig	0	static
stm32f4xx_i2c.c:1091:13:I2C_CheckEvent	0	static
stm32f4xx_i2c.c:1139:10:I2C_GetLastEvent	0	static
stm32f4xx_i2c.c:1194:12:I2C_GetFlagStatus	8	static
stm32f4xx_i2c.c:1271:6:I2C_ClearFlag	0	static
stm32f4xx_i2c.c:1305:10:I2C_GetITStatus	0	static
stm32f4xx_i2c.c:1365:6:I2C_ClearITPendingBit	0	static
