stm32f4xx_flash.c:166:6:FLASH_SetLatency	0	static
stm32f4xx_flash.c:181:6:FLASH_PrefetchBufferCmd	0	static
stm32f4xx_flash.c:203:6:FLASH_InstructionCacheCmd	0	static
stm32f4xx_flash.c:224:6:FLASH_DataCacheCmd	0	static
stm32f4xx_flash.c:245:6:FLASH_InstructionCacheReset	0	static
stm32f4xx_flash.c:256:6:FLASH_DataCacheReset	0	static
stm32f4xx_flash.c:300:6:FLASH_Unlock	0	static
stm32f4xx_flash.c:315:6:FLASH_Lock	0	static
stm32f4xx_flash.c:658:6:FLASH_OB_Unlock	0	static
stm32f4xx_flash.c:673:6:FLASH_OB_Lock	0	static
stm32f4xx_flash.c:789:6:FLASH_OB_BORConfig	0	static
stm32f4xx_flash.c:825:9:FLASH_OB_GetUser	0	static
stm32f4xx_flash.c:836:10:FLASH_OB_GetWRP	0	static
stm32f4xx_flash.c:849:12:FLASH_OB_GetRDP	0	static
stm32f4xx_flash.c:873:9:FLASH_OB_GetBOR	0	static
stm32f4xx_flash.c:903:6:FLASH_ITConfig	0	static
stm32f4xx_flash.c:934:12:FLASH_GetFlagStatus	0	static
stm32f4xx_flash.c:964:6:FLASH_ClearFlag	0	static
stm32f4xx_flash.c:979:14:FLASH_GetStatus	0	static
stm32f4xx_flash.c:1022:14:FLASH_WaitForLastOperation	16	static
stm32f4xx_flash.c:806:14:FLASH_OB_Launch	0	static
stm32f4xx_flash.c:756:6:FLASH_OB_UserConfig	16	static
stm32f4xx_flash.c:724:6:FLASH_OB_RDPConfig	8	static
stm32f4xx_flash.c:689:6:FLASH_OB_WRPConfig	16	static
stm32f4xx_flash.c:573:14:FLASH_ProgramByte	16	static
stm32f4xx_flash.c:535:14:FLASH_ProgramHalfWord	16	static
stm32f4xx_flash.c:497:14:FLASH_ProgramWord	16	static
stm32f4xx_flash.c:459:14:FLASH_ProgramDoubleWord	24	static
stm32f4xx_flash.c:406:14:FLASH_EraseAllSectors	8	static
stm32f4xx_flash.c:341:14:FLASH_EraseSector	16	static
