seq_bpm.c:380:13:SEQ_BPM_Timer_Slave	8	static
seq_bpm.c:371:13:SEQ_BPM_Timer_Master	0	static
seq_bpm.c:169:16:SEQ_BPM_ModeGet	0	static
seq_bpm.c:197:7:SEQ_BPM_Get	0	static
seq_bpm.c:206:7:SEQ_BPM_EffectiveGet	8	static
seq_bpm.c:222:5:SEQ_BPM_Set	16	static
seq_bpm.c:352:12:SEQ_BPM_TimerInit	8	static
seq_bpm.c:179:5:SEQ_BPM_ModeSet	8	static
seq_bpm.c:133:5:SEQ_BPM_Init	8	static
seq_bpm.c:249:5:SEQ_BPM_PPQN_Get	0	static
seq_bpm.c:262:5:SEQ_BPM_PPQN_Set	0	static
seq_bpm.c:275:5:SEQ_BPM_TickGet	0	static
seq_bpm.c:285:5:SEQ_BPM_TickSet	0	static
seq_bpm.c:298:5:SEQ_BPM_IsRunning	0	static
seq_bpm.c:310:20:SEQ_BPM_RunModeGet	0	static
seq_bpm.c:320:5:SEQ_BPM_IsMaster	0	static
seq_bpm.c:331:5:SEQ_BPM_CheckAutoMaster	16	static
seq_bpm.c:426:5:SEQ_BPM_NotifyMIDIRx	16	static
seq_bpm.c:569:5:SEQ_BPM_Start	8	static
seq_bpm.c:593:5:SEQ_BPM_Cont	8	static
seq_bpm.c:617:5:SEQ_BPM_Stop	8	static
seq_bpm.c:633:5:SEQ_BPM_ChkReqStop	8	static
seq_bpm.c:647:5:SEQ_BPM_ChkReqStart	8	static
seq_bpm.c:661:5:SEQ_BPM_ChkReqCont	8	static
seq_bpm.c:682:5:SEQ_BPM_ChkReqClk	16	static
seq_bpm.c:713:5:SEQ_BPM_ChkReqSongPos	16	static
seq_bpm.c:731:5:SEQ_BPM_TicksFor_mS	16	static
