blm_scalar_master.c:1000:12:BLM_SendPackets	80	static
blm_scalar_master.c:724:12:BLM_SCALAR_MASTER_SYSEX_SendAck	40	static
blm_scalar_master.c:617:12:BLM_SCALAR_MASTER_SYSEX_Cmd	16	static
blm_scalar_master.c:170:5:BLM_SCALAR_MASTER_Init	0	static
blm_scalar_master.c:196:5:BLM_SCALAR_MASTER_MIDI_PortSet	0	static
blm_scalar_master.c:208:20:BLM_SCALAR_MASTER_MIDI_PortGet	0	static
blm_scalar_master.c:220:38:BLM_SCALAR_MASTER_ConnectionStateGet	0	static
blm_scalar_master.c:229:5:BLM_SCALAR_MASTER_ButtonCallback_Init	0	static
blm_scalar_master.c:239:5:BLM_SCALAR_MASTER_FaderCallback_Init	0	static
blm_scalar_master.c:249:5:BLM_SCALAR_MASTER_LED_Set	16	static
blm_scalar_master.c:315:28:BLM_SCALAR_MASTER_LED_Get	8	static
blm_scalar_master.c:367:5:BLM_SCALAR_MASTER_RotateViewSet	0	static
blm_scalar_master.c:376:5:BLM_SCALAR_MASTER_RotateViewGet	0	static
blm_scalar_master.c:385:5:BLM_SCALAR_MASTER_RowOffsetSet	0	static
blm_scalar_master.c:394:5:BLM_SCALAR_MASTER_RowOffsetGet	0	static
blm_scalar_master.c:403:5:BLM_SCALAR_MASTER_NumColumnsGet	0	static
blm_scalar_master.c:411:5:BLM_SCALAR_MASTER_NumRowsGet	0	static
blm_scalar_master.c:419:5:BLM_SCALAR_MASTER_NumColoursGet	0	static
blm_scalar_master.c:429:5:BLM_SCALAR_MASTER_TimeoutCtrSet	0	static
blm_scalar_master.c:438:5:BLM_SCALAR_MASTER_TimeoutCtrGet	0	static
blm_scalar_master.c:447:5:BLM_SCALAR_MASTER_ForceDisplayUpdate	0	static
blm_scalar_master.c:458:5:BLM_SCALAR_MASTER_MIDI_Receive	32	static
blm_scalar_master.c:539:5:BLM_SCALAR_MASTER_MIDI_TimeOut	0	static
blm_scalar_master.c:553:5:BLM_SCALAR_MASTER_SYSEX_Parser	8	static
blm_scalar_master.c:754:5:BLM_SCALAR_MASTER_SendRequest	40	static
blm_scalar_master.c:788:5:BLM_SCALAR_MASTER_Periodic_mS	80	static
