mios32_uart.c:222:5:MIOS32_UART_IsAssignedToMIDI	0	static
mios32_uart.c:417:5:MIOS32_UART_BaudrateSet	32	static
mios32_uart.c:244:5:MIOS32_UART_InitPort	32	static
mios32_uart.c:354:5:MIOS32_UART_InitPortDefault	8	static
mios32_uart.c:136:5:MIOS32_UART_Init	16	static
mios32_uart.c:463:5:MIOS32_UART_BaudrateGet	0	static
mios32_uart.c:483:5:MIOS32_UART_RxBufferFree	0	static
mios32_uart.c:503:5:MIOS32_UART_RxBufferUsed	0	static
mios32_uart.c:524:5:MIOS32_UART_RxBufferGet	16	static
mios32_uart.c:556:5:MIOS32_UART_RxBufferPeek	8	static
mios32_uart.c:586:5:MIOS32_UART_RxBufferPut	16	static
mios32_uart.c:618:5:MIOS32_UART_TxBufferFree	0	static
mios32_uart.c:638:5:MIOS32_UART_TxBufferUsed	0	static
mios32_uart.c:659:5:MIOS32_UART_TxBufferGet	16	static
mios32_uart.c:694:5:MIOS32_UART_TxBufferPutMore_NonBlocking	24	static
mios32_uart.c:751:5:MIOS32_UART_TxBufferPutMore	16	static
mios32_uart.c:771:5:MIOS32_UART_TxBufferPut_NonBlocking	16	static
mios32_uart.c:789:5:MIOS32_UART_TxBufferPut	16	static
mios32_uart.c:803:1:USART2_IRQHandler	8	static
mios32_uart.c:836:1:USART3_IRQHandler	8	static
mios32_uart.c:869:1:USART6_IRQHandler	8	static
mios32_uart.c:892:1:USART1_IRQHandler	8	static
mios32_uart.c:916:1:UART5_IRQHandler	8	static
