mios32_usb.c:840:19:USBD_USR_DeviceDescriptor	0	static
mios32_usb.c:853:19:USBD_USR_LangIDStrDescriptor	0	static
mios32_usb.c:979:13:USBD_USR_Init	0	static
mios32_usb.c:989:13:USBD_USR_DeviceReset	0	static
mios32_usb.c:1014:13:USBD_USR_DeviceConnected	0	static
mios32_usb.c:1038:13:USBD_USR_DeviceSuspended	0	static
mios32_usb.c:1050:13:USBD_USR_DeviceResumed	0	static
mios32_usb.c:1326:24:USBH_HID_USR_UserInput	0	static
mios32_usb.c:1365:6:USBH_HID_USR_DeInit	0	static
mios32_usb.c:1413:13:USBH_USR_Init	0	static
mios32_usb.c:1423:13:USBH_USR_DeviceAttached	0	static
mios32_usb.c:1432:13:USBH_USR_UnrecoveredError	0	static
mios32_usb.c:1453:13:USBH_USR_ResetDevice	0	static
mios32_usb.c:1464:13:USBH_USR_DeviceSpeedDetected	0	static
mios32_usb.c:1474:13:USBH_USR_Device_DescAvailable	0	static
mios32_usb.c:1484:13:USBH_USR_DeviceAddressAssigned	0	static
mios32_usb.c:1495:13:USBH_USR_Configuration_DescAvailable	0	static
mios32_usb.c:1507:13:USBH_USR_Manufacturer_String	0	static
mios32_usb.c:1524:13:USBH_USR_Product_String	0	static
mios32_usb.c:1541:13:USBH_USR_SerialNum_String	0	static
mios32_usb.c:1559:13:USBH_USR_EnumerationDone	0	static
mios32_usb.c:1569:13:USBH_USR_DeviceNotSupported	0	static
mios32_usb.c:1580:24:USBH_USR_UserInput	0	static
mios32_usb.c:1591:13:USBH_USR_OverCurrentDetected	0	static
mios32_usb.c:1601:12:USBH_USR_Application	0	static
mios32_usb.c:1612:13:USBH_USR_DeInit	0	static
mios32_usb.c:1950:17:MIOS32_USB_CLASS_Setup	0	static
mios32_usb.c:1964:17:MIOS32_USB_CLASS_EP0_RxReady	0	static
mios32_usb.c:1137:13:USBH_HID_USR_UnrecoveredError	0	static
mios32_usb.c:1313:13:USBH_HID_USR_DeviceNotSupported	0	static
mios32_usb.c:1299:13:USBH_HID_USR_EnumerationDone	0	static
mios32_usb.c:1233:13:USBH_HID_USR_Configuration_DescAvailable	8	static
mios32_usb.c:1221:13:USBH_HID_USR_DeviceAddressAssigned	0	static
mios32_usb.c:1173:13:USBH_HID_USR_DeviceSpeedDetected	0	static
mios32_usb.c:1352:13:USBH_HID_USR_OverCurrentDetected	0	static
mios32_usb.c:1160:13:USBH_HID_USR_ResetDevice	0	static
mios32_usb.c:1127:13:USBH_HID_USR_DeviceAttached	0	static
mios32_usb.c:1287:13:USBH_HID_USR_SerialNum_String	0	static
mios32_usb.c:1275:13:USBH_HID_USR_Product_String	0	static
mios32_usb.c:1263:13:USBH_HID_USR_Manufacturer_String	0	static
mios32_usb.c:1200:13:USBH_HID_USR_Device_DescAvailable	64	static
mios32_usb.c:1148:13:USBH_HID_USR_DeviceDisconnected	8	static
mios32_usb.c:1442:13:USBH_USR_DeviceDisconnected	0	static
mios32_usb.c:1025:13:USBD_USR_DeviceDisconnected	0	static
mios32_usb.c:1000:13:USBD_USR_DeviceConfigured	0	static
mios32_usb.c:913:19:USBD_USR_SerialStrDescriptor	56	static
mios32_usb.c:867:19:USBD_USR_ProductStrDescriptor	32	static
mios32_usb.c:947:19:USBD_USR_InterfaceStrDescriptor	0	static
mios32_usb.c:934:19:USBD_USR_ConfigStrDescriptor	0	static
mios32_usb.c:2025:17:MIOS32_USB_CLASS_GetUsrStrDesc	0	static
mios32_usb.c:899:19:USBD_USR_ManufacturerStrDescriptor	24	static
mios32_usb.c:1995:17:MIOS32_USB_CLASS_DataOut	8	static
mios32_usb.c:1978:17:MIOS32_USB_CLASS_DataIn	8	static
mios32_usb.c:1931:17:MIOS32_USB_CLASS_DeInit	8	static
mios32_usb.c:1906:17:MIOS32_USB_CLASS_Init	8	static
mios32_usb.c:2158:20:USBH_ClassRequest	8	static
mios32_usb.c:2195:20:USBH_Handle	8	static
mios32_usb.c:2120:13:USBH_InterfaceDeInit	8	static
mios32_usb.c:2065:20:USBH_InterfaceInit	32	static
mios32_usb.c:1103:13:USBH_HID_USR_Init	8	static
mios32_usb.c:1660:6:USB_OTG_BSP_Init	32	static
mios32_usb.c:1725:6:USB_OTG_BSP_EnableInterrupt	0	static
mios32_usb.c:1741:6:OTG_FS_IRQHandler	8	static
mios32_usb.c:1761:6:OTG_HS_IRQHandler	0	static
mios32_usb.c:1774:6:USB_OTG_BSP_uDelay	0	static
mios32_usb.c:1786:6:USB_OTG_BSP_mDelay	0	static
mios32_usb.c:1798:7:USB_OTG_BSP_ConfigVBUS	16	static
mios32_usb.c:1848:6:USB_OTG_BSP_DriveVBUS	0	static
mios32_usb.c:2366:5:MIOS32_USB_IsInitialized	0	static
mios32_usb.c:2378:5:MIOS32_USB_ForceSingleUSB	0	static
mios32_usb.c:2012:18:MIOS32_USB_CLASS_GetCfgDesc	8	static
mios32_usb.c:2392:5:MIOS32_USB_ForceDeviceMode	0	static
mios32_usb.c:2250:5:MIOS32_USB_Init	24	static
mios32_usb.c:2409:5:MIOS32_USB_HOST_Process	8	static
