mios32_board.c:271:12:MIOS32_BOARD_PinInitHlp	24	static
mios32_board.c:255:5:MIOS32_BOARD_Init	0	static
mios32_board.c:326:5:MIOS32_BOARD_LED_Init	8	static
mios32_board.c:393:5:MIOS32_BOARD_LED_Set	0	static
mios32_board.c:446:5:MIOS32_BOARD_LED_Get	0	static
mios32_board.c:497:5:MIOS32_BOARD_J5_PinInit	8	static
mios32_board.c:528:5:MIOS32_BOARD_J5_Set	16	static
mios32_board.c:552:5:MIOS32_BOARD_J5_PinSet	0	static
mios32_board.c:574:5:MIOS32_BOARD_J5_Get	0	static
mios32_board.c:598:5:MIOS32_BOARD_J5_PinGet	0	static
mios32_board.c:630:5:MIOS32_BOARD_J10_PinInit	8	static
mios32_board.c:662:5:MIOS32_BOARD_J10_Set	16	static
mios32_board.c:691:5:MIOS32_BOARD_J10_PinSet	0	static
mios32_board.c:713:5:MIOS32_BOARD_J10_Get	8	static
mios32_board.c:742:5:MIOS32_BOARD_J10_PinGet	0	static
mios32_board.c:762:5:MIOS32_BOARD_J10A_Get	0	static
mios32_board.c:784:5:MIOS32_BOARD_J10A_Set	16	static
mios32_board.c:812:5:MIOS32_BOARD_J10B_Get	0	static
mios32_board.c:837:5:MIOS32_BOARD_J10B_Set	16	static
mios32_board.c:878:5:MIOS32_BOARD_J28_PinInit	0	static
mios32_board.c:894:5:MIOS32_BOARD_J28_Set	0	static
mios32_board.c:911:5:MIOS32_BOARD_J28_PinSet	0	static
mios32_board.c:926:5:MIOS32_BOARD_J28_Get	0	static
mios32_board.c:943:5:MIOS32_BOARD_J28_PinGet	0	static
mios32_board.c:963:5:MIOS32_BOARD_J15_PortInit	32	static
mios32_board.c:1055:5:MIOS32_BOARD_J15_DataSet	0	static
mios32_board.c:1096:5:MIOS32_BOARD_J15_SerDataShift	16	static
mios32_board.c:1140:5:MIOS32_BOARD_J15_RS_Set	0	static
mios32_board.c:1157:5:MIOS32_BOARD_J15_RW_Set	0	static
mios32_board.c:1175:5:MIOS32_BOARD_J15_E_Set	0	static
mios32_board.c:1214:5:MIOS32_BOARD_J15_GetD7In	0	static
mios32_board.c:1228:5:MIOS32_BOARD_J15_D7InPullUpEnable	0	static
mios32_board.c:1249:5:MIOS32_BOARD_J15_PollUnbusy	24	static
mios32_board.c:1317:5:MIOS32_BOARD_DAC_PinInit	40	static
mios32_board.c:1383:5:MIOS32_BOARD_DAC_PinSet	8	static
