mios32_lcd.c:111:5:MIOS32_LCD_ParametersSet	16	static
mios32_lcd.c:126:5:MIOS32_LCD_ParametersFetchFromBslInfoRange	0	static
mios32_lcd.c:166:26:MIOS32_LCD_ParametersGet	0	static
mios32_lcd.c:178:5:MIOS32_LCD_TypeIsGLCD	0	static
mios32_lcd.c:188:13:MIOS32_LCD_LcdTypeName	0	static
mios32_lcd.c:213:5:MIOS32_LCD_DeviceSet	0	static
mios32_lcd.c:225:4:MIOS32_LCD_DeviceGet	0	static
mios32_lcd.c:237:5:MIOS32_LCD_CursorSet	8	static
mios32_lcd.c:266:5:MIOS32_LCD_GCursorSet	0	static
mios32_lcd.c:299:5:MIOS32_LCD_CursorMapSet	0	static
mios32_lcd.c:369:5:MIOS32_LCD_SpecialCharsInit	16	static
mios32_lcd.c:387:5:MIOS32_LCD_FontInit	0	static
mios32_lcd.c:404:5:MIOS32_LCD_Data	0	static
mios32_lcd.c:416:5:MIOS32_LCD_Cmd	0	static
mios32_lcd.c:427:5:MIOS32_LCD_Clear	0	static
mios32_lcd.c:58:5:MIOS32_LCD_Init	16	static
mios32_lcd.c:439:5:MIOS32_LCD_PrintChar	32	static
mios32_lcd.c:315:5:MIOS32_LCD_PrintString	16	static
mios32_lcd.c:350:5:MIOS32_LCD_PrintBootMessage	16	static
mios32_lcd.c:331:5:MIOS32_LCD_PrintFormattedString	80	static
mios32_lcd.c:469:5:MIOS32_LCD_SpecialCharInit	0	static
mios32_lcd.c:485:5:MIOS32_LCD_BColourSet	0	static
mios32_lcd.c:501:5:MIOS32_LCD_FColourSet	0	static
mios32_lcd.c:532:21:MIOS32_LCD_BitmapInit	8	static
mios32_lcd.c:560:5:MIOS32_LCD_BitmapPixelSet	24	static
mios32_lcd.c:580:5:MIOS32_LCD_BitmapPrint	16	static
