mios32_midi.c:189:5:MIOS32_MIDI_Init	16	static
mios32_midi.c:262:5:MIOS32_MIDI_CheckAvailable	0	static
mios32_midi.c:323:5:MIOS32_MIDI_RS_OptimisationSet	0	static
mios32_midi.c:371:5:MIOS32_MIDI_RS_OptimisationGet	0	static
mios32_midi.c:418:5:MIOS32_MIDI_RS_Reset	0	static
mios32_midi.c:475:5:MIOS32_MIDI_SendPackage_NonBlocking	16	static
mios32_midi.c:546:5:MIOS32_MIDI_SendPackage	16	static
mios32_midi.c:625:5:MIOS32_MIDI_SendEvent	16	static
mios32_midi.c:640:5:MIOS32_MIDI_SendNoteOff	0	static
mios32_midi.c:643:5:MIOS32_MIDI_SendNoteOn	0	static
mios32_midi.c:646:5:MIOS32_MIDI_SendPolyPressure	0	static
mios32_midi.c:649:5:MIOS32_MIDI_SendCC	0	static
mios32_midi.c:652:5:MIOS32_MIDI_SendProgramChange	0	static
mios32_midi.c:655:5:MIOS32_MIDI_SendAftertouch	0	static
mios32_midi.c:658:5:MIOS32_MIDI_SendPitchBend	0	static
mios32_midi.c:686:5:MIOS32_MIDI_SendSpecialEvent	8	static
mios32_midi.c:698:5:MIOS32_MIDI_SendMTC	16	static
mios32_midi.c:701:5:MIOS32_MIDI_SendSongPosition	16	static
mios32_midi.c:704:5:MIOS32_MIDI_SendSongSelect	16	static
mios32_midi.c:707:5:MIOS32_MIDI_SendTuneRequest	16	static
mios32_midi.c:710:5:MIOS32_MIDI_SendClock	16	static
mios32_midi.c:713:5:MIOS32_MIDI_SendTick	16	static
mios32_midi.c:716:5:MIOS32_MIDI_SendStart	16	static
mios32_midi.c:719:5:MIOS32_MIDI_SendContinue	16	static
mios32_midi.c:722:5:MIOS32_MIDI_SendStop	16	static
mios32_midi.c:725:5:MIOS32_MIDI_SendActiveSense	16	static
mios32_midi.c:728:5:MIOS32_MIDI_SendReset	16	static
mios32_midi.c:742:5:MIOS32_MIDI_SendSysEx	24	static
mios32_midi.c:2050:12:MIOS32_MIDI_SYSEX_SendAckStr	144	static
mios32_midi.c:2024:12:MIOS32_MIDI_SYSEX_SendAck	40	static
mios32_midi.c:816:5:MIOS32_MIDI_SendDebugStringHeader	24	static
mios32_midi.c:862:5:MIOS32_MIDI_SendDebugStringBody	32	static
mios32_midi.c:915:5:MIOS32_MIDI_SendDebugStringFooter	8	static
mios32_midi.c:950:5:MIOS32_MIDI_SendDebugString	24	static
mios32_midi.c:994:5:MIOS32_MIDI_SendDebugMessage	152	static
mios32_midi.c:2168:12:MIOS32_MIDI_TimeOut	8	static
mios32_midi.c:1043:5:MIOS32_MIDI_SendDebugHexDump	120	static
mios32_midi.c:1456:5:MIOS32_MIDI_Periodic_mS	8	static
mios32_midi.c:1522:5:MIOS32_MIDI_DirectTxCallback_Init	0	static
mios32_midi.c:1554:5:MIOS32_MIDI_DirectRxCallback_Init	0	static
mios32_midi.c:1571:5:MIOS32_MIDI_SendByteToRxCallback	8	static
mios32_midi.c:1588:5:MIOS32_MIDI_SendPackageToRxCallback	32	static
mios32_midi.c:1611:5:MIOS32_MIDI_DefaultPortSet	0	static
mios32_midi.c:1625:20:MIOS32_MIDI_DefaultPortGet	0	static
mios32_midi.c:1639:5:MIOS32_MIDI_DebugPortSet	0	static
mios32_midi.c:1806:12:MIOS32_MIDI_SYSEX_Cmd	56	static
mios32_midi.c:1734:12:MIOS32_MIDI_SYSEX_Parser	8	static
mios32_midi.c:1116:5:MIOS32_MIDI_ReceivePackage	40	static
mios32_midi.c:1282:5:MIOS32_MIDI_Receive_Handler	80	static
mios32_midi.c:1653:20:MIOS32_MIDI_DebugPortGet	0	static
mios32_midi.c:1668:5:MIOS32_MIDI_DeviceIDSet	0	static
mios32_midi.c:1682:4:MIOS32_MIDI_DeviceIDGet	0	static
mios32_midi.c:1724:5:MIOS32_MIDI_SysExCallback_Init	0	static
mios32_midi.c:2098:5:MIOS32_MIDI_DebugCommandCallback_Init	0	static
mios32_midi.c:2119:5:MIOS32_MIDI_FilebrowserCommandCallback_Init	0	static
mios32_midi.c:2157:5:MIOS32_MIDI_TimeOutCallback_Init	0	static
