mios32_enc28j60.c:300:5:MIOS32_ENC28J60_PowerOff	0	static
mios32_enc28j60.c:408:5:MIOS32_ENC28J60_RevIDGet	0	static
mios32_enc28j60.c:499:5:MIOS32_ENC28J60_MAC_AddrGet	0	static
mios32_enc28j60.c:770:5:MIOS32_ENC28J60_ReadETHReg	8	static
mios32_enc28j60.c:800:5:MIOS32_ENC28J60_ReadMACReg	8	static
mios32_enc28j60.c:897:5:MIOS32_ENC28J60_WriteReg	16	static
mios32_enc28j60.c:921:5:MIOS32_ENC28J60_BFCReg	16	static
mios32_enc28j60.c:946:5:MIOS32_ENC28J60_BFSReg	16	static
mios32_enc28j60.c:999:5:MIOS32_ENC28J60_BankSel	16	static
mios32_enc28j60.c:968:5:MIOS32_ENC28J60_WritePHYReg	16	static
mios32_enc28j60.c:830:5:MIOS32_ENC28J60_ReadPHYReg	16	static
mios32_enc28j60.c:386:5:MIOS32_ENC28J60_LinkAvailable	8	static
mios32_enc28j60.c:727:5:MIOS32_ENC28J60_MACDiscardRx	16	static
mios32_enc28j60.c:428:5:MIOS32_ENC28J60_MAC_AddrSet	48	static
mios32_enc28j60.c:1016:5:MIOS32_ENC28J60_SendSystemReset	8	static
mios32_enc28j60.c:1055:5:MIOS32_ENC28J60_MACGet	8	static
mios32_enc28j60.c:1078:5:MIOS32_ENC28J60_MACGetArray	32	static
mios32_enc28j60.c:1099:5:MIOS32_ENC28J60_MACPut	16	static
mios32_enc28j60.c:151:5:MIOS32_ENC28J60_PowerOn	16	static
mios32_enc28j60.c:612:5:MIOS32_ENC28J60_PackageReceive	48	static
mios32_enc28j60.c:343:5:MIOS32_ENC28J60_CheckAvailable	8	static
mios32_enc28j60.c:117:5:MIOS32_ENC28J60_Init	8	static
mios32_enc28j60.c:1120:5:MIOS32_ENC28J60_MACPutArray	32	static
mios32_enc28j60.c:517:5:MIOS32_ENC28J60_PackageSend	32	static
