usb_core.c:95:13:USB_OTG_EnableCommonInt	0	static
usb_core.c:123:20:USB_OTG_CoreReset	24	static
usb_core.c:168:13:USB_OTG_WritePacket	12	static
usb_core.c:197:7:USB_OTG_ReadPacket	8	static
usb_core.c:221:13:USB_OTG_SelectCore	20	static
usb_core.c:323:13:USB_OTG_CoreInit	16	static
usb_core.c:441:13:USB_OTG_EnableGlobalInt	0	static
usb_core.c:459:13:USB_OTG_DisableGlobalInt	0	static
usb_core.c:476:13:USB_OTG_FlushTxFifo	16	static
usb_core.c:506:13:USB_OTG_FlushRxFifo	16	static
usb_core.c:536:13:USB_OTG_SetCurrentMode	8	static
usb_core.c:566:10:USB_OTG_GetMode	0	static
usb_core.c:577:9:USB_OTG_IsDeviceMode	0	static
usb_core.c:588:9:USB_OTG_IsHostMode	0	static
usb_core.c:599:10:USB_OTG_ReadCoreItr	0	static
usb_core.c:613:10:USB_OTG_ReadOtgItr	0	static
usb_core.c:733:9:USB_OTG_IsEvenFrame	0	static
usb_core.c:773:13:USB_OTG_EnableHostInt	16	static
usb_core.c:807:6:USB_OTG_InitFSLSPClkSel	0	static
usb_core.c:823:10:USB_OTG_ReadHPRT0	0	static
usb_core.c:744:6:USB_OTG_DriveVbus	16	static
usb_core.c:841:10:USB_OTG_ReadHostAllChannels_intr	0	static
usb_core.c:854:10:USB_OTG_ResetPort	16	static
usb_core.c:624:13:USB_OTG_CoreInitHost	16	static
usb_core.c:875:13:USB_OTG_HC_Init	20	static
usb_core.c:985:13:USB_OTG_HC_StartXfer	40	static
usb_core.c:1102:13:USB_OTG_HC_Halt	24	static
usb_core.c:1141:13:USB_OTG_HC_DoPing	8	static
usb_core.c:1164:6:USB_OTG_StopHost	8	static
usb_core.c:1196:6:USB_OTG_InitDevSpeed	0	static
usb_core.c:1391:13:USB_OTG_EnableDevInt	16	static
usb_core.c:1212:13:USB_OTG_CoreInitDev	16	static
usb_core.c:1435:20:USB_OTG_GetDeviceSpeed	0	static
usb_core.c:1466:14:USB_OTG_EP0Activate	8	static
usb_core.c:1501:13:USB_OTG_EPActivate	12	static
usb_core.c:1552:13:USB_OTG_EPDeactivate	12	static
usb_core.c:1594:13:USB_OTG_EPStartXfer	16	static
usb_core.c:1726:13:USB_OTG_EP0StartXfer	24	static
usb_core.c:1827:13:USB_OTG_EPSetStall	0	static
usb_core.c:1863:13:USB_OTG_EPClearStall	0	static
usb_core.c:1896:10:USB_OTG_ReadDevAllOutEp_itr	0	static
usb_core.c:1911:10:USB_OTG_ReadDevOutEP_itr	0	static
usb_core.c:1925:10:USB_OTG_ReadDevAllInEPItr	0	static
usb_core.c:1938:6:USB_OTG_EP0_OutStart	8	static
usb_core.c:1967:6:USB_OTG_ActiveRemoteWakeup	8	static
usb_core.c:2003:6:USB_OTG_UngateClock	0	static
usb_core.c:2030:6:USB_OTG_StopDevice	8	static
usb_core.c:2059:10:USB_OTG_GetEPStatus	0	static
usb_core.c:2102:6:USB_OTG_SetEPStatus	12	static
