app.c:224:5:APP_SYSEX_Parser	16	static
app.c:823:12:NOTIFY_MIDI_TimeOut	8	static
app.c:814:12:NOTIFY_MIDI_Tx	0	static
app.c:801:12:NOTIFY_MIDI_Rx	8	static
app.c:97:6:APP_Init	8	static
app.c:175:6:APP_Background	0	static
app.c:190:6:APP_MIDI_NotifyPackage	16	static
app.c:243:6:APP_SRIO_ServicePrepare	16	static
app.c:346:6:APP_SRIO_ServiceFinish	8	static
app.c:468:6:APP_AIN_NotifyChange	0	static
app.c:475:6:SEQ_TASK_Period1mS	8	static
app.c:514:6:SEQ_TASK_Period1mS_LowPrio	8	static
app.c:779:6:SEQ_TASK_MIDI	8	static
app.c:843:6:APP_SendDebugMessage	152	static
app.c:550:6:SEQ_TASK_Period1S	104	static
app.c:450:6:APP_ENC_NotifyChange	16	static
app.c:419:6:APP_SEQ_BLM8X8_NotifyToggle	24	static
app.c:388:6:APP_BLM_NotifyToggle	24	static
app.c:368:6:APP_DIN_NotifyToggle	24	static
