app.c:228:5:APP_SYSEX_Parser	16	static
app.c:840:12:NOTIFY_MIDI_TimeOut	8	static
app.c:831:12:NOTIFY_MIDI_Tx	0	static
app.c:818:12:NOTIFY_MIDI_Rx	8	static
app.c:98:6:APP_Init	8	static
app.c:179:6:APP_Background	0	static
app.c:194:6:APP_MIDI_NotifyPackage	16	static
app.c:247:6:APP_SRIO_ServicePrepare	16	static
app.c:350:6:APP_SRIO_ServiceFinish	8	static
app.c:472:6:APP_AIN_NotifyChange	0	static
app.c:492:6:SEQ_TASK_Period1mS	8	static
app.c:531:6:SEQ_TASK_Period1mS_LowPrio	8	static
app.c:796:6:SEQ_TASK_MIDI	8	static
app.c:860:6:APP_SendDebugMessage	152	static
app.c:567:6:SEQ_TASK_Period1S	104	static
app.c:454:6:APP_ENC_NotifyChange	16	static
app.c:423:6:APP_SEQ_BLM8X8_NotifyToggle	24	static
app.c:392:6:APP_BLM_NotifyToggle	24	static
app.c:372:6:APP_DIN_NotifyToggle	24	static
app.c:479:6:APP_KBD_NotifyChange	32	static
