seq_mixer.c:71:7:SEQ_MIXER_MapNameGet	0	static
seq_mixer.c:80:5:SEQ_MIXER_NumGet	0	static
seq_mixer.c:85:5:SEQ_MIXER_NumSet	0	static
seq_mixer.c:99:5:SEQ_MIXER_Set	0	static
seq_mixer.c:115:5:SEQ_MIXER_Get	0	static
seq_mixer.c:129:5:SEQ_MIXER_Send	24	static
seq_mixer.c:170:5:SEQ_MIXER_SendAllByChannel	16	static
seq_mixer.c:202:5:SEQ_MIXER_SendAll	8	static
seq_mixer.c:219:5:SEQ_MIXER_Clear	0	static
seq_mixer.c:53:5:SEQ_MIXER_Init	8	static
seq_mixer.c:247:5:SEQ_MIXER_Load	16	static
seq_mixer.c:269:5:SEQ_MIXER_Save	16	static
