seq_song.c:271:12:SEQ_SONG_FetchHlp_PatternChange	16	static
seq_song.c:99:7:SEQ_SONG_NameGet	0	static
seq_song.c:108:5:SEQ_SONG_NumGet	0	static
seq_song.c:113:5:SEQ_SONG_NumSet	0	static
seq_song.c:129:5:SEQ_SONG_ActiveGet	0	static
seq_song.c:134:5:SEQ_SONG_ActiveSet	0	static
seq_song.c:145:5:SEQ_SONG_GuideTrackGet	0	static
seq_song.c:150:5:SEQ_SONG_GuideTrackSet	0	static
seq_song.c:167:17:SEQ_SONG_StepEntryGet	0	static
seq_song.c:172:5:SEQ_SONG_StepEntrySet	0	static
seq_song.c:185:5:SEQ_SONG_StepEntryClear	12	static
seq_song.c:212:5:SEQ_SONG_PosGet	0	static
seq_song.c:228:5:SEQ_SONG_LoopCtrGet	0	static
seq_song.c:233:5:SEQ_SONG_LoopCtrMaxGet	0	static
seq_song.c:559:5:SEQ_SONG_Load	16	static
seq_song.c:584:5:SEQ_SONG_Save	16	static
seq_song.c:298:5:SEQ_SONG_FetchPos	24	static
seq_song.c:460:5:SEQ_SONG_PrevPos	8	static
seq_song.c:534:5:SEQ_SONG_Rew	16	static
seq_song.c:431:5:SEQ_SONG_NextPos	8	static
seq_song.c:498:5:SEQ_SONG_Fwd	16	static
seq_song.c:242:5:SEQ_SONG_Reset	24	static
seq_song.c:66:5:SEQ_SONG_Init	8	static
seq_song.c:217:5:SEQ_SONG_PosSet	0	static
