seq_cv.c:130:5:SEQ_CV_IfSet	416	static
seq_cv.c:145:11:SEQ_CV_IfGet	216	static
seq_cv.c:154:13:SEQ_CV_IfNameGet	0	static
seq_cv.c:163:5:SEQ_CV_CurveSet	416	static
seq_cv.c:188:4:SEQ_CV_CurveGet	216	static
seq_cv.c:213:13:SEQ_CV_CurveNameGet	8	static
seq_cv.c:227:5:SEQ_CV_CaliModeSet	8	static
seq_cv.c:250:18:SEQ_CV_CaliModeGet	0	static
seq_cv.c:256:5:SEQ_CV_CaliNameGet	16	static
seq_cv.c:291:5:SEQ_CV_SlewRateSet	0	static
seq_cv.c:296:5:SEQ_CV_SlewRateGet	0	static
seq_cv.c:305:5:SEQ_CV_GateInversionSet	8	static
seq_cv.c:318:4:SEQ_CV_GateInversionGet	0	static
seq_cv.c:327:5:SEQ_CV_GateInversionAllSet	0	static
seq_cv.c:333:4:SEQ_CV_GateInversionAllGet	0	static
seq_cv.c:343:5:SEQ_CV_SusKeySet	8	static
seq_cv.c:356:4:SEQ_CV_SusKeyGet	0	static
seq_cv.c:365:5:SEQ_CV_SusKeyAllSet	0	static
seq_cv.c:371:4:SEQ_CV_SusKeyAllGet	0	static
seq_cv.c:381:5:SEQ_CV_PitchRangeSet	8	static
seq_cv.c:390:4:SEQ_CV_PitchRangeGet	8	static
seq_cv.c:399:6:SEQ_CV_CaliPointsPtrGet	0	static
seq_cv.c:407:5:SEQ_CV_ClkPulseWidthSet	0	static
seq_cv.c:416:4:SEQ_CV_ClkPulseWidthGet	0	static
seq_cv.c:425:5:SEQ_CV_ClkDividerSet	0	static
seq_cv.c:434:5:SEQ_CV_ClkDividerGet	0	static
seq_cv.c:443:5:SEQ_CV_Clk_Trigger	0	static
seq_cv.c:456:5:SEQ_CV_Update	16	static
seq_cv.c:587:5:SEQ_CV_SendPackage	40	static
seq_cv.c:728:5:SEQ_CV_ResetAllChannels	16	static
seq_cv.c:63:5:SEQ_CV_Init	8	static
