seq_trg.c:99:5:SEQ_TRG_TrackInit	8	static
seq_trg.c:59:5:SEQ_TRG_Init	8	static
seq_trg.c:118:5:SEQ_TRG_NumInstrumentsGet	0	static
seq_trg.c:127:5:SEQ_TRG_NumLayersGet	0	static
seq_trg.c:136:5:SEQ_TRG_NumStepsGet	0	static
seq_trg.c:145:5:SEQ_TRG_AssignmentGet	8	static
seq_trg.c:154:5:SEQ_TRG_Get	12	static
seq_trg.c:171:5:SEQ_TRG_Get8	8	static
seq_trg.c:187:5:SEQ_TRG_Get16	8	static
seq_trg.c:206:5:SEQ_TRG_GateGet	8	static
seq_trg.c:213:5:SEQ_TRG_AccentGet	8	static
seq_trg.c:219:5:SEQ_TRG_RollGet	8	static
seq_trg.c:225:5:SEQ_TRG_GlideGet	8	static
seq_trg.c:231:5:SEQ_TRG_SkipGet	8	static
seq_trg.c:237:5:SEQ_TRG_RandomGateGet	8	static
seq_trg.c:243:5:SEQ_TRG_RandomValueGet	8	static
seq_trg.c:249:5:SEQ_TRG_NoFxGet	8	static
seq_trg.c:255:5:SEQ_TRG_RollGateGet	8	static
seq_trg.c:266:5:SEQ_TRG_Set	20	static
seq_trg.c:295:5:SEQ_TRG_Set8	12	static
seq_trg.c:320:5:SEQ_TRG_GateSet	24	static
seq_trg.c:326:5:SEQ_TRG_AccentSet	24	static
seq_trg.c:332:5:SEQ_TRG_RollSet	24	static
seq_trg.c:338:5:SEQ_TRG_GlideSet	24	static
seq_trg.c:344:5:SEQ_TRG_SkipSet	24	static
seq_trg.c:350:5:SEQ_TRG_RandomGateSet	24	static
seq_trg.c:356:5:SEQ_TRG_RandomValueSet	24	static
seq_trg.c:362:5:SEQ_TRG_NoFxSet	24	static
seq_trg.c:368:5:SEQ_TRG_RollGateSet	24	static
seq_trg.c:379:7:SEQ_TRG_TypeStr	0	static
seq_trg.c:390:7:SEQ_TRG_AssignedTypeStr	28	static
