seq_ui.c:4344:12:SEQ_UI_KeyPad_IncCursor	0	static
seq_ui.c:632:12:SEQ_UI_Button_Pause	8	static
seq_ui.c:552:12:SEQ_UI_Button_Left	16	static
seq_ui.c:563:12:SEQ_UI_Button_Right	16	static
seq_ui.c:574:12:SEQ_UI_Button_Down	16	static
seq_ui.c:587:12:SEQ_UI_Button_Up	16	static
seq_ui.c:1288:12:SEQ_UI_Button_Menu	0	static
seq_ui.c:1576:12:SEQ_UI_Button_All	8	static
seq_ui.c:259:5:12	24	static
seq_ui.c:303:5:SEQ_UI_InstallButtonCallback	0	static
seq_ui.c:309:5:SEQ_UI_InstallEncoderCallback	0	static
seq_ui.c:315:5:SEQ_UI_InstallLEDCallback	0	static
seq_ui.c:321:5:SEQ_UI_InstallLCDCallback	0	static
seq_ui.c:327:5:SEQ_UI_InstallExitCallback	0	static
seq_ui.c:333:5:SEQ_UI_InstallDelayedActionCallback	16	static
seq_ui.c:345:5:SEQ_UI_UnInstallDelayedActionCallback	8	static
seq_ui.c:357:5:SEQ_UI_InstallMIDIINCallback	0	static
seq_ui.c:363:5:SEQ_UI_NotifyMIDIINCallback	8	static
seq_ui.c:375:5:SEQ_UI_PageSet	16	static
seq_ui.c:1983:12:SEQ_UI_Button_TrgLayerSel	8	static
seq_ui.c:530:12:SEQ_UI_Button_GP	8	static
seq_ui.c:1592:12:SEQ_UI_Button_StepView	8	static
seq_ui.c:1670:12:SEQ_UI_Button_TrackSel	8	static
seq_ui.c:806:12:SEQ_UI_Button_TempoPreset	8	static
seq_ui.c:1307:12:SEQ_UI_Button_Bookmark	8	static
seq_ui.c:1362:12:SEQ_UI_Button_Select	16	static
seq_ui.c:600:5:SEQ_UI_Button_Stop	16	static
seq_ui.c:664:5:SEQ_UI_Button_Play	24	static
seq_ui.c:3024:5:SEQ_UI_LCD_Update	48	static
seq_ui.c:3788:5:SEQ_UI_MENU_Handler_Periodic	24	static
seq_ui.c:3945:4:SEQ_UI_VisibleTrackGet	0	static
seq_ui.c:3873:5:SEQ_UI_CheckSelections	16	static
seq_ui.c:2886:5:SEQ_UI_LCD_Handler	16	static
seq_ui.c:2572:5:SEQ_UI_BLM_Button_Handler	24	static
seq_ui.c:3359:5:SEQ_UI_LED_Handler_Periodic	48	static
seq_ui.c:3131:5:SEQ_UI_LED_Handler	32	static
seq_ui.c:259:5:SEQ_UI_InitEncSpeed	8	static
seq_ui.c:1696:12:SEQ_UI_Button_Group	8	static
seq_ui.c:1726:12:SEQ_UI_Button_Track	16	static
seq_ui.c:1406:12:SEQ_UI_Button_Edit	8	static
seq_ui.c:1865:12:SEQ_UI_Button_ParLayerSel	8	static
seq_ui.c:1544:12:SEQ_UI_Button_Fast	8	static
seq_ui.c:3966:5:SEQ_UI_IsSelectedTrack	0	static
seq_ui.c:3975:5:SEQ_UI_SelectedStepSet	8	static
seq_ui.c:3988:5:SEQ_UI_GxTyInc	8	static
seq_ui.c:4015:5:SEQ_UI_Var16_Inc	12	static
seq_ui.c:4044:5:SEQ_UI_Var8_Inc	24	static
seq_ui.c:4059:5:SEQ_UI_CC_SendParameter	32	static
seq_ui.c:4085:5:SEQ_UI_CC_Set	16	static
seq_ui.c:4108:5:SEQ_UI_CC_Inc	24	static
seq_ui.c:4132:5:SEQ_UI_CC_SetFlags	24	static
seq_ui.c:4158:5:SEQ_UI_Msg	16	static
seq_ui.c:1900:12:SEQ_UI_Button_ParLayer	48	static
seq_ui.c:2015:12:SEQ_UI_Button_TrgLayer	56	static
seq_ui.c:1523:12:SEQ_UI_Button_Solo	8	static
seq_ui.c:840:12:SEQ_UI_Button_ExtRestart	8	static
seq_ui.c:854:12:SEQ_UI_Button_Metronome	16	static
seq_ui.c:708:12:SEQ_UI_Button_Rew	40	static
seq_ui.c:726:12:SEQ_UI_Button_Fwd	40	static
seq_ui.c:765:12:SEQ_UI_Button_Follow	16	static
seq_ui.c:1378:12:SEQ_UI_Button_Exit	16	static
seq_ui.c:2745:5:SEQ_UI_REMOTE_MIDI_Keyboard	24	static
seq_ui.c:744:12:SEQ_UI_Button_Loop	16	static
seq_ui.c:885:5:SEQ_UI_Button_Record	16	static
seq_ui.c:515:6:SEQ_UI_Msg_LivePattern	32	static
seq_ui.c:508:6:SEQ_UI_Msg_SongPos	32	static
seq_ui.c:497:6:SEQ_UI_Msg_Patterns	120	static
seq_ui.c:490:6:SEQ_UI_Msg_MixerMap	32	static
seq_ui.c:477:6:SEQ_UI_Msg_Layer	48	static
seq_ui.c:469:6:SEQ_UI_Msg_Step	64	static
seq_ui.c:450:6:SEQ_UI_Msg_InsLayer	72	static
seq_ui.c:441:6:SEQ_UI_Msg_TrgLayer	64	static
seq_ui.c:433:6:SEQ_UI_Msg_ParLayer	64	static
seq_ui.c:425:6:SEQ_UI_Msg_Track	48	static
seq_ui.c:4171:5:SEQ_UI_MsgStop	0	static
seq_ui.c:2615:5:SEQ_UI_Encoder_Handler	24	static
seq_ui.c:4183:5:SEQ_UI_SDCardErrMsg	40	static
seq_ui.c:2341:5:SEQ_UI_Button_Handler	88	static
seq_ui.c:2699:5:SEQ_UI_REMOTE_MIDI_Receive	16	static
seq_ui.c:4200:5:SEQ_UI_MIDILearnMessage	40	static
seq_ui.c:4244:5:SEQ_UI_SelectListItem	16	static
seq_ui.c:4334:5:SEQ_UI_KeyPad_Init	0	static
seq_ui.c:4358:5:SEQ_UI_KeyPad_Handler	32	static
seq_ui.c:4466:5:SEQ_UI_KeyPad_LCD_Msg	16	static
seq_ui.c:4496:5:SEQ_UI_Bookmark_Store	8	static
seq_ui.c:181:5:SEQ_UI_Init	40	static
seq_ui.c:4529:5:SEQ_UI_Bookmark_Restore	16	static
