seq_core.c:1679:12:SEQ_CORE_NextStep	24	static
seq_core.c:1577:12:SEQ_CORE_ResetTrkPos	16	static
seq_core.c:276:5:SEQ_CORE_ScheduleEvent	64	static
seq_core.c:581:5:SEQ_CORE_PlayOffEvents	8	static
seq_core.c:605:5:SEQ_CORE_Reset	32	static
seq_core.c:1624:5:SEQ_CORE_ResetTrkPosAll	8	static
seq_core.c:1639:12:SEQ_CORE_SetTrkPos	32	static
seq_core.c:1939:5:SEQ_CORE_FTS_GetScaleAndRoot	40	static
seq_core.c:2038:13:SEQ_CORE_Echo_GetDelayModeName	0	static
seq_core.c:2077:4:SEQ_CORE_Echo_MapUserToInternal	0	static
seq_core.c:2085:4:SEQ_CORE_Echo_MapInternalToUser	0	static
seq_core.c:2199:5:SEQ_CORE_ManualTrigger	16	static
seq_core.c:2225:5:SEQ_CORE_ManualSynchToMeasure	8	static
seq_core.c:2243:5:SEQ_CORE_StepTriggerReq	8	static
seq_core.c:2263:5:SEQ_CORE_NotifyIncomingMIDIEvent	32	static
seq_core.c:2369:5:SEQ_CORE_AddForwardDelay	16	static
seq_core.c:2385:5:SEQ_CORE_BPM_Update	24	static
seq_core.c:137:5:SEQ_CORE_Init	8	static
seq_core.c:2403:5:SEQ_CORE_BPM_SweepHandler	16	static
seq_core.c:2435:5:SEQ_CORE_Scrub	16	static
seq_core.c:2478:5:SEQ_CORE_CancelSustainedNotes	24	static
seq_core.c:2519:4:SEQ_CORE_TrimNote	8	static
seq_core.c:2099:5:SEQ_CORE_Echo	96	static
seq_core.c:1971:5:SEQ_CORE_Limit	8	static
seq_core.c:1827:5:SEQ_CORE_Transpose	32	static
seq_core.c:688:5:SEQ_CORE_Tick	872	static
seq_core.c:408:5:SEQ_CORE_Handler	32	static
