seq_file.c:96:5:SEQ_FILE_Init	16	static
seq_file.c:129:5:SEQ_FILE_LoadAllFiles	16	static
seq_file.c:172:5:SEQ_FILE_UnloadAllFiles	16	static
seq_file.c:223:5:SEQ_FILE_StoreSessionName	40	static
seq_file.c:196:5:SEQ_FILE_SaveAllFiles	8	static
seq_file.c:250:5:SEQ_FILE_LoadSessionName	96	static
seq_file.c:279:5:SEQ_FILE_FormattingRequired	8	static
seq_file.c:300:5:SEQ_FILE_Format	152	static
seq_file.c:499:5:SEQ_FILE_CreateBackup	216	static
seq_file.c:590:5:SEQ_FILE_IsValidSessionName	8	static
seq_file.c:617:5:SEQ_FILE_CreateSession	8	static
seq_file.c:653:5:SEQ_FILE_DeleteSession	136	static
