seq_lcd.c:154:5:SEQ_LCD_Init	8	static
seq_lcd.c:177:5:SEQ_LCD_Clear	0	static
seq_lcd.c:192:5:SEQ_LCD_PrintChar	8	static
seq_lcd.c:206:5:SEQ_LCD_BufferSet	12	static
seq_lcd.c:228:5:SEQ_LCD_CursorSet	0	static
seq_lcd.c:240:5:SEQ_LCD_Update	48	static
seq_lcd.c:303:5:SEQ_LCD_InitSpecialChars	16	static
seq_lcd.c:351:5:SEQ_LCD_ReInitSpecialChars	8	static
seq_lcd.c:365:5:SEQ_LCD_PrintString	8	static
seq_lcd.c:381:5:SEQ_LCD_PrintFormattedString	96	static
seq_lcd.c:395:5:SEQ_LCD_PrintSpaces	8	static
seq_lcd.c:409:5:SEQ_LCD_PrintStringPadded	16	static
seq_lcd.c:430:5:SEQ_LCD_PrintVBar	0	static
seq_lcd.c:440:5:SEQ_LCD_PrintHBar	96	static
seq_lcd.c:474:5:SEQ_LCD_PrintLongHBar	24	static
seq_lcd.c:496:5:SEQ_LCD_PrintNote	56	static
seq_lcd.c:527:5:SEQ_LCD_PrintArp	16	static
seq_lcd.c:556:5:SEQ_LCD_PrintGatelength	8	static
seq_lcd.c:572:5:SEQ_LCD_PrintProbability	0	static
seq_lcd.c:581:5:SEQ_LCD_PrintStepDelay	0	static
seq_lcd.c:590:5:SEQ_LCD_PrintRollMode	0	static
seq_lcd.c:605:5:SEQ_LCD_PrintRoll2Mode	0	static
seq_lcd.c:623:5:SEQ_LCD_PrintNthValue	24	static
seq_lcd.c:642:5:SEQ_LCD_PrintRootValue	80	static
seq_lcd.c:655:5:SEQ_LCD_PrintScaleValue	0	static
seq_lcd.c:668:5:SEQ_LCD_PrintEvent	8	static
seq_lcd.c:712:5:SEQ_LCD_PrintLayerValue	16	static
seq_lcd.c:824:5:SEQ_LCD_PrintLayerEvent	88	static
seq_lcd.c:997:5:SEQ_LCD_PrintGxTy	40	static
seq_lcd.c:1013:5:SEQ_LCD_PrintPattern	8	static
seq_lcd.c:1031:5:SEQ_LCD_PrintPatternLabel	8	static
seq_lcd.c:1059:5:SEQ_LCD_PrintPatternCategory	8	static
seq_lcd.c:1113:5:SEQ_LCD_PrintTrackCategory	8	static
seq_lcd.c:1137:5:SEQ_LCD_PrintTrackDrum	16	static
seq_lcd.c:1161:5:SEQ_LCD_PrintMIDIInPort	8	static
seq_lcd.c:1172:5:SEQ_LCD_PrintMIDIOutPort	8	static
seq_lcd.c:1083:5:SEQ_LCD_PrintTrackLabel	16	static
seq_lcd.c:1183:5:SEQ_LCD_PrintStepView	8	static
seq_lcd.c:1204:5:SEQ_LCD_PrintList	48	static
