seq_midply.c:669:12:SEQ_MIDPLY_PlayMeta	8	static
seq_midply.c:622:12:SEQ_MIDPLY_PlayEvent	40	static
seq_midply.c:593:12:SEQ_MIDPLY_seek	24	static
seq_midply.c:580:12:SEQ_MIDPLY_eof	8	static
seq_midply.c:559:12:SEQ_MIDPLY_read	24	static
seq_midply.c:109:5:SEQ_MIDPLY_Init	8	static
seq_midply.c:134:19:SEQ_MIDPLY_ModeGet	0	static
seq_midply.c:139:5:SEQ_MIDPLY_ModeSet	0	static
seq_midply.c:154:5:SEQ_MIDPLY_RunModeGet	0	static
seq_midply.c:203:5:SEQ_MIDPLY_LoopModeGet	0	static
seq_midply.c:208:5:SEQ_MIDPLY_LoopModeSet	0	static
seq_midply.c:219:20:SEQ_MIDPLY_PortGet	0	static
seq_midply.c:224:5:SEQ_MIDPLY_PortSet	0	static
seq_midply.c:235:5:SEQ_MIDPLY_SynchTickGet	0	static
seq_midply.c:311:7:SEQ_MIDPLY_PathGet	0	static
seq_midply.c:321:5:SEQ_MIDPLY_PlayOffEvents	32	static
seq_midply.c:369:5:SEQ_MIDPLY_Reset	8	static
seq_midply.c:244:5:SEQ_MIDPLY_ReadFile	24	static
seq_midply.c:159:5:SEQ_MIDPLY_RunModeSet	16	static
seq_midply.c:298:5:SEQ_MIDPLY_DisableFile	8	static
seq_midply.c:408:5:SEQ_MIDPLY_SongPos	16	static
seq_midply.c:470:5:SEQ_MIDPLY_Tick	24	static
