seq_midi_port.c:459:12:get_dec	16	static
seq_midi_port.c:194:5:SEQ_MIDI_PORT_Init	0	static
seq_midi_port.c:238:5:SEQ_MIDI_PORT_InNumGet	0	static
seq_midi_port.c:243:5:SEQ_MIDI_PORT_OutNumGet	0	static
seq_midi_port.c:248:5:SEQ_MIDI_PORT_ClkNumGet	0	static
seq_midi_port.c:258:7:SEQ_MIDI_PORT_InNameGet	0	static
seq_midi_port.c:266:7:SEQ_MIDI_PORT_OutNameGet	0	static
seq_midi_port.c:274:7:SEQ_MIDI_PORT_ClkNameGet	0	static
seq_midi_port.c:287:20:SEQ_MIDI_PORT_InPortGet	0	static
seq_midi_port.c:295:20:SEQ_MIDI_PORT_OutPortGet	0	static
seq_midi_port.c:303:20:SEQ_MIDI_PORT_ClkPortGet	0	static
seq_midi_port.c:315:4:SEQ_MIDI_PORT_InIxGet	0	static
seq_midi_port.c:341:4:SEQ_MIDI_PORT_OutIxGet	0	static
seq_midi_port.c:372:4:SEQ_MIDI_PORT_ClkIxGet	0	static
seq_midi_port.c:404:5:SEQ_MIDI_PORT_InCheckAvailable	0	static
seq_midi_port.c:420:5:SEQ_MIDI_PORT_OutCheckAvailable	8	static
seq_midi_port.c:438:5:SEQ_MIDI_PORT_ClkCheckAvailable	0	static
seq_midi_port.c:478:5:SEQ_MIDI_PORT_InPortFromNameGet	16	static
seq_midi_port.c:497:5:SEQ_MIDI_PORT_OutPortFromNameGet	16	static
seq_midi_port.c:516:5:SEQ_MIDI_PORT_ClkPortFromNameGet	16	static
seq_midi_port.c:541:7:SEQ_MIDI_PORT_InPortToName	16	static
seq_midi_port.c:554:7:SEQ_MIDI_PORT_OutPortToName	16	static
seq_midi_port.c:567:7:SEQ_MIDI_PORT_ClkPortToName	16	static
seq_midi_port.c:584:5:SEQ_MIDI_PORT_OutMuteGet	8	static
seq_midi_port.c:601:5:SEQ_MIDI_PORT_OutMuteSet	8	static
seq_midi_port.c:626:4:SEQ_MIDI_PORT_ClkDelayGet	8	static
seq_midi_port.c:632:4:SEQ_MIDI_PORT_ClkIxDelayGet	0	static
seq_midi_port.c:639:5:SEQ_MIDI_PORT_ClkDelaySet	8	static
seq_midi_port.c:646:5:SEQ_MIDI_PORT_ClkIxDelaySet	0	static
seq_midi_port.c:658:5:SEQ_MIDI_PORT_ClkDelayUpdate	8	static
seq_midi_port.c:686:5:SEQ_MIDI_PORT_ClkDelayUpdateAll	8	static
seq_midi_port.c:701:4:SEQ_MIDI_PORT_TickDelayMaxNegativeOffset	0	static
seq_midi_port.c:710:23:SEQ_MIDI_PORT_OutPackageGet	8	static
seq_midi_port.c:733:23:SEQ_MIDI_PORT_InPackageGet	8	static
seq_midi_port.c:756:5:SEQ_MIDI_PORT_MonFilterSet	0	static
seq_midi_port.c:762:28:SEQ_MIDI_PORT_MonFilterGet	0	static
seq_midi_port.c:772:5:SEQ_MIDI_PORT_Period1mS	0	static
seq_midi_port.c:804:5:SEQ_MIDI_PORT_FilterOscPacketsSet	0	static
seq_midi_port.c:810:5:SEQ_MIDI_PORT_FilterOscPacketsGet	0	static
seq_midi_port.c:821:5:SEQ_MIDI_PORT_NotifyMIDITx	24	static
seq_midi_port.c:890:5:SEQ_MIDI_PORT_NotifyMIDIRx	16	static
