seq_ui_util.c:585:12:COPY_Track	16	static
seq_ui_util.c:1240:12:MOVE_RestoreStep	32	static
seq_ui_util.c:858:12:CLEAR_Track	24	static
seq_ui_util.c:619:12:PASTE_Track	72	static
seq_ui_util.c:1223:12:MOVE_StoreStep	32	static
seq_ui_util.c:166:12:Encoder_Handler	72	static
seq_ui_util.c:138:12:LED_Handler	0	static
seq_ui_util.c:497:12:LCD_Handler	8	static
seq_ui_util.c:549:5:SEQ_UI_UTIL_Init	8	static
seq_ui_util.c:571:4:SEQ_UI_UTIL_CopyPasteBeginGet	0	static
seq_ui_util.c:576:4:SEQ_UI_UTIL_CopyPasteEndGet	0	static
seq_ui_util.c:807:5:SEQ_UI_UTIL_PasteDuplicateSteps	24	static
seq_ui_util.c:832:5:SEQ_UI_UTIL_ClearStep	40	static
seq_ui_util.c:953:5:SEQ_UI_UTIL_UndoUpdate	16	static
seq_ui_util.c:258:12:Button_Handler	16	static
seq_ui_util.c:988:5:SEQ_UI_UTIL_CopyLivePattern	24	static
seq_ui_util.c:1047:5:SEQ_UI_UTIL_PasteLivePattern	24	static
seq_ui_util.c:1111:5:SEQ_UI_UTIL_ClearLivePattern	8	static
seq_ui_util.c:1127:5:SEQ_UI_UTIL_CopyParLayer	8	static
seq_ui_util.c:1133:5:SEQ_UI_UTIL_PasteParLayer	8	static
seq_ui_util.c:1146:5:SEQ_UI_UTIL_ClearParLayer	8	static
seq_ui_util.c:1159:5:SEQ_UI_UTIL_CopyTrgLayer	8	static
seq_ui_util.c:1165:5:SEQ_UI_UTIL_PasteTrgLayer	8	static
seq_ui_util.c:1178:5:SEQ_UI_UTIL_ClearTrgLayer	8	static
seq_ui_util.c:1194:5:SEQ_UI_UTIL_CopyInsLayer	8	static
seq_ui_util.c:1200:5:SEQ_UI_UTIL_PasteInsLayer	8	static
seq_ui_util.c:1210:5:SEQ_UI_UTIL_ClearInsLayer	8	static
seq_ui_util.c:1353:5:SEQ_UI_UTIL_CopyButton	0	static
seq_ui_util.c:1358:5:SEQ_UI_UTIL_PasteButton	0	static
seq_ui_util.c:1363:5:SEQ_UI_UTIL_ClearButton	0	static
seq_ui_util.c:1368:5:SEQ_UI_UTIL_MoveButton	0	static
seq_ui_util.c:1373:5:SEQ_UI_UTIL_ScrollButton	0	static
seq_ui_util.c:1378:5:SEQ_UI_UTIL_UndoButton	0	static
