seq_par.c:166:5:SEQ_PAR_TrackInit	8	static
seq_par.c:138:5:SEQ_PAR_Init	8	static
seq_par.c:185:5:SEQ_PAR_NumInstrumentsGet	0	static
seq_par.c:194:5:SEQ_PAR_NumLayersGet	0	static
seq_par.c:203:5:SEQ_PAR_NumStepsGet	0	static
seq_par.c:212:22:SEQ_PAR_AssignmentGet	0	static
seq_par.c:227:5:SEQ_PAR_Set	12	static
seq_par.c:254:5:SEQ_PAR_Get	12	static
seq_par.c:273:5:SEQ_PAR_NoteGet	12	static
seq_par.c:290:5:SEQ_PAR_ChordGet	12	static
seq_par.c:308:5:SEQ_PAR_VelocityGet	12	static
seq_par.c:328:5:SEQ_PAR_LengthGet	16	static
seq_par.c:350:5:SEQ_PAR_ProbabilityGet	16	static
seq_par.c:369:5:SEQ_PAR_StepDelayGet	16	static
seq_par.c:396:5:SEQ_PAR_RollModeGet	12	static
seq_par.c:418:5:SEQ_PAR_Roll2ModeGet	12	static
seq_par.c:435:5:SEQ_PAR_Nth1ValueGet	12	static
seq_par.c:451:5:SEQ_PAR_Nth2ValueGet	12	static
seq_par.c:468:5:SEQ_PAR_RootValueGet	12	static
seq_par.c:484:5:SEQ_PAR_ScaleValueGet	12	static
seq_par.c:500:7:SEQ_PAR_TypeStr	0	static
seq_par.c:514:5:SEQ_PAR_AssignedTypeStr	24	static
seq_par.c:547:4:SEQ_PAR_MappedTypeGet	0	static
seq_par.c:562:4:SEQ_PAR_UnMappedTypeGet	0	static
seq_par.c:570:4:SEQ_PAR_InitValueGet	0	static
seq_par.c:589:4:SEQ_PAR_MaxValueGet	0	static
