seq_terminal.c:133:12:get_dec	16	static
seq_terminal.c:220:12:TERMINAL_BrowserUploadCallback	16	static
seq_terminal.c:152:12:get_on_off	8	static
seq_terminal.c:194:5:TERMINAL_ParseFilebrowser	16	static
seq_terminal.c:109:5:SEQ_TERMINAL_Init	8	static
seq_terminal.c:870:5:SEQ_TERMINAL_PrintHelp	16	static
seq_terminal.c:951:5:SEQ_TERMINAL_PrintSystem	256	static
seq_terminal.c:1030:5:SEQ_TERMINAL_PrintGlobalConfig	8	static
seq_terminal.c:1043:5:SEQ_TERMINAL_PrintBookmarks	8	static
seq_terminal.c:1062:5:SEQ_TERMINAL_PrintSessionConfig	8	static
seq_terminal.c:1075:5:SEQ_TERMINAL_PrintTracks	224	static
seq_terminal.c:1127:5:SEQ_TERMINAL_PrintTrack	16	static
seq_terminal.c:1141:5:SEQ_TERMINAL_PrintCurrentMixerMap	152	static
seq_terminal.c:1184:5:SEQ_TERMINAL_PrintCurrentSong	8	static
seq_terminal.c:1201:5:SEQ_TERMINAL_PrintGrooveTemplates	8	static
seq_terminal.c:1214:5:SEQ_TERMINAL_PrintMemoryInfo	8	static
seq_terminal.c:1270:5:SEQ_TERMINAL_PrintSdCardInfo	280	static
seq_terminal.c:1428:5:SEQ_TERMINAL_PrintRouterInfo	64	static
seq_terminal.c:278:5:SEQ_TERMINAL_ParseLine	128	static
seq_terminal.c:167:5:SEQ_TERMINAL_Parse	16	static
