mios32_uart.c:202:5:MIOS32_UART_IsAssignedToMIDI	0	static
mios32_uart.c:397:5:MIOS32_UART_BaudrateSet	32	static
mios32_uart.c:224:5:MIOS32_UART_InitPort	32	static
mios32_uart.c:334:5:MIOS32_UART_InitPortDefault	8	static
mios32_uart.c:116:5:MIOS32_UART_Init	16	static
mios32_uart.c:443:5:MIOS32_UART_BaudrateGet	0	static
mios32_uart.c:463:5:MIOS32_UART_RxBufferFree	0	static
mios32_uart.c:483:5:MIOS32_UART_RxBufferUsed	0	static
mios32_uart.c:504:5:MIOS32_UART_RxBufferGet	16	static
mios32_uart.c:536:5:MIOS32_UART_RxBufferPeek	8	static
mios32_uart.c:566:5:MIOS32_UART_RxBufferPut	16	static
mios32_uart.c:598:5:MIOS32_UART_TxBufferFree	0	static
mios32_uart.c:618:5:MIOS32_UART_TxBufferUsed	0	static
mios32_uart.c:639:5:MIOS32_UART_TxBufferGet	16	static
mios32_uart.c:674:5:MIOS32_UART_TxBufferPutMore_NonBlocking	24	static
mios32_uart.c:725:5:MIOS32_UART_TxBufferPutMore	16	static
mios32_uart.c:745:5:MIOS32_UART_TxBufferPut_NonBlocking	16	static
mios32_uart.c:763:5:MIOS32_UART_TxBufferPut	16	static
mios32_uart.c:777:1:USART2_IRQHandler	8	static
mios32_uart.c:810:1:USART3_IRQHandler	8	static
mios32_uart.c:843:1:USART6_IRQHandler	8	static
mios32_uart.c:866:1:USART1_IRQHandler	8	static
mios32_uart.c:890:1:UART5_IRQHandler	8	static
