stm32f4xx_rcc.c:196:6:RCC_DeInit	0	static
stm32f4xx_rcc.c:237:6:RCC_HSEConfig	0	static
stm32f4xx_rcc.c:292:6:RCC_AdjustHSICalibrationValue	0	static
stm32f4xx_rcc.c:328:6:RCC_HSICmd	0	static
stm32f4xx_rcc.c:353:6:RCC_LSEConfig	0	static
stm32f4xx_rcc.c:393:6:RCC_LSICmd	0	static
stm32f4xx_rcc.c:436:6:RCC_PLLConfig	8	static
stm32f4xx_rcc.c:459:6:RCC_PLLCmd	0	static
stm32f4xx_rcc.c:485:6:RCC_PLLI2SConfig	0	static
stm32f4xx_rcc.c:500:6:RCC_PLLI2SCmd	0	static
stm32f4xx_rcc.c:518:6:RCC_ClockSecuritySystemCmd	0	static
stm32f4xx_rcc.c:543:6:RCC_MCO1Config	0	static
stm32f4xx_rcc.c:581:6:RCC_MCO2Config	0	static
stm32f4xx_rcc.c:687:6:RCC_SYSCLKConfig	0	static
stm32f4xx_rcc.c:715:9:RCC_GetSYSCLKSource	0	static
stm32f4xx_rcc.c:740:6:RCC_HCLKConfig	0	static
stm32f4xx_rcc.c:772:6:RCC_PCLK1Config	0	static
stm32f4xx_rcc.c:803:6:RCC_PCLK2Config	0	static
stm32f4xx_rcc.c:855:6:RCC_GetClocksFreq	8	static
stm32f4xx_rcc.c:980:6:RCC_RTCCLKConfig	0	static
stm32f4xx_rcc.c:1012:6:RCC_RTCCLKCmd	0	static
stm32f4xx_rcc.c:1029:6:RCC_BackupResetCmd	0	static
stm32f4xx_rcc.c:1046:6:RCC_I2SCLKConfig	0	static
stm32f4xx_rcc.c:1085:6:RCC_AHB1PeriphClockCmd	0	static
stm32f4xx_rcc.c:1117:6:RCC_AHB2PeriphClockCmd	0	static
stm32f4xx_rcc.c:1144:6:RCC_AHB3PeriphClockCmd	0	static
stm32f4xx_rcc.c:1194:6:RCC_APB1PeriphClockCmd	0	static
stm32f4xx_rcc.c:1234:6:RCC_APB2PeriphClockCmd	0	static
stm32f4xx_rcc.c:1273:6:RCC_AHB1PeriphResetCmd	0	static
stm32f4xx_rcc.c:1302:6:RCC_AHB2PeriphResetCmd	0	static
stm32f4xx_rcc.c:1326:6:RCC_AHB3PeriphResetCmd	0	static
stm32f4xx_rcc.c:1373:6:RCC_APB1PeriphResetCmd	0	static
stm32f4xx_rcc.c:1409:6:RCC_APB2PeriphResetCmd	0	static
stm32f4xx_rcc.c:1455:6:RCC_AHB1PeriphClockLPModeCmd	0	static
stm32f4xx_rcc.c:1487:6:RCC_AHB2PeriphClockLPModeCmd	0	static
stm32f4xx_rcc.c:1514:6:RCC_AHB3PeriphClockLPModeCmd	0	static
stm32f4xx_rcc.c:1564:6:RCC_APB1PeriphClockLPModeCmd	0	static
stm32f4xx_rcc.c:1604:6:RCC_APB2PeriphClockLPModeCmd	0	static
stm32f4xx_rcc.c:1649:6:RCC_ITConfig	0	static
stm32f4xx_rcc.c:1685:12:RCC_GetFlagStatus	0	static
stm32f4xx_rcc.c:261:13:RCC_WaitForHSEStartUp	16	static
stm32f4xx_rcc.c:1730:6:RCC_ClearFlag	0	static
stm32f4xx_rcc.c:1749:10:RCC_GetITStatus	0	static
stm32f4xx_rcc.c:1782:6:RCC_ClearITPendingBit	0	static
