app.c:55:6:APP_Init	16	static
app.c:86:5:SDCARD_Mount	48	static
app.c:118:6:APP_Background	24	static
app.c:180:6:APP_MIDI_NotifyPackage	0	static
app.c:188:6:APP_SRIO_ServicePrepare	0	static
app.c:196:6:APP_SRIO_ServiceFinish	0	static
app.c:205:6:APP_DIN_NotifyToggle	0	static
app.c:215:6:APP_ENC_NotifyChange	0	static
app.c:223:6:APP_AIN_NotifyChange	0	static
app.c:227:6:SDCARD_Read_CID	32	static
app.c:251:6:SDCARD_Read_CSD	56	static
app.c:301:6:SDCARD_Messages	0	static
app.c:321:6:SDCARD_Format	8	static
app.c:335:6:ShowFatTime	24	static
app.c:358:6:ShowFatDate	16	static
app.c:371:6:SDCARD_Dir	176	static
app.c:431:6:SDCARD_FileSystem	64	static
app.c:456:6:fullpath	16	static
app.c:468:6:SDCARD_CD	144	static
app.c:481:6:SDCARD_Delete	112	static
app.c:493:6:SDCARD_Mkdir	112	static
app.c:501:6:SDCARD_Pwd	0	static
app.c:508:6:SDCARD_Rename	208	static
app.c:521:6:SDCARD_Copy	248	static
app.c:572:6:SDCARD_Benchmark	256	static
app.c:684:6:APP_TERMINAL_Parse	64	static
