Archive member included because of file (symbol)

/Volumes/DATA/Bruno/gcc-arm-none-eabi-4_7-2013q3/bin/../lib/gcc/arm-none-eabi/4.7.4/armv7e-m/libgcc.a(_lshrdi3.o)
                              project_build//Volumes/DATA/Bruno/eclipse-workspace/mios32/trunk/modules/app_lcd/universal/app_lcd.o (__aeabi_llsr)
/Volumes/DATA/Bruno/gcc-arm-none-eabi-4_7-2013q3/bin/../lib/gcc/arm-none-eabi/4.7.4/armv7e-m/libgcc.a(_ashldi3.o)
                              project_build//Volumes/DATA/Bruno/eclipse-workspace/mios32/trunk/modules/app_lcd/universal/app_lcd.o (__aeabi_llsl)
/Volumes/DATA/Bruno/gcc-arm-none-eabi-4_7-2013q3/bin/../lib/gcc/arm-none-eabi/4.7.4/armv7e-m/libgcc.a(_arm_muldivdf3.o)
                              project_build//Volumes/DATA/Bruno/eclipse-workspace/mios32/trunk/mios32/common/mios32_osc.o (__aeabi_dmul)
/Volumes/DATA/Bruno/gcc-arm-none-eabi-4_7-2013q3/bin/../lib/gcc/arm-none-eabi/4.7.4/armv7e-m/libgcc.a(_arm_fixdfsi.o)
                              project_build//Volumes/DATA/Bruno/eclipse-workspace/mios32/trunk/mios32/common/mios32_osc.o (__aeabi_d2iz)
/Volumes/DATA/Bruno/gcc-arm-none-eabi-4_7-2013q3/bin/../lib/gcc/arm-none-eabi/4.7.4/armv7e-m/libgcc.a(_arm_muldivsf3.o)
                              project_build//Volumes/DATA/Bruno/eclipse-workspace/mios32/trunk/mios32/common/mios32_osc.o (__aeabi_fmul)
/Volumes/DATA/Bruno/gcc-arm-none-eabi-4_7-2013q3/bin/../lib/gcc/arm-none-eabi/4.7.4/armv7e-m/libgcc.a(_arm_fixsfsi.o)
                              project_build//Volumes/DATA/Bruno/eclipse-workspace/mios32/trunk/mios32/common/mios32_osc.o (__aeabi_f2iz)
/Volumes/DATA/Bruno/gcc-arm-none-eabi-4_7-2013q3/bin/../lib/gcc/arm-none-eabi/4.7.4/armv7e-m/libgcc.a(_aeabi_ldivmod.o)
                              project_build/app.o (__aeabi_ldivmod)
/Volumes/DATA/Bruno/gcc-arm-none-eabi-4_7-2013q3/bin/../lib/gcc/arm-none-eabi/4.7.4/armv7e-m/libgcc.a(bpabi.o)
                              /Volumes/DATA/Bruno/gcc-arm-none-eabi-4_7-2013q3/bin/../lib/gcc/arm-none-eabi/4.7.4/armv7e-m/libgcc.a(_aeabi_ldivmod.o) (__gnu_ldivmod_helper)
/Volumes/DATA/Bruno/gcc-arm-none-eabi-4_7-2013q3/bin/../lib/gcc/arm-none-eabi/4.7.4/armv7e-m/libgcc.a(_dvmd_tls.o)
                              /Volumes/DATA/Bruno/gcc-arm-none-eabi-4_7-2013q3/bin/../lib/gcc/arm-none-eabi/4.7.4/armv7e-m/libgcc.a(_aeabi_ldivmod.o) (__aeabi_ldiv0)
/Volumes/DATA/Bruno/gcc-arm-none-eabi-4_7-2013q3/bin/../lib/gcc/arm-none-eabi/4.7.4/armv7e-m/libgcc.a(_divdi3.o)
                              /Volumes/DATA/Bruno/gcc-arm-none-eabi-4_7-2013q3/bin/../lib/gcc/arm-none-eabi/4.7.4/armv7e-m/libgcc.a(bpabi.o) (__divdi3)
/Volumes/DATA/Bruno/gcc-arm-none-eabi-4_7-2013q3/bin/../lib/gcc/arm-none-eabi/4.7.4/armv7e-m/libgcc.a(_udivdi3.o)
                              /Volumes/DATA/Bruno/gcc-arm-none-eabi-4_7-2013q3/bin/../lib/gcc/arm-none-eabi/4.7.4/armv7e-m/libgcc.a(bpabi.o) (__udivdi3)
/Volumes/DATA/Bruno/gcc-arm-none-eabi-4_7-2013q3/bin/../lib/gcc/arm-none-eabi/4.7.4/../../../../arm-none-eabi/lib/armv7e-m/libc_s.a(lib_a-ctype_.o)
                              project_build//Volumes/DATA/Bruno/eclipse-workspace/mios32/trunk/programming_models/traditional/strtol.o (__ctype_ptr__)
/Volumes/DATA/Bruno/gcc-arm-none-eabi-4_7-2013q3/bin/../lib/gcc/arm-none-eabi/4.7.4/../../../../arm-none-eabi/lib/armv7e-m/libc_s.a(lib_a-init.o)
                              project_build//Volumes/DATA/Bruno/eclipse-workspace/mios32/trunk/programming_models/traditional/main.o (__libc_init_array)
/Volumes/DATA/Bruno/gcc-arm-none-eabi-4_7-2013q3/bin/../lib/gcc/arm-none-eabi/4.7.4/../../../../arm-none-eabi/lib/armv7e-m/libc_s.a(lib_a-memcpy.o)
                              project_build//Volumes/DATA/Bruno/eclipse-workspace/mios32/trunk/FreeRTOS/Source/queue.o (memcpy)
/Volumes/DATA/Bruno/gcc-arm-none-eabi-4_7-2013q3/bin/../lib/gcc/arm-none-eabi/4.7.4/../../../../arm-none-eabi/lib/armv7e-m/libc_s.a(lib_a-memmove.o)
                              project_build//Volumes/DATA/Bruno/eclipse-workspace/mios32/trunk/FreeRTOS/Source/portable/MemMang/heap_4.o (memmove)
/Volumes/DATA/Bruno/gcc-arm-none-eabi-4_7-2013q3/bin/../lib/gcc/arm-none-eabi/4.7.4/../../../../arm-none-eabi/lib/armv7e-m/libc_s.a(lib_a-memset.o)
                              project_build//Volumes/DATA/Bruno/eclipse-workspace/mios32/trunk/FreeRTOS/Source/tasks.o (memset)
/Volumes/DATA/Bruno/gcc-arm-none-eabi-4_7-2013q3/bin/../lib/gcc/arm-none-eabi/4.7.4/../../../../arm-none-eabi/lib/armv7e-m/libc_s.a(lib_a-stpcpy.o)
                              project_build//Volumes/DATA/Bruno/eclipse-workspace/mios32/trunk/mios32/common/mios32_osc.o (stpcpy)
/Volumes/DATA/Bruno/gcc-arm-none-eabi-4_7-2013q3/bin/../lib/gcc/arm-none-eabi/4.7.4/../../../../arm-none-eabi/lib/armv7e-m/libc_s.a(lib_a-strcasecmp.o)
                              project_build//Volumes/DATA/Bruno/eclipse-workspace/mios32/trunk/modules/app_lcd/universal/app_lcd.o (strcasecmp)
[...]
Memory Configuration

Name             Origin             Length             Attributes
RAM              0x0000000020000000 0x0000000000030000 xrw
FLASH_SECTOR0    0x0000000008000000 0x0000000000004000 xr
FLASH_SECTOR1    0x0000000008004000 0x0000000000004000 xr
FLASH_SECTOR2    0x0000000008008000 0x0000000000004000 xr
FLASH_SECTOR3    0x000000000800c000 0x0000000000004000 xr
FLASH            0x0000000008010000 0x00000000000f0000 xr
FLASHB1          0x0000000000000000 0x0000000000000000 xr
EXTMEMB0         0x0000000000000000 0x0000000000000000 xr
EXTMEMB1         0x0000000000000000 0x0000000000000000 xr
EXTMEMB2         0x0000000000000000 0x0000000000000000 xr
EXTMEMB3         0x0000000000000000 0x0000000000000000 xr
*default*        0x0000000000000000 0xffffffffffffffff

Linker script and memory map

LOAD project_build/app.o
LOAD project_build//Volumes/DATA/Bruno/eclipse-workspace/mios32/trunk/programming_models/traditional/main.o
LOAD project_build//Volumes/DATA/Bruno/eclipse-workspace/mios32/trunk/programming_models/traditional/strtol.o
LOAD project_build//Volumes/DATA/Bruno/eclipse-workspace/mios32/trunk/FreeRTOS/Source/tasks.o
LOAD project_build//Volumes/DATA/Bruno/eclipse-workspace/mios32/trunk/FreeRTOS/Source/list.o
LOAD project_build//Volumes/DATA/Bruno/eclipse-workspace/mios32/trunk/FreeRTOS/Source/queue.o
LOAD project_build//Volumes/DATA/Bruno/eclipse-workspace/mios32/trunk/FreeRTOS/Source/timers.o
LOAD project_build//Volumes/DATA/Bruno/eclipse-workspace/mios32/trunk/FreeRTOS/Source/portable/GCC/ARM_CM3/port.o
LOAD project_build//Volumes/DATA/Bruno/eclipse-workspace/mios32/trunk/FreeRTOS/Source/portable/MemMang/heap_4.o
LOAD project_build//Volumes/DATA/Bruno/eclipse-workspace/mios32/trunk/programming_models/traditional/startup_stm32f4xx.o
LOAD project_build//Volumes/DATA/Bruno/eclipse-workspace/mios32/trunk/mios32/common/mios32_srio.o
LOAD project_build//Volumes/DATA/Bruno/eclipse-workspace/mios32/trunk/mios32/common/mios32_din.o
LOAD project_build//Volumes/DATA/Bruno/eclipse-workspace/mios32/trunk/mios32/common/mios32_dout.o
LOAD project_build//Volumes/DATA/Bruno/eclipse-workspace/mios32/trunk/mios32/common/mios32_enc.o
LOAD project_build//Volumes/DATA/Bruno/eclipse-workspace/mios32/trunk/mios32/common/mios32_lcd.o
LOAD project_build//Volumes/DATA/Bruno/eclipse-workspace/mios32/trunk/mios32/common/mios32_midi.o
LOAD project_build//Volumes/DATA/Bruno/eclipse-workspace/mios32/trunk/mios32/common/mios32_osc.o
LOAD project_build//Volumes/DATA/Bruno/eclipse-workspace/mios32/trunk/mios32/common/mios32_com.o
LOAD project_build//Volumes/DATA/Bruno/eclipse-workspace/mios32/trunk/mios32/common/mios32_uart_midi.o
LOAD project_build//Volumes/DATA/Bruno/eclipse-workspace/mios32/trunk/mios32/common/mios32_spi_midi.o
LOAD project_build//Volumes/DATA/Bruno/eclipse-workspace/mios32/trunk/mios32/common/mios32_iic_midi.o
LOAD project_build//Volumes/DATA/Bruno/eclipse-workspace/mios32/trunk/mios32/common/mios32_can_midi.o
LOAD project_build//Volumes/DATA/Bruno/eclipse-workspace/mios32/trunk/mios32/common/mios32_iic_bs.o
LOAD project_build//Volumes/DATA/Bruno/eclipse-workspace/mios32/trunk/mios32/common/mios32_mf.o
LOAD project_build//Volumes/DATA/Bruno/eclipse-workspace/mios32/trunk/mios32/common/mios32_sdcard.o
LOAD project_build//Volumes/DATA/Bruno/eclipse-workspace/mios32/trunk/mios32/common/mios32_enc28j60.o
LOAD project_build//Volumes/DATA/Bruno/eclipse-workspace/mios32/trunk/mios32/common/mios32_timestamp.o
LOAD project_build//Volumes/DATA/Bruno/eclipse-workspace/mios32/trunk/mios32/STM32F4xx/mios32_bsl.o
LOAD project_build//Volumes/DATA/Bruno/eclipse-workspace/mios32/trunk/mios32/STM32F4xx/mios32_sys.o
LOAD project_build//Volumes/DATA/Bruno/eclipse-workspace/mios32/trunk/mios32/STM32F4xx/mios32_irq.o
LOAD project_build//Volumes/DATA/Bruno/eclipse-workspace/mios32/trunk/mios32/STM32F4xx/mios32_spi.o
LOAD project_build//Volumes/DATA/Bruno/eclipse-workspace/mios32/trunk/mios32/STM32F4xx/mios32_i2s.o
LOAD project_build//Volumes/DATA/Bruno/eclipse-workspace/mios32/trunk/mios32/STM32F4xx/mios32_board.o
LOAD project_build//Volumes/DATA/Bruno/eclipse-workspace/mios32/trunk/mios32/STM32F4xx/mios32_timer.o
LOAD project_build//Volumes/DATA/Bruno/eclipse-workspace/mios32/trunk/mios32/STM32F4xx/mios32_stopwatch.o
LOAD project_build//Volumes/DATA/Bruno/eclipse-workspace/mios32/trunk/mios32/STM32F4xx/mios32_delay.o
LOAD project_build//Volumes/DATA/Bruno/eclipse-workspace/mios32/trunk/mios32/STM32F4xx/mios32_ain.o
LOAD project_build//Volumes/DATA/Bruno/eclipse-workspace/mios32/trunk/mios32/STM32F4xx/mios32_usb.o
LOAD project_build//Volumes/DATA/Bruno/eclipse-workspace/mios32/trunk/mios32/STM32F4xx/mios32_usb_midi.o
LOAD project_build//Volumes/DATA/Bruno/eclipse-workspace/mios32/trunk/mios32/STM32F4xx/mios32_usb_hid.o
LOAD project_build//Volumes/DATA/Bruno/eclipse-workspace/mios32/trunk/mios32/STM32F4xx/mios32_usb_com.o
LOAD project_build//Volumes/DATA/Bruno/eclipse-workspace/mios32/trunk/mios32/STM32F4xx/mios32_uart.o
LOAD project_build//Volumes/DATA/Bruno/eclipse-workspace/mios32/trunk/mios32/STM32F4xx/mios32_iic.o
LOAD project_build//Volumes/DATA/Bruno/eclipse-workspace/mios32/trunk/mios32/STM32F4xx/mios32_can.o
LOAD project_build//Volumes/DATA/Bruno/eclipse-workspace/mios32/trunk/mios32/common/printf-stdarg.o
LOAD project_build//Volumes/DATA/Bruno/eclipse-workspace/mios32/trunk/drivers/STM32F4xx/v1.1.0/STM32F4xx_StdPeriph_Driver/src/misc.o
LOAD project_build//Volumes/DATA/Bruno/eclipse-workspace/mios32/trunk/drivers/STM32F4xx/v1.1.0/STM32F4xx_StdPeriph_Driver/src/stm32f4xx_adc.o
LOAD project_build//Volumes/DATA/Bruno/eclipse-workspace/mios32/trunk/drivers/STM32F4xx/v1.1.0/STM32F4xx_StdPeriph_Driver/src/stm32f4xx_can.o
LOAD project_build//Volumes/DATA/Bruno/eclipse-workspace/mios32/trunk/drivers/STM32F4xx/v1.1.0/STM32F4xx_StdPeriph_Driver/src/stm32f4xx_crc.o
LOAD project_build//Volumes/DATA/Bruno/eclipse-workspace/mios32/trunk/drivers/STM32F4xx/v1.1.0/STM32F4xx_StdPeriph_Driver/src/stm32f4xx_cryp.o
LOAD project_build//Volumes/DATA/Bruno/eclipse-workspace/mios32/trunk/drivers/STM32F4xx/v1.1.0/STM32F4xx_StdPeriph_Driver/src/stm32f4xx_cryp_aes.o
LOAD project_build//Volumes/DATA/Bruno/eclipse-workspace/mios32/trunk/drivers/STM32F4xx/v1.1.0/STM32F4xx_StdPeriph_Driver/src/stm32f4xx_cryp_des.o
LOAD project_build//Volumes/DATA/Bruno/eclipse-workspace/mios32/trunk/drivers/STM32F4xx/v1.1.0/STM32F4xx_StdPeriph_Driver/src/stm32f4xx_cryp_tdes.o
LOAD project_build//Volumes/DATA/Bruno/eclipse-workspace/mios32/trunk/drivers/STM32F4xx/v1.1.0/STM32F4xx_StdPeriph_Driver/src/stm32f4xx_dac.o
LOAD project_build//Volumes/DATA/Bruno/eclipse-workspace/mios32/trunk/drivers/STM32F4xx/v1.1.0/STM32F4xx_StdPeriph_Driver/src/stm32f4xx_dbgmcu.o
LOAD project_build//Volumes/DATA/Bruno/eclipse-workspace/mios32/trunk/drivers/STM32F4xx/v1.1.0/STM32F4xx_StdPeriph_Driver/src/stm32f4xx_dcmi.o
LOAD project_build//Volumes/DATA/Bruno/eclipse-workspace/mios32/trunk/drivers/STM32F4xx/v1.1.0/STM32F4xx_StdPeriph_Driver/src/stm32f4xx_dma.o
LOAD project_build//Volumes/DATA/Bruno/eclipse-workspace/mios32/trunk/drivers/STM32F4xx/v1.1.0/STM32F4xx_StdPeriph_Driver/src/stm32f4xx_exti.o
LOAD project_build//Volumes/DATA/Bruno/eclipse-workspace/mios32/trunk/drivers/STM32F4xx/v1.1.0/STM32F4xx_StdPeriph_Driver/src/stm32f4xx_flash.o
LOAD project_build//Volumes/DATA/Bruno/eclipse-workspace/mios32/trunk/drivers/STM32F4xx/v1.1.0/STM32F4xx_StdPeriph_Driver/src/stm32f4xx_fsmc.o
LOAD project_build//Volumes/DATA/Bruno/eclipse-workspace/mios32/trunk/drivers/STM32F4xx/v1.1.0/STM32F4xx_StdPeriph_Driver/src/stm32f4xx_gpio.o
LOAD project_build//Volumes/DATA/Bruno/eclipse-workspace/mios32/trunk/drivers/STM32F4xx/v1.1.0/STM32F4xx_StdPeriph_Driver/src/stm32f4xx_hash.o
LOAD project_build//Volumes/DATA/Bruno/eclipse-workspace/mios32/trunk/drivers/STM32F4xx/v1.1.0/STM32F4xx_StdPeriph_Driver/src/stm32f4xx_hash_md5.o
LOAD project_build//Volumes/DATA/Bruno/eclipse-workspace/mios32/trunk/drivers/STM32F4xx/v1.1.0/STM32F4xx_StdPeriph_Driver/src/stm32f4xx_hash_sha1.o
LOAD project_build//Volumes/DATA/Bruno/eclipse-workspace/mios32/trunk/drivers/STM32F4xx/v1.1.0/STM32F4xx_StdPeriph_Driver/src/stm32f4xx_i2c.o
LOAD project_build//Volumes/DATA/Bruno/eclipse-workspace/mios32/trunk/drivers/STM32F4xx/v1.1.0/STM32F4xx_StdPeriph_Driver/src/stm32f4xx_iwdg.o
LOAD project_build//Volumes/DATA/Bruno/eclipse-workspace/mios32/trunk/drivers/STM32F4xx/v1.1.0/STM32F4xx_StdPeriph_Driver/src/stm32f4xx_pwr.o
LOAD project_build//Volumes/DATA/Bruno/eclipse-workspace/mios32/trunk/drivers/STM32F4xx/v1.1.0/STM32F4xx_StdPeriph_Driver/src/stm32f4xx_rcc.o
LOAD project_build//Volumes/DATA/Bruno/eclipse-workspace/mios32/trunk/drivers/STM32F4xx/v1.1.0/STM32F4xx_StdPeriph_Driver/src/stm32f4xx_rng.o
LOAD project_build//Volumes/DATA/Bruno/eclipse-workspace/mios32/trunk/drivers/STM32F4xx/v1.1.0/STM32F4xx_StdPeriph_Driver/src/stm32f4xx_rtc.o
LOAD project_build//Volumes/DATA/Bruno/eclipse-workspace/mios32/trunk/drivers/STM32F4xx/v1.1.0/STM32F4xx_StdPeriph_Driver/src/stm32f4xx_sdio.o
LOAD project_build//Volumes/DATA/Bruno/eclipse-workspace/mios32/trunk/drivers/STM32F4xx/v1.1.0/STM32F4xx_StdPeriph_Driver/src/stm32f4xx_spi.o
LOAD project_build//Volumes/DATA/Bruno/eclipse-workspace/mios32/trunk/drivers/STM32F4xx/v1.1.0/STM32F4xx_StdPeriph_Driver/src/stm32f4xx_syscfg.o
LOAD project_build//Volumes/DATA/Bruno/eclipse-workspace/mios32/trunk/drivers/STM32F4xx/v1.1.0/STM32F4xx_StdPeriph_Driver/src/stm32f4xx_tim.o
LOAD project_build//Volumes/DATA/Bruno/eclipse-workspace/mios32/trunk/drivers/STM32F4xx/v1.1.0/STM32F4xx_StdPeriph_Driver/src/stm32f4xx_usart.o
LOAD project_build//Volumes/DATA/Bruno/eclipse-workspace/mios32/trunk/drivers/STM32F4xx/v1.1.0/STM32F4xx_StdPeriph_Driver/src/stm32f4xx_wwdg.o
LOAD project_build//Volumes/DATA/Bruno/eclipse-workspace/mios32/trunk/drivers/STM32F4xx/v1.1.0/STM32_USB_Device_Library/Core/src/usbd_core.o
LOAD project_build//Volumes/DATA/Bruno/eclipse-workspace/mios32/trunk/drivers/STM32F4xx/v1.1.0/STM32_USB_Device_Library/Core/src/usbd_ioreq.o
LOAD project_build//Volumes/DATA/Bruno/eclipse-workspace/mios32/trunk/drivers/STM32F4xx/v1.1.0/STM32_USB_Device_Library/Core/src/usbd_req.o
LOAD project_build//Volumes/DATA/Bruno/eclipse-workspace/mios32/trunk/drivers/STM32F4xx/v1.1.0/STM32_USB_HOST_Library/Core/src/usbh_core.o
LOAD project_build//Volumes/DATA/Bruno/eclipse-workspace/mios32/trunk/drivers/STM32F4xx/v1.1.0/STM32_USB_HOST_Library/Core/src/usbh_hcs.o
LOAD project_build//Volumes/DATA/Bruno/eclipse-workspace/mios32/trunk/drivers/STM32F4xx/v1.1.0/STM32_USB_HOST_Library/Core/src/usbh_ioreq.o
LOAD project_build//Volumes/DATA/Bruno/eclipse-workspace/mios32/trunk/drivers/STM32F4xx/v1.1.0/STM32_USB_HOST_Library/Core/src/usbh_stdreq.o
LOAD project_build//Volumes/DATA/Bruno/eclipse-workspace/mios32/trunk/drivers/STM32F4xx/v1.1.0/STM32_USB_HOST_Library/Class/HID/src/usbh_hid_core.o
LOAD project_build//Volumes/DATA/Bruno/eclipse-workspace/mios32/trunk/drivers/STM32F4xx/v1.1.0/STM32_USB_HOST_Library/Class/HID/src/usbh_hid_keybd.o
LOAD project_build//Volumes/DATA/Bruno/eclipse-workspace/mios32/trunk/drivers/STM32F4xx/v1.1.0/STM32_USB_HOST_Library/Class/HID/src/usbh_hid_mouse.o
LOAD project_build//Volumes/DATA/Bruno/eclipse-workspace/mios32/trunk/drivers/STM32F4xx/v1.1.0/STM32_USB_OTG_Driver/src/usb_core.o
LOAD project_build//Volumes/DATA/Bruno/eclipse-workspace/mios32/trunk/drivers/STM32F4xx/v1.1.0/STM32_USB_OTG_Driver/src/usb_dcd.o
LOAD project_build//Volumes/DATA/Bruno/eclipse-workspace/mios32/trunk/drivers/STM32F4xx/v1.1.0/STM32_USB_OTG_Driver/src/usb_dcd_int.o
LOAD project_build//Volumes/DATA/Bruno/eclipse-workspace/mios32/trunk/drivers/STM32F4xx/v1.1.0/STM32_USB_OTG_Driver/src/usb_hcd.o
LOAD project_build//Volumes/DATA/Bruno/eclipse-workspace/mios32/trunk/drivers/STM32F4xx/v1.1.0/STM32_USB_OTG_Driver/src/usb_hcd_int.o
LOAD project_build//Volumes/DATA/Bruno/eclipse-workspace/mios32/trunk/drivers/STM32F4xx/v1.1.0/STM32_USB_OTG_Driver/src/usb_otg.o
LOAD project_build//Volumes/DATA/Bruno/eclipse-workspace/mios32/trunk/modules/app_lcd/universal/app_lcd.o
LOAD project_build//Volumes/DATA/Bruno/eclipse-workspace/mios32/trunk/modules/glcd_font/glcd_font_normal.o
LOAD project_build//Volumes/DATA/Bruno/eclipse-workspace/mios32/trunk/modules/glcd_font/glcd_font_normal_inv.o
LOAD project_build//Volumes/DATA/Bruno/eclipse-workspace/mios32/trunk/modules/glcd_font/glcd_font_big.o
LOAD project_build//Volumes/DATA/Bruno/eclipse-workspace/mios32/trunk/modules/glcd_font/glcd_font_small.o
LOAD project_build//Volumes/DATA/Bruno/eclipse-workspace/mios32/trunk/modules/glcd_font/glcd_font_tiny.o
LOAD project_build//Volumes/DATA/Bruno/eclipse-workspace/mios32/trunk/modules/glcd_font/glcd_font_tiny_wide.o
LOAD project_build//Volumes/DATA/Bruno/eclipse-workspace/mios32/trunk/modules/glcd_font/glcd_font_tiny_inv.o
LOAD project_build//Volumes/DATA/Bruno/eclipse-workspace/mios32/trunk/modules/glcd_font/glcd_font_knob_icons.o
LOAD project_build//Volumes/DATA/Bruno/eclipse-workspace/mios32/trunk/modules/glcd_font/glcd_font_meter_icons_h.o
LOAD project_build//Volumes/DATA/Bruno/eclipse-workspace/mios32/trunk/modules/glcd_font/glcd_font_meter_icons_v.o
LOAD project_build//Volumes/DATA/Bruno/eclipse-workspace/mios32/trunk/modules/glcd_font/glcd_font_minitogsel_icons.o
LOAD project_build//Volumes/DATA/Bruno/eclipse-workspace/mios32/trunk/modules/fatfs/src/diskio.o
LOAD project_build//Volumes/DATA/Bruno/eclipse-workspace/mios32/trunk/modules/fatfs/src/option/ccsbcs.o
LOAD project_build//Volumes/DATA/Bruno/eclipse-workspace/mios32/trunk/modules/fatfs/src/ff.o
LOAD project_build//Volumes/DATA/Bruno/eclipse-workspace/mios32/trunk/programming_models/traditional/mini_cpp.o
LOAD project_build//Volumes/DATA/Bruno/eclipse-workspace/mios32/trunk/programming_models/traditional/freertos_heap.o
LOAD /Volumes/DATA/Bruno/gcc-arm-none-eabi-4_7-2013q3/bin/../lib/gcc/arm-none-eabi/4.7.4/../../../../arm-none-eabi/lib/armv7e-m/libstdc++_s.a
START GROUP
LOAD /Volumes/DATA/Bruno/gcc-arm-none-eabi-4_7-2013q3/bin/../lib/gcc/arm-none-eabi/4.7.4/armv7e-m/libgcc.a
LOAD /Volumes/DATA/Bruno/gcc-arm-none-eabi-4_7-2013q3/bin/../lib/gcc/arm-none-eabi/4.7.4/../../../../arm-none-eabi/lib/armv7e-m/libc_s.a
END GROUP
                0x0000000020020000                _estack = 0x20020000
                0x0000000000000080                __Stack_Size = 0x80
                0x0000000000000080                PROVIDE (_Stack_Size, __Stack_Size)
                0x000000002001ff80                __Stack_Init = (_estack - __Stack_Size)
                0x000000002001ff80                PROVIDE (_Stack_Init, __Stack_Init)
                0x0000000000000100                _Minimum_Stack_Size = 0x100
                0x0000000042000000                PERIPH_BB_BASE = 0x42000000
                0x0000000022000000                SRAM_BB_BASE = 0x22000000
                0x0000000020000000                SRAM_BASE = 0x20000000
                0x0000000040000000                PERIPH_BASE = 0x40000000
                0x0000000040022000                PROVIDE (FLASH_BASE, 0x40022000)
                0x000000001ffff800                PROVIDE (OB_BASE, 0x1ffff800)
                0x0000000040000000                APB1PERIPH_BASE = PERIPH_BASE
                0x0000000040010000                APB2PERIPH_BASE = (PERIPH_BASE + 0x10000)
                0x0000000040020000                AHBPERIPH_BASE = (PERIPH_BASE + 0x20000)
                0x0000000040000000                PROVIDE (TIM2, (APB1PERIPH_BASE + 0x0))
                0x0000000040000400                PROVIDE (TIM3, (APB1PERIPH_BASE + 0x400))
                0x0000000040000800                PROVIDE (TIM4, (APB1PERIPH_BASE + 0x800))
                0x0000000040002800                PROVIDE (RTC, (APB1PERIPH_BASE + 0x2800))
                0x0000000040002c00                PROVIDE (WWDG, (APB1PERIPH_BASE + 0x2c00))
                0x0000000040003000                PROVIDE (IWDG, (APB1PERIPH_BASE + 0x3000))
                0x0000000040003800                PROVIDE (SPI2, (APB1PERIPH_BASE + 0x3800))
                0x0000000040004400                PROVIDE (USART2, (APB1PERIPH_BASE + 0x4400))
                0x0000000040004800                PROVIDE (USART3, (APB1PERIPH_BASE + 0x4800))
                0x0000000040005400                PROVIDE (I2C1, (APB1PERIPH_BASE + 0x5400))
                0x0000000040005800                PROVIDE (I2C2, (APB1PERIPH_BASE + 0x5800))
                0x0000000040006400                PROVIDE (CAN, (APB1PERIPH_BASE + 0x6400))
                0x0000000040006c00                PROVIDE (BKP, (APB1PERIPH_BASE + 0x6c00))
                0x0000000040007000                PROVIDE (PWR, (APB1PERIPH_BASE + 0x7000))
                0x0000000040010000                PROVIDE (AFIO, (APB2PERIPH_BASE + 0x0))
                0x0000000040010400                PROVIDE (EXTI, (APB2PERIPH_BASE + 0x400))
                0x0000000040010800                PROVIDE (GPIOA, (APB2PERIPH_BASE + 0x800))
                0x0000000040010c00                PROVIDE (GPIOB, (APB2PERIPH_BASE + 0xc00))
                0x0000000040011000                PROVIDE (GPIOC, (APB2PERIPH_BASE + 0x1000))
                0x0000000040011400                PROVIDE (GPIOD, (APB2PERIPH_BASE + 0x1400))
                0x0000000040011800                PROVIDE (GPIOE, (APB2PERIPH_BASE + 0x1800))
                0x0000000040012400                PROVIDE (ADC1, (APB2PERIPH_BASE + 0x2400))
                0x0000000040012800                PROVIDE (ADC2, (APB2PERIPH_BASE + 0x2800))
                0x0000000040012c00                PROVIDE (TIM1, (APB2PERIPH_BASE + 0x2c00))
                0x0000000040013000                PROVIDE (SPI1, (APB2PERIPH_BASE + 0x3000))
                0x0000000040013800                PROVIDE (USART1, (APB2PERIPH_BASE + 0x3800))
                0x0000000040020000                PROVIDE (DMA, (AHBPERIPH_BASE + 0x0))
                0x0000000040020008                PROVIDE (DMA_Channel1, (AHBPERIPH_BASE + 0x8))
                0x000000004002001c                PROVIDE (DMA_Channel2, (AHBPERIPH_BASE + 0x1c))
                0x0000000040020030                PROVIDE (DMA_Channel3, (AHBPERIPH_BASE + 0x30))
                0x0000000040020044                PROVIDE (DMA_Channel4, (AHBPERIPH_BASE + 0x44))
                0x0000000040020058                PROVIDE (DMA_Channel5, (AHBPERIPH_BASE + 0x58))
                0x000000004002006c                PROVIDE (DMA_Channel6, (AHBPERIPH_BASE + 0x6c))
                0x0000000040020080                PROVIDE (DMA_Channel7, (AHBPERIPH_BASE + 0x80))
                0x0000000040021000                PROVIDE (RCC, (AHBPERIPH_BASE + 0x1000))
                0x00000000e000e000                SCS_BASE = 0xe000e000
                0x00000000e000e010                PROVIDE (SysTick, (SCS_BASE + 0x10))
                0x00000000e000e100                PROVIDE (NVIC, (SCS_BASE + 0x100))
                0x00000000e000ed00                PROVIDE (SCB, (SCS_BASE + 0xd00))

.mios32_bsl     0x0000000008000000     0x4000
                0x0000000008000000                . = ALIGN (0x4)
 *(.mios32_bsl)
 .mios32_bsl    0x0000000008000000     0x4000 project_build//Volumes/DATA/Bruno/eclipse-workspace/mios32/trunk/mios32/STM32F4xx/mios32_bsl.o
                0x0000000008000000                mios32_bsl_image
                0x0000000008004000                . = ALIGN (0x4)

.isr_vector     0x0000000008004000      0x188
                0x0000000008004000                _mios32_sys_isr_vector = .
                0x0000000008004000                . = ALIGN (0x4)
 *(.isr_vector)
 .isr_vector    0x0000000008004000      0x188 project_build//Volumes/DATA/Bruno/eclipse-workspace/mios32/trunk/programming_models/traditional/startup_stm32f4xx.o
                0x0000000008004000                g_pfnVectors
                0x0000000008004188                . = ALIGN (0x4)
                0x0000000008004000                PROVIDE (mios32_sys_isr_vector, _mios32_sys_isr_vector)

.flashtext      0x0000000008010000        0x0
                0x0000000008010000                . = ALIGN (0x4)
 *(.flashtext)
                0x0000000008010000                . = ALIGN (0x4)

.text           0x0000000008010000     0xe534
                0x0000000008010000                . = ALIGN (0x4)
 CREATE_OBJECT_SYMBOLS
 *(.text .text.* .gnu.linkonce.t.*)
 .text.APP_Init
                0x0000000008010000       0x74 project_build/app.o
                0x0000000008010000                APP_Init
 .text.SDCARD_Mount
                0x0000000008010074       0x8c project_build/app.o
                0x0000000008010074                SDCARD_Mount
 .text.APP_Background
                0x0000000008010100       0xf8 project_build/app.o
                0x0000000008010100                APP_Background
 .text.APP_MIDI_NotifyPackage
                0x00000000080101f8        0x2 project_build/app.o
                0x00000000080101f8                APP_MIDI_NotifyPackage
 .text.APP_SRIO_ServicePrepare
                0x00000000080101fa        0x2 project_build/app.o
                0x00000000080101fa                APP_SRIO_ServicePrepare
 .text.APP_SRIO_ServiceFinish
                0x00000000080101fc        0x2 project_build/app.o
                0x00000000080101fc                APP_SRIO_ServiceFinish
 .text.APP_DIN_NotifyToggle
                0x00000000080101fe        0x2 project_build/app.o
                0x00000000080101fe                APP_DIN_NotifyToggle
 .text.APP_ENC_NotifyChange
                0x0000000008010200        0x2 project_build/app.o
                0x0000000008010200                APP_ENC_NotifyChange
 .text.APP_AIN_NotifyChange
                0x0000000008010202        0x2 project_build/app.o
                0x0000000008010202                APP_AIN_NotifyChange
 .text.SDCARD_Read_CID
                0x0000000008010204       0xb0 project_build/app.o
                0x0000000008010204                SDCARD_Read_CID
 .text.SDCARD_Read_CSD
                0x00000000080102b4      0x234 project_build/app.o
                0x00000000080102b4                SDCARD_Read_CSD
 .text.SDCARD_Messages
                0x00000000080104e8       0x8c project_build/app.o
                0x00000000080104e8                SDCARD_Messages
 .text.SDCARD_Format
                0x0000000008010574       0x20 project_build/app.o
                0x0000000008010574                SDCARD_Format
 .text.ShowFatTime
                0x0000000008010594       0x48 project_build/app.o
                0x0000000008010594                ShowFatTime
 .text.ShowFatDate
                0x00000000080105dc       0x20 project_build/app.o
                0x00000000080105dc                ShowFatDate
 .text.SDCARD_Dir
                0x00000000080105fc      0x1b8 project_build/app.o
                0x00000000080105fc                SDCARD_Dir
 .text.SDCARD_FileSystem
                0x00000000080107b4       0x98 project_build/app.o
                0x00000000080107b4                SDCARD_FileSystem
 .text.fullpath
                0x000000000801084c       0x40 project_build/app.o
                0x000000000801084c                fullpath
 .text.SDCARD_CD
                0x000000000801088c       0x30 project_build/app.o
                0x000000000801088c                SDCARD_CD
 .text.SDCARD_Delete
                0x00000000080108bc       0x28 project_build/app.o
                0x00000000080108bc                SDCARD_Delete
 .text.SDCARD_Mkdir
                0x00000000080108e4       0x18 project_build/app.o
                0x00000000080108e4                SDCARD_Mkdir
 .text.SDCARD_Pwd
                0x00000000080108fc       0x10 project_build/app.o
                0x00000000080108fc                SDCARD_Pwd
 .text.SDCARD_Rename
                0x000000000801090c       0x34 project_build/app.o
                0x000000000801090c                SDCARD_Rename
 .text.SDCARD_Copy
                0x0000000008010940      0x100 project_build/app.o
                0x0000000008010940                SDCARD_Copy
 .text.SDCARD_Benchmark
                0x0000000008010a40      0x230 project_build/app.o
                0x0000000008010a40                SDCARD_Benchmark
 .text.APP_TERMINAL_Parse
                0x0000000008010c70      0x28c project_build/app.o
                0x0000000008010c70                APP_TERMINAL_Parse
 .text.SRIO_ServiceFinish
                0x0000000008010efc        0xe project_build//Volumes/DATA/Bruno/eclipse-workspace/mios32/trunk/programming_models/traditional/main.o
                0x0000000008010efc                SRIO_ServiceFinish
 .text.APP_Tick
                0x0000000008010f0a        0x2 project_build//Volumes/DATA/Bruno/eclipse-workspace/mios32/trunk/programming_models/traditional/main.o
                0x0000000008010f0a                APP_Tick
 .text.TASK_Hooks
                0x0000000008010f0c       0x48 project_build//Volumes/DATA/Bruno/eclipse-workspace/mios32/trunk/programming_models/traditional/main.o
 .text.APP_MIDI_Tick
                0x0000000008010f54        0x2 project_build//Volumes/DATA/Bruno/eclipse-workspace/mios32/trunk/programming_models/traditional/main.o
                0x0000000008010f54                APP_MIDI_Tick
 *fill*         0x0000000008010f56        0x2 00
 .text.TASK_MIDI_Hooks
                0x0000000008010f58       0x34 project_build//Volumes/DATA/Bruno/eclipse-workspace/mios32/trunk/programming_models/traditional/main.o
 .text.startup.main
                0x0000000008010f8c       0xd4 project_build//Volumes/DATA/Bruno/eclipse-workspace/mios32/trunk/programming_models/traditional/main.o
                0x0000000008010f8c                main
 .text.vApplicationTickHook
                0x0000000008011060       0x18 project_build//Volumes/DATA/Bruno/eclipse-workspace/mios32/trunk/programming_models/traditional/main.o
                0x0000000008011060                vApplicationTickHook
 .text.vApplicationIdleHook
                0x0000000008011078        0x4 project_build//Volumes/DATA/Bruno/eclipse-workspace/mios32/trunk/programming_models/traditional/main.o
                0x0000000008011078                vApplicationIdleHook
 .text._abort   0x000000000801107c       0x40 project_build//Volumes/DATA/Bruno/eclipse-workspace/mios32/trunk/programming_models/traditional/main.o
                0x000000000801107c                _abort
 .text.vApplicationMallocFailedHook
                0x00000000080110bc       0x4c project_build//Volumes/DATA/Bruno/eclipse-workspace/mios32/trunk/programming_models/traditional/main.o
                0x00000000080110bc                vApplicationMallocFailedHook
 .text.HardFault_Handler_c
                0x0000000008011108      0x148 project_build//Volumes/DATA/Bruno/eclipse-workspace/mios32/trunk/programming_models/traditional/main.o
                0x0000000008011108                HardFault_Handler_c
 .text.HardFault_Handler
                0x0000000008011250       0x14 project_build//Volumes/DATA/Bruno/eclipse-workspace/mios32/trunk/programming_models/traditional/main.o
                0x0000000008011250                HardFault_Handler
 .text._strtol_r
                0x0000000008011264      0x108 project_build//Volumes/DATA/Bruno/eclipse-workspace/mios32/trunk/programming_models/traditional/strtol.o
                0x0000000008011264                _strtol_r
 .text.strtol   0x000000000801136c       0x16 project_build//Volumes/DATA/Bruno/eclipse-workspace/mios32/trunk/programming_models/traditional/strtol.o
                0x000000000801136c                strtol
 *fill*         0x0000000008011382        0x2 00
 .text.prvAddCurrentTaskToDelayedList
                0x0000000008011384       0x98 project_build//Volumes/DATA/Bruno/eclipse-workspace/mios32/trunk/FreeRTOS/Source/tasks.o
 .text.prvResetNextTaskUnblockTime
                0x000000000801141c       0x24 project_build//Volumes/DATA/Bruno/eclipse-workspace/mios32/trunk/FreeRTOS/Source/tasks.o
 .text.xTaskCreate
                0x0000000008011440      0x1ac project_build//Volumes/DATA/Bruno/eclipse-workspace/mios32/trunk/FreeRTOS/Source/tasks.o
                0x0000000008011440                xTaskCreate
 .text.vTaskStartScheduler
                0x00000000080115ec       0x64 project_build//Volumes/DATA/Bruno/eclipse-workspace/mios32/trunk/FreeRTOS/Source/tasks.o
                0x00000000080115ec                vTaskStartScheduler
 .text.vTaskSuspendAll
                0x0000000008011650       0x10 project_build//Volumes/DATA/Bruno/eclipse-workspace/mios32/trunk/FreeRTOS/Source/tasks.o
                0x0000000008011650                vTaskSuspendAll
 .text.xTaskGetTickCount
                0x0000000008011660        0xc project_build//Volumes/DATA/Bruno/eclipse-workspace/mios32/trunk/FreeRTOS/Source/tasks.o
                0x0000000008011660                xTaskGetTickCount
 .text.xTaskIncrementTick
                0x000000000801166c      0x104 project_build//Volumes/DATA/Bruno/eclipse-workspace/mios32/trunk/FreeRTOS/Source/tasks.o
                0x000000000801166c                xTaskIncrementTick
 .text.xTaskResumeAll
                0x0000000008011770       0xd0 project_build//Volumes/DATA/Bruno/eclipse-workspace/mios32/trunk/FreeRTOS/Source/tasks.o
                0x0000000008011770                xTaskResumeAll
 .text.prvIdleTask
                0x0000000008011840       0x78 project_build//Volumes/DATA/Bruno/eclipse-workspace/mios32/trunk/FreeRTOS/Source/tasks.o
 .text.vTaskDelayUntil
                0x00000000080118b8       0x60 project_build//Volumes/DATA/Bruno/eclipse-workspace/mios32/trunk/FreeRTOS/Source/tasks.o
                0x00000000080118b8                vTaskDelayUntil
 .text.vTaskSwitchContext
                0x0000000008011918       0x54 project_build//Volumes/DATA/Bruno/eclipse-workspace/mios32/trunk/FreeRTOS/Source/tasks.o
                0x0000000008011918                vTaskSwitchContext
 .text.vTaskPlaceOnEventList
                0x000000000801196c       0x20 project_build//Volumes/DATA/Bruno/eclipse-workspace/mios32/trunk/FreeRTOS/Source/tasks.o
                0x000000000801196c                vTaskPlaceOnEventList
 .text.xTaskRemoveFromEventList
                0x000000000801198c       0x70 project_build//Volumes/DATA/Bruno/eclipse-workspace/mios32/trunk/FreeRTOS/Source/tasks.o
                0x000000000801198c                xTaskRemoveFromEventList
 .text.vTaskSetTimeOutState
                0x00000000080119fc       0x18 project_build//Volumes/DATA/Bruno/eclipse-workspace/mios32/trunk/FreeRTOS/Source/tasks.o
                0x00000000080119fc                vTaskSetTimeOutState
 .text.xTaskCheckForTimeOut
                0x0000000008011a14       0x64 project_build//Volumes/DATA/Bruno/eclipse-workspace/mios32/trunk/FreeRTOS/Source/tasks.o
                0x0000000008011a14                xTaskCheckForTimeOut
 .text.vTaskMissedYield
                0x0000000008011a78        0xc project_build//Volumes/DATA/Bruno/eclipse-workspace/mios32/trunk/FreeRTOS/Source/tasks.o
                0x0000000008011a78                vTaskMissedYield
 .text.xTaskGetCurrentTaskHandle
                0x0000000008011a84        0xc project_build//Volumes/DATA/Bruno/eclipse-workspace/mios32/trunk/FreeRTOS/Source/tasks.o
                0x0000000008011a84                xTaskGetCurrentTaskHandle
 .text.vTaskPriorityInherit
                0x0000000008011a90       0x94 project_build//Volumes/DATA/Bruno/eclipse-workspace/mios32/trunk/FreeRTOS/Source/tasks.o
                0x0000000008011a90                vTaskPriorityInherit
 .text.xTaskPriorityDisinherit
                0x0000000008011b24       0x74 project_build//Volumes/DATA/Bruno/eclipse-workspace/mios32/trunk/FreeRTOS/Source/tasks.o
                0x0000000008011b24                xTaskPriorityDisinherit
 .text.pvTaskIncrementMutexHeldCount
                0x0000000008011b98       0x18 project_build//Volumes/DATA/Bruno/eclipse-workspace/mios32/trunk/FreeRTOS/Source/tasks.o
                0x0000000008011b98                pvTaskIncrementMutexHeldCount
 .text.vListInitialise
                0x0000000008011bb0       0x16 project_build//Volumes/DATA/Bruno/eclipse-workspace/mios32/trunk/FreeRTOS/Source/list.o
                0x0000000008011bb0                vListInitialise
 .text.vListInitialiseItem
                0x0000000008011bc6        0x6 project_build//Volumes/DATA/Bruno/eclipse-workspace/mios32/trunk/FreeRTOS/Source/list.o
                0x0000000008011bc6                vListInitialiseItem
 .text.vListInsertEnd
                0x0000000008011bcc       0x18 project_build//Volumes/DATA/Bruno/eclipse-workspace/mios32/trunk/FreeRTOS/Source/list.o
                0x0000000008011bcc                vListInsertEnd
 .text.vListInsert
                0x0000000008011be4       0x30 project_build//Volumes/DATA/Bruno/eclipse-workspace/mios32/trunk/FreeRTOS/Source/list.o
                0x0000000008011be4                vListInsert
 .text.uxListRemove
                0x0000000008011c14       0x20 project_build//Volumes/DATA/Bruno/eclipse-workspace/mios32/trunk/FreeRTOS/Source/list.o
                0x0000000008011c14                uxListRemove
 .text.prvCopyDataFromQueue
                0x0000000008011c34       0x26 project_build//Volumes/DATA/Bruno/eclipse-workspace/mios32/trunk/FreeRTOS/Source/queue.o
 .text.prvUnlockQueue
                0x0000000008011c5a       0x68 project_build//Volumes/DATA/Bruno/eclipse-workspace/mios32/trunk/FreeRTOS/Source/queue.o
 .text.prvCopyDataToQueue
                0x0000000008011cc2       0x66 project_build//Volumes/DATA/Bruno/eclipse-workspace/mios32/trunk/FreeRTOS/Source/queue.o
 .text.xQueueGenericReset
                0x0000000008011d28       0x6c project_build//Volumes/DATA/Bruno/eclipse-workspace/mios32/trunk/FreeRTOS/Source/queue.o
                0x0000000008011d28                xQueueGenericReset
 .text.xQueueGenericCreate
                0x0000000008011d94       0x36 project_build//Volumes/DATA/Bruno/eclipse-workspace/mios32/trunk/FreeRTOS/Source/queue.o
                0x0000000008011d94                xQueueGenericCreate
 *fill*         0x0000000008011dca        0x2 00
 .text.xQueueGenericSend
                0x0000000008011dcc       0xf8 project_build//Volumes/DATA/Bruno/eclipse-workspace/mios32/trunk/FreeRTOS/Source/queue.o
                0x0000000008011dcc                xQueueGenericSend
 .text.xQueueGiveMutexRecursive
                0x0000000008011ec4       0x2a project_build//Volumes/DATA/Bruno/eclipse-workspace/mios32/trunk/FreeRTOS/Source/queue.o
                0x0000000008011ec4                xQueueGiveMutexRecursive
 .text.xQueueCreateMutex
                0x0000000008011eee       0x24 project_build//Volumes/DATA/Bruno/eclipse-workspace/mios32/trunk/FreeRTOS/Source/queue.o
                0x0000000008011eee                xQueueCreateMutex
 *fill*         0x0000000008011f12        0x2 00
 .text.xQueueGenericReceive
                0x0000000008011f14      0x12c project_build//Volumes/DATA/Bruno/eclipse-workspace/mios32/trunk/FreeRTOS/Source/queue.o
                0x0000000008011f14                xQueueGenericReceive
 .text.xQueueTakeMutexRecursive
                0x0000000008012040       0x30 project_build//Volumes/DATA/Bruno/eclipse-workspace/mios32/trunk/FreeRTOS/Source/queue.o
                0x0000000008012040                xQueueTakeMutexRecursive
 .text.prvTaskExitError
                0x0000000008012070       0x12 project_build//Volumes/DATA/Bruno/eclipse-workspace/mios32/trunk/FreeRTOS/Source/portable/GCC/ARM_CM3/port.o
 *fill*         0x0000000008012082        0x2 00
 .text.prvPortStartFirstTask
                0x0000000008012084       0x20 project_build//Volumes/DATA/Bruno/eclipse-workspace/mios32/trunk/FreeRTOS/Source/portable/GCC/ARM_CM3/port.o
 .text.pxPortInitialiseStack
                0x00000000080120a4       0x24 project_build//Volumes/DATA/Bruno/eclipse-workspace/mios32/trunk/FreeRTOS/Source/portable/GCC/ARM_CM3/port.o
                0x00000000080120a4                pxPortInitialiseStack
 *fill*         0x00000000080120c8        0x8 00
 .text.vPortSVCHandler
                0x00000000080120d0       0x30 project_build//Volumes/DATA/Bruno/eclipse-workspace/mios32/trunk/FreeRTOS/Source/portable/GCC/ARM_CM3/port.o
                0x00000000080120d0                vPortSVCHandler
 .text.vPortEnterCritical
                0x0000000008012100       0x20 project_build//Volumes/DATA/Bruno/eclipse-workspace/mios32/trunk/FreeRTOS/Source/portable/GCC/ARM_CM3/port.o
                0x0000000008012100                vPortEnterCritical
 .text.vPortExitCritical
                0x0000000008012120       0x14 project_build//Volumes/DATA/Bruno/eclipse-workspace/mios32/trunk/FreeRTOS/Source/portable/GCC/ARM_CM3/port.o
                0x0000000008012120                vPortExitCritical
 *fill*         0x0000000008012134        0xc 00
 .text.xPortPendSVHandler
                0x0000000008012140       0x50 project_build//Volumes/DATA/Bruno/eclipse-workspace/mios32/trunk/FreeRTOS/Source/portable/GCC/ARM_CM3/port.o
                0x0000000008012140                xPortPendSVHandler
 .text.xPortSysTickHandler
                0x0000000008012190       0x2c project_build//Volumes/DATA/Bruno/eclipse-workspace/mios32/trunk/FreeRTOS/Source/portable/GCC/ARM_CM3/port.o
                0x0000000008012190                xPortSysTickHandler
 .text.vPortSetupTimerInterrupt
                0x00000000080121bc       0x18 project_build//Volumes/DATA/Bruno/eclipse-workspace/mios32/trunk/FreeRTOS/Source/portable/GCC/ARM_CM3/port.o
                0x00000000080121bc                vPortSetupTimerInterrupt
 .text.xPortStartScheduler
                0x00000000080121d4       0x30 project_build//Volumes/DATA/Bruno/eclipse-workspace/mios32/trunk/FreeRTOS/Source/portable/GCC/ARM_CM3/port.o
                0x00000000080121d4                xPortStartScheduler
 .text.prvInsertBlockIntoFreeList
                0x0000000008012204       0x48 project_build//Volumes/DATA/Bruno/eclipse-workspace/mios32/trunk/FreeRTOS/Source/portable/MemMang/heap_4.o
 .text.pvPortMalloc
                0x000000000801224c      0x100 project_build//Volumes/DATA/Bruno/eclipse-workspace/mios32/trunk/FreeRTOS/Source/portable/MemMang/heap_4.o
                0x000000000801224c                pvPortMalloc
 .text.vPortFree
                0x000000000801234c       0x4c project_build//Volumes/DATA/Bruno/eclipse-workspace/mios32/trunk/FreeRTOS/Source/portable/MemMang/heap_4.o
                0x000000000801234c                vPortFree
 .text.Default_Handler
                0x0000000008012398        0x2 project_build//Volumes/DATA/Bruno/eclipse-workspace/mios32/trunk/programming_models/traditional/startup_stm32f4xx.o
                0x0000000008012398                DMA2_Stream6_IRQHandler
                0x0000000008012398                HASH_RNG_IRQHandler
                0x0000000008012398                EXTI2_IRQHandler
                0x0000000008012398                TIM8_CC_IRQHandler
                0x0000000008012398                DebugMon_Handler
                0x0000000008012398                TIM1_CC_IRQHandler
                0x0000000008012398                DMA2_Stream5_IRQHandler
                0x0000000008012398                DMA1_Stream5_IRQHandler
                0x0000000008012398                SysTick_Handler
                0x0000000008012398                PVD_IRQHandler
                0x0000000008012398                SDIO_IRQHandler
                0x0000000008012398                TAMP_STAMP_IRQHandler
                0x0000000008012398                PendSV_Handler
                0x0000000008012398                NMI_Handler
                0x0000000008012398                CAN2_RX1_IRQHandler
                0x0000000008012398                EXTI3_IRQHandler
                0x0000000008012398                TIM8_TRG_COM_TIM14_IRQHandler
                0x0000000008012398                TIM1_UP_TIM10_IRQHandler
                0x0000000008012398                TIM8_UP_TIM13_IRQHandler
                0x0000000008012398                I2C3_ER_IRQHandler
                0x0000000008012398                EXTI0_IRQHandler
                0x0000000008012398                CAN1_RX0_IRQHandler
                0x0000000008012398                FPU_IRQHandler
                0x0000000008012398                OTG_HS_WKUP_IRQHandler
                0x0000000008012398                UsageFault_Handler
                0x0000000008012398                CAN2_SCE_IRQHandler
                0x0000000008012398                SPI1_IRQHandler
                0x0000000008012398                TIM6_DAC_IRQHandler
                0x0000000008012398                TIM1_BRK_TIM9_IRQHandler
                0x0000000008012398                DCMI_IRQHandler
                0x0000000008012398                CAN2_RX0_IRQHandler
                0x0000000008012398                DMA2_Stream3_IRQHandler
                0x0000000008012398                CRYP_IRQHandler
                0x0000000008012398                CAN1_RX1_IRQHandler
                0x0000000008012398                DMA2_Stream0_IRQHandler
                0x0000000008012398                TIM4_IRQHandler
                0x0000000008012398                DMA1_Stream6_IRQHandler
                0x0000000008012398                DMA1_Stream1_IRQHandler
                0x0000000008012398                UART4_IRQHandler
                0x0000000008012398                RCC_IRQHandler
                0x0000000008012398                TIM8_BRK_TIM12_IRQHandler
                0x0000000008012398                Default_Handler
                0x0000000008012398                EXTI15_10_IRQHandler
                0x0000000008012398                ADC_IRQHandler
                0x0000000008012398                DMA1_Stream7_IRQHandler
                0x0000000008012398                TIM7_IRQHandler
                0x0000000008012398                CAN2_TX_IRQHandler
                0x0000000008012398                DMA2_Stream7_IRQHandler
                0x0000000008012398                I2C3_EV_IRQHandler
                0x0000000008012398                EXTI9_5_IRQHandler
                0x0000000008012398                RTC_WKUP_IRQHandler
                0x0000000008012398                ETH_WKUP_IRQHandler
                0x0000000008012398                SPI2_IRQHandler
                0x0000000008012398                OTG_HS_EP1_IN_IRQHandler
                0x0000000008012398                MemManage_Handler
                0x0000000008012398                DMA1_Stream0_IRQHandler
                0x0000000008012398                CAN1_TX_IRQHandler
                0x0000000008012398                SVC_Handler
                0x0000000008012398                EXTI4_IRQHandler
                0x0000000008012398                FSMC_IRQHandler
                0x0000000008012398                ETH_IRQHandler
                0x0000000008012398                OTG_HS_EP1_OUT_IRQHandler
                0x0000000008012398                WWDG_IRQHandler
                0x0000000008012398                OTG_FS_WKUP_IRQHandler
                0x0000000008012398                TIM1_TRG_COM_TIM11_IRQHandler
                0x0000000008012398                OTG_HS_IRQHandler
                0x0000000008012398                EXTI1_IRQHandler
                0x0000000008012398                DMA2_Stream1_IRQHandler
                0x0000000008012398                CAN1_SCE_IRQHandler
                0x0000000008012398                FLASH_IRQHandler
                0x0000000008012398                DMA2_Stream4_IRQHandler
                0x0000000008012398                BusFault_Handler
                0x0000000008012398                SPI3_IRQHandler
                0x0000000008012398                DMA1_Stream4_IRQHandler
                0x0000000008012398                RTC_Alarm_IRQHandler
 *fill*         0x000000000801239a        0x2 00
 .text.Reset_Handler
                0x000000000801239c       0x4c project_build//Volumes/DATA/Bruno/eclipse-workspace/mios32/trunk/programming_models/traditional/startup_stm32f4xx.o
                0x000000000801239c                Reset_Handler
 .text._init    0x00000000080123e8        0x2 project_build//Volumes/DATA/Bruno/eclipse-workspace/mios32/trunk/programming_models/traditional/startup_stm32f4xx.o
                0x00000000080123e8                _init
 *fill*         0x00000000080123ea        0x2 00
 .text.MIOS32_SRIO_DMA_Callback
                0x00000000080123ec       0xac project_build//Volumes/DATA/Bruno/eclipse-workspace/mios32/trunk/mios32/common/mios32_srio.o
 .text.MIOS32_SRIO_Init
                0x0000000008012498       0x90 project_build//Volumes/DATA/Bruno/eclipse-workspace/mios32/trunk/mios32/common/mios32_srio.o
                0x0000000008012498                MIOS32_SRIO_Init
 .text.MIOS32_SRIO_ScanNumGet
                0x0000000008012528        0xc project_build//Volumes/DATA/Bruno/eclipse-workspace/mios32/trunk/mios32/common/mios32_srio.o
                0x0000000008012528                MIOS32_SRIO_ScanNumGet
 .text.MIOS32_SRIO_DebounceStart
                0x0000000008012534       0x14 project_build//Volumes/DATA/Bruno/eclipse-workspace/mios32/trunk/mios32/common/mios32_srio.o
                0x0000000008012534                MIOS32_SRIO_DebounceStart
 .text.MIOS32_SRIO_ScanStart
                0x0000000008012548       0x78 project_build//Volumes/DATA/Bruno/eclipse-workspace/mios32/trunk/mios32/common/mios32_srio.o
                0x0000000008012548                MIOS32_SRIO_ScanStart
 .text.MIOS32_DIN_Init
                0x00000000080125c0       0x28 project_build//Volumes/DATA/Bruno/eclipse-workspace/mios32/trunk/mios32/common/mios32_din.o
                0x00000000080125c0                MIOS32_DIN_Init
 .text.MIOS32_DIN_SRChangedGetAndClear
                0x00000000080125e8       0x30 project_build//Volumes/DATA/Bruno/eclipse-workspace/mios32/trunk/mios32/common/mios32_din.o
                0x00000000080125e8                MIOS32_DIN_SRChangedGetAndClear
 .text.MIOS32_DIN_Handler
                0x0000000008012618       0x64 project_build//Volumes/DATA/Bruno/eclipse-workspace/mios32/trunk/mios32/common/mios32_din.o
                0x0000000008012618                MIOS32_DIN_Handler
 .text.MIOS32_DOUT_Init
                0x000000000801267c       0x1c project_build//Volumes/DATA/Bruno/eclipse-workspace/mios32/trunk/mios32/common/mios32_dout.o
                0x000000000801267c                MIOS32_DOUT_Init
 .text.MIOS32_ENC_Init
                0x0000000008012698       0x6c project_build//Volumes/DATA/Bruno/eclipse-workspace/mios32/trunk/mios32/common/mios32_enc.o
                0x0000000008012698                MIOS32_ENC_Init
 .text.MIOS32_ENC_UpdateStates
                0x0000000008012704      0x26c project_build//Volumes/DATA/Bruno/eclipse-workspace/mios32/trunk/mios32/common/mios32_enc.o
                0x0000000008012704                MIOS32_ENC_UpdateStates
 .text.MIOS32_ENC_Handler
                0x0000000008012970       0x44 project_build//Volumes/DATA/Bruno/eclipse-workspace/mios32/trunk/mios32/common/mios32_enc.o
                0x0000000008012970                MIOS32_ENC_Handler
 .text.MIOS32_LCD_ParametersFetchFromBslInfoRange
                0x00000000080129b4       0x64 project_build//Volumes/DATA/Bruno/eclipse-workspace/mios32/trunk/mios32/common/mios32_lcd.o
                0x00000000080129b4                MIOS32_LCD_ParametersFetchFromBslInfoRange
 .text.MIOS32_LCD_TypeIsGLCD
                0x0000000008012a18       0x10 project_build//Volumes/DATA/Bruno/eclipse-workspace/mios32/trunk/mios32/common/mios32_lcd.o
                0x0000000008012a18                MIOS32_LCD_TypeIsGLCD
 .text.MIOS32_LCD_DeviceSet
                0x0000000008012a28        0xc project_build//Volumes/DATA/Bruno/eclipse-workspace/mios32/trunk/mios32/common/mios32_lcd.o
                0x0000000008012a28                MIOS32_LCD_DeviceSet
 .text.MIOS32_LCD_CursorSet
                0x0000000008012a34       0x44 project_build//Volumes/DATA/Bruno/eclipse-workspace/mios32/trunk/mios32/common/mios32_lcd.o
                0x0000000008012a34                MIOS32_LCD_CursorSet
 .text.MIOS32_LCD_GCursorSet
                0x0000000008012a78       0x14 project_build//Volumes/DATA/Bruno/eclipse-workspace/mios32/trunk/mios32/common/mios32_lcd.o
                0x0000000008012a78                MIOS32_LCD_GCursorSet
 .text.MIOS32_LCD_CursorMapSet
                0x0000000008012a8c       0x18 project_build//Volumes/DATA/Bruno/eclipse-workspace/mios32/trunk/mios32/common/mios32_lcd.o
                0x0000000008012a8c                MIOS32_LCD_CursorMapSet
 .text.MIOS32_LCD_FontInit
                0x0000000008012aa4       0x24 project_build//Volumes/DATA/Bruno/eclipse-workspace/mios32/trunk/mios32/common/mios32_lcd.o
                0x0000000008012aa4                MIOS32_LCD_FontInit
 .text.MIOS32_LCD_Clear
                0x0000000008012ac8        0x4 project_build//Volumes/DATA/Bruno/eclipse-workspace/mios32/trunk/mios32/common/mios32_lcd.o
                0x0000000008012ac8                MIOS32_LCD_Clear
 .text.MIOS32_LCD_Init
                0x0000000008012acc       0x54 project_build//Volumes/DATA/Bruno/eclipse-workspace/mios32/trunk/mios32/common/mios32_lcd.o
                0x0000000008012acc                MIOS32_LCD_Init
 .text.MIOS32_LCD_PrintChar
                0x0000000008012b20       0x64 project_build//Volumes/DATA/Bruno/eclipse-workspace/mios32/trunk/mios32/common/mios32_lcd.o
                0x0000000008012b20                MIOS32_LCD_PrintChar
 .text.MIOS32_LCD_PrintString
                0x0000000008012b84       0x18 project_build//Volumes/DATA/Bruno/eclipse-workspace/mios32/trunk/mios32/common/mios32_lcd.o
                0x0000000008012b84                MIOS32_LCD_PrintString
 .text.MIOS32_LCD_PrintBootMessage
                0x0000000008012b9c       0x3c project_build//Volumes/DATA/Bruno/eclipse-workspace/mios32/trunk/mios32/common/mios32_lcd.o
                0x0000000008012b9c                MIOS32_LCD_PrintBootMessage
 .text.MIOS32_LCD_PrintFormattedString
                0x0000000008012bd8       0x24 project_build//Volumes/DATA/Bruno/eclipse-workspace/mios32/trunk/mios32/common/mios32_lcd.o
                0x0000000008012bd8                MIOS32_LCD_PrintFormattedString
 .text.MIOS32_LCD_BColourSet
                0x0000000008012bfc        0x4 project_build//Volumes/DATA/Bruno/eclipse-workspace/mios32/trunk/mios32/common/mios32_lcd.o
                0x0000000008012bfc                MIOS32_LCD_BColourSet
 .text.MIOS32_LCD_FColourSet
                0x0000000008012c00        0x4 project_build//Volumes/DATA/Bruno/eclipse-workspace/mios32/trunk/mios32/common/mios32_lcd.o
                0x0000000008012c00                MIOS32_LCD_FColourSet
 .text.MIOS32_MIDI_Init
                0x0000000008012c04       0xd8 project_build//Volumes/DATA/Bruno/eclipse-workspace/mios32/trunk/mios32/common/mios32_midi.o
                0x0000000008012c04                MIOS32_MIDI_Init
 .text.MIOS32_MIDI_SendPackage
                0x0000000008012cdc       0x9c project_build//Volumes/DATA/Bruno/eclipse-workspace/mios32/trunk/mios32/common/mios32_midi.o
                0x0000000008012cdc                MIOS32_MIDI_SendPackage
 .text.MIOS32_MIDI_SendSysEx
                0x0000000008012d78       0x82 project_build//Volumes/DATA/Bruno/eclipse-workspace/mios32/trunk/mios32/common/mios32_midi.o
                0x0000000008012d78                MIOS32_MIDI_SendSysEx
 *fill*         0x0000000008012dfa        0x2 00
 .text.MIOS32_MIDI_SYSEX_SendAckStr
                0x0000000008012dfc       0x5c project_build//Volumes/DATA/Bruno/eclipse-workspace/mios32/trunk/mios32/common/mios32_midi.o
 .text.MIOS32_MIDI_SYSEX_SendAck
                0x0000000008012e58       0x48 project_build//Volumes/DATA/Bruno/eclipse-workspace/mios32/trunk/mios32/common/mios32_midi.o
 .text.MIOS32_MIDI_SendDebugStringHeader
                0x0000000008012ea0       0x68 project_build//Volumes/DATA/Bruno/eclipse-workspace/mios32/trunk/mios32/common/mios32_midi.o
                0x0000000008012ea0                MIOS32_MIDI_SendDebugStringHeader
 .text.MIOS32_MIDI_SendDebugStringBody
                0x0000000008012f08       0x6a project_build//Volumes/DATA/Bruno/eclipse-workspace/mios32/trunk/mios32/common/mios32_midi.o
                0x0000000008012f08                MIOS32_MIDI_SendDebugStringBody
 .text.MIOS32_MIDI_SendDebugStringFooter
                0x0000000008012f72       0x1a project_build//Volumes/DATA/Bruno/eclipse-workspace/mios32/trunk/mios32/common/mios32_midi.o
                0x0000000008012f72                MIOS32_MIDI_SendDebugStringFooter
 .text.MIOS32_MIDI_SendDebugString
                0x0000000008012f8c       0x38 project_build//Volumes/DATA/Bruno/eclipse-workspace/mios32/trunk/mios32/common/mios32_midi.o
                0x0000000008012f8c                MIOS32_MIDI_SendDebugString
 .text.MIOS32_MIDI_SendDebugMessage
                0x0000000008012fc4       0x50 project_build//Volumes/DATA/Bruno/eclipse-workspace/mios32/trunk/mios32/common/mios32_midi.o
                0x0000000008012fc4                MIOS32_MIDI_SendDebugMessage
 .text.MIOS32_MIDI_TimeOut
                0x0000000008013014       0x50 project_build//Volumes/DATA/Bruno/eclipse-workspace/mios32/trunk/mios32/common/mios32_midi.o
 .text.MIOS32_MIDI_Periodic_mS
                0x0000000008013064       0x34 project_build//Volumes/DATA/Bruno/eclipse-workspace/mios32/trunk/mios32/common/mios32_midi.o
                0x0000000008013064                MIOS32_MIDI_Periodic_mS
 .text.MIOS32_MIDI_SendByteToRxCallback
                0x0000000008013098       0x14 project_build//Volumes/DATA/Bruno/eclipse-workspace/mios32/trunk/mios32/common/mios32_midi.o
                0x0000000008013098                MIOS32_MIDI_SendByteToRxCallback
 .text.MIOS32_MIDI_SendPackageToRxCallback
                0x00000000080130ac       0x50 project_build//Volumes/DATA/Bruno/eclipse-workspace/mios32/trunk/mios32/common/mios32_midi.o
                0x00000000080130ac                MIOS32_MIDI_SendPackageToRxCallback
 .text.MIOS32_MIDI_DebugPortSet
                0x00000000080130fc       0x18 project_build//Volumes/DATA/Bruno/eclipse-workspace/mios32/trunk/mios32/common/mios32_midi.o
                0x00000000080130fc                MIOS32_MIDI_DebugPortSet
 .text.MIOS32_MIDI_SYSEX_Cmd
                0x0000000008013114      0x1b4 project_build//Volumes/DATA/Bruno/eclipse-workspace/mios32/trunk/mios32/common/mios32_midi.o
 .text.MIOS32_MIDI_SYSEX_Parser
                0x00000000080132c8       0xd8 project_build//Volumes/DATA/Bruno/eclipse-workspace/mios32/trunk/mios32/common/mios32_midi.o
 .text.MIOS32_MIDI_ReceivePackage
                0x00000000080133a0      0x228 project_build//Volumes/DATA/Bruno/eclipse-workspace/mios32/trunk/mios32/common/mios32_midi.o
                0x00000000080133a0                MIOS32_MIDI_ReceivePackage
 .text.MIOS32_MIDI_Receive_Handler
                0x00000000080135c8      0x138 project_build//Volumes/DATA/Bruno/eclipse-workspace/mios32/trunk/mios32/common/mios32_midi.o
                0x00000000080135c8                MIOS32_MIDI_Receive_Handler
 .text.MIOS32_MIDI_DebugPortGet
                0x0000000008013700        0xc project_build//Volumes/DATA/Bruno/eclipse-workspace/mios32/trunk/mios32/common/mios32_midi.o
                0x0000000008013700                MIOS32_MIDI_DebugPortGet
 .text.MIOS32_MIDI_DebugCommandCallback_Init
                0x000000000801370c        0xc project_build//Volumes/DATA/Bruno/eclipse-workspace/mios32/trunk/mios32/common/mios32_midi.o
                0x000000000801370c                MIOS32_MIDI_DebugCommandCallback_Init
 .text.MIOS32_OSC_Init
                0x0000000008013718        0xc project_build//Volumes/DATA/Bruno/eclipse-workspace/mios32/trunk/mios32/common/mios32_osc.o
                0x0000000008013718                MIOS32_OSC_Init
 .text.MIOS32_COM_Init
                0x0000000008013724       0x24 project_build//Volumes/DATA/Bruno/eclipse-workspace/mios32/trunk/mios32/common/mios32_com.o
                0x0000000008013724                MIOS32_COM_Init
 .text.MIOS32_COM_SendBuffer
                0x0000000008013748       0x2c project_build//Volumes/DATA/Bruno/eclipse-workspace/mios32/trunk/mios32/common/mios32_com.o
                0x0000000008013748                MIOS32_COM_SendBuffer
 .text.MIOS32_COM_SendChar
                0x0000000008013774       0x12 project_build//Volumes/DATA/Bruno/eclipse-workspace/mios32/trunk/mios32/common/mios32_com.o
                0x0000000008013774                MIOS32_COM_SendChar
 *fill*         0x0000000008013786        0x2 00
 .text.MIOS32_COM_Receive_Handler
                0x0000000008013788       0xa8 project_build//Volumes/DATA/Bruno/eclipse-workspace/mios32/trunk/mios32/common/mios32_com.o
                0x0000000008013788                MIOS32_COM_Receive_Handler
 .text.MIOS32_UART_MIDI_CheckAvailable
                0x0000000008013830       0x10 project_build//Volumes/DATA/Bruno/eclipse-workspace/mios32/trunk/mios32/common/mios32_uart_midi.o
                0x0000000008013830                MIOS32_UART_MIDI_CheckAvailable
 .text.MIOS32_UART_MIDI_RS_Reset
                0x0000000008013840       0x30 project_build//Volumes/DATA/Bruno/eclipse-workspace/mios32/trunk/mios32/common/mios32_uart_midi.o
                0x0000000008013840                MIOS32_UART_MIDI_RS_Reset
 .text.MIOS32_UART_MIDI_Init
                0x0000000008013870       0x5c project_build//Volumes/DATA/Bruno/eclipse-workspace/mios32/trunk/mios32/common/mios32_uart_midi.o
                0x0000000008013870                MIOS32_UART_MIDI_Init
 .text.MIOS32_UART_MIDI_Periodic_mS
                0x00000000080138cc       0x3c project_build//Volumes/DATA/Bruno/eclipse-workspace/mios32/trunk/mios32/common/mios32_uart_midi.o
                0x00000000080138cc                MIOS32_UART_MIDI_Periodic_mS
 .text.MIOS32_UART_MIDI_PackageSend_NonBlocking
                0x0000000008013908       0xc4 project_build//Volumes/DATA/Bruno/eclipse-workspace/mios32/trunk/mios32/common/mios32_uart_midi.o
                0x0000000008013908                MIOS32_UART_MIDI_PackageSend_NonBlocking
 .text.MIOS32_UART_MIDI_PackageSend
                0x00000000080139cc       0x14 project_build//Volumes/DATA/Bruno/eclipse-workspace/mios32/trunk/mios32/common/mios32_uart_midi.o
                0x00000000080139cc                MIOS32_UART_MIDI_PackageSend
 .text.MIOS32_UART_MIDI_PackageReceive
                0x00000000080139e0      0x1b4 project_build//Volumes/DATA/Bruno/eclipse-workspace/mios32/trunk/mios32/common/mios32_uart_midi.o
                0x00000000080139e0                MIOS32_UART_MIDI_PackageReceive
 .text.MIOS32_SPI_MIDI_Init
                0x0000000008013b94        0x6 project_build//Volumes/DATA/Bruno/eclipse-workspace/mios32/trunk/mios32/common/mios32_spi_midi.o
                0x0000000008013b94                MIOS32_SPI_MIDI_Init
 .text.MIOS32_SPI_MIDI_Periodic_mS
                0x0000000008013b9a        0x4 project_build//Volumes/DATA/Bruno/eclipse-workspace/mios32/trunk/mios32/common/mios32_spi_midi.o
                0x0000000008013b9a                MIOS32_SPI_MIDI_Periodic_mS
 .text.MIOS32_SPI_MIDI_PackageSend
                0x0000000008013b9e        0x6 project_build//Volumes/DATA/Bruno/eclipse-workspace/mios32/trunk/mios32/common/mios32_spi_midi.o
                0x0000000008013b9e                MIOS32_SPI_MIDI_PackageSend
 .text.MIOS32_SPI_MIDI_PackageReceive
                0x0000000008013ba4        0x6 project_build//Volumes/DATA/Bruno/eclipse-workspace/mios32/trunk/mios32/common/mios32_spi_midi.o
                0x0000000008013ba4                MIOS32_SPI_MIDI_PackageReceive
 .text.MIOS32_IIC_MIDI_Init
                0x0000000008013baa        0x6 project_build//Volumes/DATA/Bruno/eclipse-workspace/mios32/trunk/mios32/common/mios32_iic_midi.o
                0x0000000008013baa                MIOS32_IIC_MIDI_Init
 .text.MIOS32_IIC_MIDI_Periodic_mS
                0x0000000008013bb0        0x4 project_build//Volumes/DATA/Bruno/eclipse-workspace/mios32/trunk/mios32/common/mios32_iic_midi.o
                0x0000000008013bb0                MIOS32_IIC_MIDI_Periodic_mS
 .text.MIOS32_IIC_MIDI_PackageSend
                0x0000000008013bb4        0x6 project_build//Volumes/DATA/Bruno/eclipse-workspace/mios32/trunk/mios32/common/mios32_iic_midi.o
                0x0000000008013bb4                MIOS32_IIC_MIDI_PackageSend
 .text.MIOS32_IIC_BS_Init
                0x0000000008013bba        0x6 project_build//Volumes/DATA/Bruno/eclipse-workspace/mios32/trunk/mios32/common/mios32_iic_bs.o
                0x0000000008013bba                MIOS32_IIC_BS_Init
 .text.MIOS32_MF_Init
                0x0000000008013bc0        0x6 project_build//Volumes/DATA/Bruno/eclipse-workspace/mios32/trunk/mios32/common/mios32_mf.o
                0x0000000008013bc0                MIOS32_MF_Init
 .text.MIOS32_SDCARD_Init
                0x0000000008013bc6       0x20 project_build//Volumes/DATA/Bruno/eclipse-workspace/mios32/trunk/mios32/common/mios32_sdcard.o
                0x0000000008013bc6                MIOS32_SDCARD_Init
 .text.MIOS32_SDCARD_SendSDCCmd
                0x0000000008013be6      0x102 project_build//Volumes/DATA/Bruno/eclipse-workspace/mios32/trunk/mios32/common/mios32_sdcard.o
                0x0000000008013be6                MIOS32_SDCARD_SendSDCCmd
 .text.MIOS32_SDCARD_PowerOn
                0x0000000008013ce8      0x108 project_build//Volumes/DATA/Bruno/eclipse-workspace/mios32/trunk/mios32/common/mios32_sdcard.o
                0x0000000008013ce8                MIOS32_SDCARD_PowerOn
 .text.MIOS32_SDCARD_CheckAvailable
                0x0000000008013df0       0x8e project_build//Volumes/DATA/Bruno/eclipse-workspace/mios32/trunk/mios32/common/mios32_sdcard.o
                0x0000000008013df0                MIOS32_SDCARD_CheckAvailable
 *fill*         0x0000000008013e7e        0x2 00
 .text.MIOS32_SDCARD_SectorRead
                0x0000000008013e80       0x94 project_build//Volumes/DATA/Bruno/eclipse-workspace/mios32/trunk/mios32/common/mios32_sdcard.o
                0x0000000008013e80                MIOS32_SDCARD_SectorRead
 .text.MIOS32_SDCARD_SectorWrite
                0x0000000008013f14       0xb0 project_build//Volumes/DATA/Bruno/eclipse-workspace/mios32/trunk/mios32/common/mios32_sdcard.o
                0x0000000008013f14                MIOS32_SDCARD_SectorWrite
 .text.MIOS32_SDCARD_CIDRead
                0x0000000008013fc4       0xfe project_build//Volumes/DATA/Bruno/eclipse-workspace/mios32/trunk/mios32/common/mios32_sdcard.o
                0x0000000008013fc4                MIOS32_SDCARD_CIDRead
 .text.MIOS32_SDCARD_CSDRead
                0x00000000080140c2      0x1e8 project_build//Volumes/DATA/Bruno/eclipse-workspace/mios32/trunk/mios32/common/mios32_sdcard.o
                0x00000000080140c2                MIOS32_SDCARD_CSDRead
 *fill*         0x00000000080142aa        0x2 00
 .text.MIOS32_TIMESTAMP_Init
                0x00000000080142ac       0x14 project_build//Volumes/DATA/Bruno/eclipse-workspace/mios32/trunk/mios32/common/mios32_timestamp.o
                0x00000000080142ac                MIOS32_TIMESTAMP_Init
 .text.MIOS32_TIMESTAMP_Inc
                0x00000000080142c0       0x10 project_build//Volumes/DATA/Bruno/eclipse-workspace/mios32/trunk/mios32/common/mios32_timestamp.o
                0x00000000080142c0                MIOS32_TIMESTAMP_Inc
 .text.MIOS32_SYS_Reset
                0x00000000080142d0       0xac project_build//Volumes/DATA/Bruno/eclipse-workspace/mios32/trunk/mios32/STM32F4xx/mios32_sys.o
                0x00000000080142d0                MIOS32_SYS_Reset
 .text.MIOS32_SYS_ChipIDGet
                0x000000000801437c        0xc project_build//Volumes/DATA/Bruno/eclipse-workspace/mios32/trunk/mios32/STM32F4xx/mios32_sys.o
                0x000000000801437c                MIOS32_SYS_ChipIDGet
 .text.MIOS32_SYS_FlashSizeGet
                0x0000000008014388       0x10 project_build//Volumes/DATA/Bruno/eclipse-workspace/mios32/trunk/mios32/STM32F4xx/mios32_sys.o
                0x0000000008014388                MIOS32_SYS_FlashSizeGet
 .text.MIOS32_SYS_RAMSizeGet
                0x0000000008014398        0x6 project_build//Volumes/DATA/Bruno/eclipse-workspace/mios32/trunk/mios32/STM32F4xx/mios32_sys.o
                0x0000000008014398                MIOS32_SYS_RAMSizeGet
 *fill*         0x000000000801439e        0x2 00
 .text.MIOS32_SYS_SerialNumberGet
                0x00000000080143a0       0x34 project_build//Volumes/DATA/Bruno/eclipse-workspace/mios32/trunk/mios32/STM32F4xx/mios32_sys.o
                0x00000000080143a0                MIOS32_SYS_SerialNumberGet
 .text.MIOS32_SYS_TimeSet
                0x00000000080143d4       0x7c project_build//Volumes/DATA/Bruno/eclipse-workspace/mios32/trunk/mios32/STM32F4xx/mios32_sys.o
                0x00000000080143d4                MIOS32_SYS_TimeSet
 .text.MIOS32_SYS_Init
                0x0000000008014450      0x130 project_build//Volumes/DATA/Bruno/eclipse-workspace/mios32/trunk/mios32/STM32F4xx/mios32_sys.o
                0x0000000008014450                MIOS32_SYS_Init
 .text.MIOS32_SYS_TimeGet
                0x0000000008014580       0x32 project_build//Volumes/DATA/Bruno/eclipse-workspace/mios32/trunk/mios32/STM32F4xx/mios32_sys.o
                0x0000000008014580                MIOS32_SYS_TimeGet
 *fill*         0x00000000080145b2        0x2 00
 .text.MIOS32_IRQ_Disable
                0x00000000080145b4       0x28 project_build//Volumes/DATA/Bruno/eclipse-workspace/mios32/trunk/mios32/STM32F4xx/mios32_irq.o
                0x00000000080145b4                MIOS32_IRQ_Disable
 .text.MIOS32_IRQ_Enable
                0x00000000080145dc       0x28 project_build//Volumes/DATA/Bruno/eclipse-workspace/mios32/trunk/mios32/STM32F4xx/mios32_irq.o
                0x00000000080145dc                MIOS32_IRQ_Enable
 .text.MIOS32_IRQ_Install
                0x0000000008014604       0x4c project_build//Volumes/DATA/Bruno/eclipse-workspace/mios32/trunk/mios32/STM32F4xx/mios32_irq.o
                0x0000000008014604                MIOS32_IRQ_Install
 .text.MIOS32_SPI_IO_Init
                0x0000000008014650      0x27c project_build//Volumes/DATA/Bruno/eclipse-workspace/mios32/trunk/mios32/STM32F4xx/mios32_spi.o
                0x0000000008014650                MIOS32_SPI_IO_Init
 .text.MIOS32_SPI_RC_PinSet
                0x00000000080148cc       0x78 project_build//Volumes/DATA/Bruno/eclipse-workspace/mios32/trunk/mios32/STM32F4xx/mios32_spi.o
                0x00000000080148cc                MIOS32_SPI_RC_PinSet
 .text.MIOS32_SPI_TransferByte
                0x0000000008014944       0x4c project_build//Volumes/DATA/Bruno/eclipse-workspace/mios32/trunk/mios32/STM32F4xx/mios32_spi.o
                0x0000000008014944                MIOS32_SPI_TransferByte
 .text.MIOS32_SPI_TransferModeInit
                0x0000000008014990      0x110 project_build//Volumes/DATA/Bruno/eclipse-workspace/mios32/trunk/mios32/STM32F4xx/mios32_spi.o
                0x0000000008014990                MIOS32_SPI_TransferModeInit
 .text.MIOS32_SPI_Init
                0x0000000008014aa0      0x258 project_build//Volumes/DATA/Bruno/eclipse-workspace/mios32/trunk/mios32/STM32F4xx/mios32_spi.o
                0x0000000008014aa0                MIOS32_SPI_Init
 .text.MIOS32_SPI_TransferBlock
                0x0000000008014cf8      0x128 project_build//Volumes/DATA/Bruno/eclipse-workspace/mios32/trunk/mios32/STM32F4xx/mios32_spi.o
                0x0000000008014cf8                MIOS32_SPI_TransferBlock
 .text.DMA2_Stream2_IRQHandler
                0x0000000008014e20       0x20 project_build//Volumes/DATA/Bruno/eclipse-workspace/mios32/trunk/mios32/STM32F4xx/mios32_spi.o
                0x0000000008014e20                DMA2_Stream2_IRQHandler
 .text.DMA1_Stream3_IRQHandler
                0x0000000008014e40       0x20 project_build//Volumes/DATA/Bruno/eclipse-workspace/mios32/trunk/mios32/STM32F4xx/mios32_spi.o
                0x0000000008014e40                DMA1_Stream3_IRQHandler
 .text.DMA1_Stream2_IRQHandler
                0x0000000008014e60       0x20 project_build//Volumes/DATA/Bruno/eclipse-workspace/mios32/trunk/mios32/STM32F4xx/mios32_spi.o
                0x0000000008014e60                DMA1_Stream2_IRQHandler
 .text.MIOS32_BOARD_PinInitHlp
                0x0000000008014e80       0x74 project_build//Volumes/DATA/Bruno/eclipse-workspace/mios32/trunk/mios32/STM32F4xx/mios32_board.o
 .text.MIOS32_BOARD_Init
                0x0000000008014ef4       0x1c project_build//Volumes/DATA/Bruno/eclipse-workspace/mios32/trunk/mios32/STM32F4xx/mios32_board.o
                0x0000000008014ef4                MIOS32_BOARD_Init
 .text.MIOS32_BOARD_LED_Init
                0x0000000008014f10       0x58 project_build//Volumes/DATA/Bruno/eclipse-workspace/mios32/trunk/mios32/STM32F4xx/mios32_board.o
                0x0000000008014f10                MIOS32_BOARD_LED_Init
 .text.MIOS32_BOARD_LED_Set
                0x0000000008014f68       0x64 project_build//Volumes/DATA/Bruno/eclipse-workspace/mios32/trunk/mios32/STM32F4xx/mios32_board.o
                0x0000000008014f68                MIOS32_BOARD_LED_Set
 .text.MIOS32_BOARD_LED_Get
                0x0000000008014fcc       0x2c project_build//Volumes/DATA/Bruno/eclipse-workspace/mios32/trunk/mios32/STM32F4xx/mios32_board.o
                0x0000000008014fcc                MIOS32_BOARD_LED_Get
 .text.MIOS32_BOARD_J10_PinInit
                0x0000000008014ff8       0x48 project_build//Volumes/DATA/Bruno/eclipse-workspace/mios32/trunk/mios32/STM32F4xx/mios32_board.o
                0x0000000008014ff8                MIOS32_BOARD_J10_PinInit
 .text.MIOS32_BOARD_J10_PinSet
                0x0000000008015040       0x44 project_build//Volumes/DATA/Bruno/eclipse-workspace/mios32/trunk/mios32/STM32F4xx/mios32_board.o
                0x0000000008015040                MIOS32_BOARD_J10_PinSet
 .text.MIOS32_BOARD_J15_PortInit
                0x0000000008015084       0xc0 project_build//Volumes/DATA/Bruno/eclipse-workspace/mios32/trunk/mios32/STM32F4xx/mios32_board.o
                0x0000000008015084                MIOS32_BOARD_J15_PortInit
 .text.MIOS32_BOARD_J15_DataSet
                0x0000000008015144       0x44 project_build//Volumes/DATA/Bruno/eclipse-workspace/mios32/trunk/mios32/STM32F4xx/mios32_board.o
                0x0000000008015144                MIOS32_BOARD_J15_DataSet
 .text.MIOS32_BOARD_J15_SerDataShift
                0x0000000008015188       0x68 project_build//Volumes/DATA/Bruno/eclipse-workspace/mios32/trunk/mios32/STM32F4xx/mios32_board.o
                0x0000000008015188                MIOS32_BOARD_J15_SerDataShift
 .text.MIOS32_BOARD_J15_RS_Set
                0x00000000080151f0       0x18 project_build//Volumes/DATA/Bruno/eclipse-workspace/mios32/trunk/mios32/STM32F4xx/mios32_board.o
                0x00000000080151f0                MIOS32_BOARD_J15_RS_Set
 .text.MIOS32_BOARD_J15_RW_Set
                0x0000000008015208       0x18 project_build//Volumes/DATA/Bruno/eclipse-workspace/mios32/trunk/mios32/STM32F4xx/mios32_board.o
                0x0000000008015208                MIOS32_BOARD_J15_RW_Set
 .text.MIOS32_BOARD_J15_E_Set
                0x0000000008015220       0x30 project_build//Volumes/DATA/Bruno/eclipse-workspace/mios32/trunk/mios32/STM32F4xx/mios32_board.o
                0x0000000008015220                MIOS32_BOARD_J15_E_Set
 .text.MIOS32_BOARD_J15_GetD7In
                0x0000000008015250       0x10 project_build//Volumes/DATA/Bruno/eclipse-workspace/mios32/trunk/mios32/STM32F4xx/mios32_board.o
                0x0000000008015250                MIOS32_BOARD_J15_GetD7In
 .text.MIOS32_BOARD_J15_D7InPullUpEnable
                0x0000000008015260        0x4 project_build//Volumes/DATA/Bruno/eclipse-workspace/mios32/trunk/mios32/STM32F4xx/mios32_board.o
                0x0000000008015260                MIOS32_BOARD_J15_D7InPullUpEnable
 .text.MIOS32_BOARD_J15_PollUnbusy
                0x0000000008015264       0x80 project_build//Volumes/DATA/Bruno/eclipse-workspace/mios32/trunk/mios32/STM32F4xx/mios32_board.o
                0x0000000008015264                MIOS32_BOARD_J15_PollUnbusy
 .text.TIM2_IRQHandler
                0x00000000080152e4       0x24 project_build//Volumes/DATA/Bruno/eclipse-workspace/mios32/trunk/mios32/STM32F4xx/mios32_timer.o
                0x00000000080152e4                TIM2_IRQHandler
 .text.TIM3_IRQHandler
                0x0000000008015308       0x24 project_build//Volumes/DATA/Bruno/eclipse-workspace/mios32/trunk/mios32/STM32F4xx/mios32_timer.o
                0x0000000008015308                TIM3_IRQHandler
 .text.TIM5_IRQHandler
                0x000000000801532c       0x24 project_build//Volumes/DATA/Bruno/eclipse-workspace/mios32/trunk/mios32/STM32F4xx/mios32_timer.o
                0x000000000801532c                TIM5_IRQHandler
 .text.MIOS32_DELAY_Init
                0x0000000008015350       0x44 project_build//Volumes/DATA/Bruno/eclipse-workspace/mios32/trunk/mios32/STM32F4xx/mios32_delay.o
                0x0000000008015350                MIOS32_DELAY_Init
 .text.MIOS32_DELAY_Wait_uS
                0x0000000008015394       0x18 project_build//Volumes/DATA/Bruno/eclipse-workspace/mios32/trunk/mios32/STM32F4xx/mios32_delay.o
                0x0000000008015394                MIOS32_DELAY_Wait_uS
 .text.MIOS32_AIN_Init
                0x00000000080153ac        0x6 project_build//Volumes/DATA/Bruno/eclipse-workspace/mios32/trunk/mios32/STM32F4xx/mios32_ain.o
                0x00000000080153ac                MIOS32_AIN_Init
 .text.MIOS32_AIN_Handler
                0x00000000080153b2        0x6 project_build//Volumes/DATA/Bruno/eclipse-workspace/mios32/trunk/mios32/STM32F4xx/mios32_ain.o
                0x00000000080153b2                MIOS32_AIN_Handler
 .text.USBD_USR_DeviceDescriptor
                0x00000000080153b8        0xc project_build//Volumes/DATA/Bruno/eclipse-workspace/mios32/trunk/mios32/STM32F4xx/mios32_usb.o
 .text.USBD_USR_LangIDStrDescriptor
                0x00000000080153c4        0xc project_build//Volumes/DATA/Bruno/eclipse-workspace/mios32/trunk/mios32/STM32F4xx/mios32_usb.o
 .text.USBD_USR_Init
                0x00000000080153d0        0x2 project_build//Volumes/DATA/Bruno/eclipse-workspace/mios32/trunk/mios32/STM32F4xx/mios32_usb.o
 .text.USBD_USR_DeviceReset
                0x00000000080153d2        0x2 project_build//Volumes/DATA/Bruno/eclipse-workspace/mios32/trunk/mios32/STM32F4xx/mios32_usb.o
 .text.USBD_USR_DeviceConnected
                0x00000000080153d4        0x2 project_build//Volumes/DATA/Bruno/eclipse-workspace/mios32/trunk/mios32/STM32F4xx/mios32_usb.o
 .text.USBD_USR_DeviceSuspended
                0x00000000080153d6        0x2 project_build//Volumes/DATA/Bruno/eclipse-workspace/mios32/trunk/mios32/STM32F4xx/mios32_usb.o
 .text.USBD_USR_DeviceResumed
                0x00000000080153d8        0x2 project_build//Volumes/DATA/Bruno/eclipse-workspace/mios32/trunk/mios32/STM32F4xx/mios32_usb.o
 .text.USBH_USR_Init
                0x00000000080153da        0x2 project_build//Volumes/DATA/Bruno/eclipse-workspace/mios32/trunk/mios32/STM32F4xx/mios32_usb.o
 .text.USBH_USR_DeviceAttached
                0x00000000080153dc        0x2 project_build//Volumes/DATA/Bruno/eclipse-workspace/mios32/trunk/mios32/STM32F4xx/mios32_usb.o
 .text.USBH_USR_UnrecoveredError
                0x00000000080153de        0x2 project_build//Volumes/DATA/Bruno/eclipse-workspace/mios32/trunk/mios32/STM32F4xx/mios32_usb.o
 .text.USBH_USR_ResetDevice
                0x00000000080153e0        0x2 project_build//Volumes/DATA/Bruno/eclipse-workspace/mios32/trunk/mios32/STM32F4xx/mios32_usb.o
 .text.USBH_USR_DeviceSpeedDetected
                0x00000000080153e2        0x2 project_build//Volumes/DATA/Bruno/eclipse-workspace/mios32/trunk/mios32/STM32F4xx/mios32_usb.o
 .text.USBH_USR_Device_DescAvailable
                0x00000000080153e4        0x2 project_build//Volumes/DATA/Bruno/eclipse-workspace/mios32/trunk/mios32/STM32F4xx/mios32_usb.o
 .text.USBH_USR_DeviceAddressAssigned
                0x00000000080153e6        0x2 project_build//Volumes/DATA/Bruno/eclipse-workspace/mios32/trunk/mios32/STM32F4xx/mios32_usb.o
 .text.USBH_USR_Configuration_DescAvailable
                0x00000000080153e8        0x2 project_build//Volumes/DATA/Bruno/eclipse-workspace/mios32/trunk/mios32/STM32F4xx/mios32_usb.o
 .text.USBH_USR_Manufacturer_String
                0x00000000080153ea        0x2 project_build//Volumes/DATA/Bruno/eclipse-workspace/mios32/trunk/mios32/STM32F4xx/mios32_usb.o
 .text.USBH_USR_Product_String
                0x00000000080153ec        0x2 project_build//Volumes/DATA/Bruno/eclipse-workspace/mios32/trunk/mios32/STM32F4xx/mios32_usb.o
 .text.USBH_USR_SerialNum_String
                0x00000000080153ee        0x2 project_build//Volumes/DATA/Bruno/eclipse-workspace/mios32/trunk/mios32/STM32F4xx/mios32_usb.o
 .text.USBH_USR_EnumerationDone
                0x00000000080153f0        0x2 project_build//Volumes/DATA/Bruno/eclipse-workspace/mios32/trunk/mios32/STM32F4xx/mios32_usb.o
 .text.USBH_USR_DeviceNotSupported
                0x00000000080153f2        0x2 project_build//Volumes/DATA/Bruno/eclipse-workspace/mios32/trunk/mios32/STM32F4xx/mios32_usb.o
 .text.USBH_USR_UserInput
                0x00000000080153f4        0x4 project_build//Volumes/DATA/Bruno/eclipse-workspace/mios32/trunk/mios32/STM32F4xx/mios32_usb.o
 .text.USBH_USR_OverCurrentDetected
                0x00000000080153f8        0x2 project_build//Volumes/DATA/Bruno/eclipse-workspace/mios32/trunk/mios32/STM32F4xx/mios32_usb.o
 .text.USBH_USR_Application
                0x00000000080153fa        0x4 project_build//Volumes/DATA/Bruno/eclipse-workspace/mios32/trunk/mios32/STM32F4xx/mios32_usb.o
 .text.USBH_USR_DeInit
                0x00000000080153fe        0x2 project_build//Volumes/DATA/Bruno/eclipse-workspace/mios32/trunk/mios32/STM32F4xx/mios32_usb.o
 .text.MIOS32_USB_CLASS_Setup
                0x0000000008015400        0x4 project_build//Volumes/DATA/Bruno/eclipse-workspace/mios32/trunk/mios32/STM32F4xx/mios32_usb.o
 .text.MIOS32_USB_CLASS_EP0_RxReady
                0x0000000008015404        0x4 project_build//Volumes/DATA/Bruno/eclipse-workspace/mios32/trunk/mios32/STM32F4xx/mios32_usb.o
 .text.MIOS32_USB_CLASS_GetCfgDesc
                0x0000000008015408        0xc project_build//Volumes/DATA/Bruno/eclipse-workspace/mios32/trunk/mios32/STM32F4xx/mios32_usb.o
 .text.USBD_USR_SerialStrDescriptor
                0x0000000008015414       0x38 project_build//Volumes/DATA/Bruno/eclipse-workspace/mios32/trunk/mios32/STM32F4xx/mios32_usb.o
 .text.USBD_USR_ProductStrDescriptor
                0x000000000801544c       0x5c project_build//Volumes/DATA/Bruno/eclipse-workspace/mios32/trunk/mios32/STM32F4xx/mios32_usb.o
 .text.USBD_USR_InterfaceStrDescriptor
                0x00000000080154a8        0x4 project_build//Volumes/DATA/Bruno/eclipse-workspace/mios32/trunk/mios32/STM32F4xx/mios32_usb.o
 .text.USBD_USR_ConfigStrDescriptor
                0x00000000080154ac        0x4 project_build//Volumes/DATA/Bruno/eclipse-workspace/mios32/trunk/mios32/STM32F4xx/mios32_usb.o
 .text.MIOS32_USB_CLASS_GetUsrStrDesc
                0x00000000080154b0        0x6 project_build//Volumes/DATA/Bruno/eclipse-workspace/mios32/trunk/mios32/STM32F4xx/mios32_usb.o
 *fill*         0x00000000080154b6        0x2 00
 .text.USBD_USR_ManufacturerStrDescriptor
                0x00000000080154b8       0x2c project_build//Volumes/DATA/Bruno/eclipse-workspace/mios32/trunk/mios32/STM32F4xx/mios32_usb.o
 .text.MIOS32_USB_CLASS_DataOut
                0x00000000080154e4       0x12 project_build//Volumes/DATA/Bruno/eclipse-workspace/mios32/trunk/mios32/STM32F4xx/mios32_usb.o
 .text.MIOS32_USB_CLASS_DataIn
                0x00000000080154f6       0x12 project_build//Volumes/DATA/Bruno/eclipse-workspace/mios32/trunk/mios32/STM32F4xx/mios32_usb.o
 .text.MIOS32_USB_CLASS_DeInit
                0x0000000008015508       0x16 project_build//Volumes/DATA/Bruno/eclipse-workspace/mios32/trunk/mios32/STM32F4xx/mios32_usb.o
 .text.USBH_USR_DeviceDisconnected
                0x000000000801551e        0x6 project_build//Volumes/DATA/Bruno/eclipse-workspace/mios32/trunk/mios32/STM32F4xx/mios32_usb.o
 .text.USBD_USR_DeviceDisconnected
                0x0000000008015524        0x6 project_build//Volumes/DATA/Bruno/eclipse-workspace/mios32/trunk/mios32/STM32F4xx/mios32_usb.o
 .text.USBD_USR_DeviceConfigured
                0x000000000801552a        0x6 project_build//Volumes/DATA/Bruno/eclipse-workspace/mios32/trunk/mios32/STM32F4xx/mios32_usb.o
 .text.MIOS32_USB_CLASS_Init
                0x0000000008015530       0x34 project_build//Volumes/DATA/Bruno/eclipse-workspace/mios32/trunk/mios32/STM32F4xx/mios32_usb.o
 .text.USB_OTG_BSP_Init
                0x0000000008015564       0xa8 project_build//Volumes/DATA/Bruno/eclipse-workspace/mios32/trunk/mios32/STM32F4xx/mios32_usb.o
                0x0000000008015564                USB_OTG_BSP_Init
 .text.USB_OTG_BSP_EnableInterrupt
                0x000000000801560c        0x8 project_build//Volumes/DATA/Bruno/eclipse-workspace/mios32/trunk/mios32/STM32F4xx/mios32_usb.o
                0x000000000801560c                USB_OTG_BSP_EnableInterrupt
 .text.OTG_FS_IRQHandler
                0x0000000008015614       0x28 project_build//Volumes/DATA/Bruno/eclipse-workspace/mios32/trunk/mios32/STM32F4xx/mios32_usb.o
                0x0000000008015614                OTG_FS_IRQHandler
 .text.USB_OTG_BSP_uDelay
                0x000000000801563c        0x6 project_build//Volumes/DATA/Bruno/eclipse-workspace/mios32/trunk/mios32/STM32F4xx/mios32_usb.o
                0x000000000801563c                USB_OTG_BSP_uDelay
 .text.USB_OTG_BSP_mDelay
                0x0000000008015642        0xc project_build//Volumes/DATA/Bruno/eclipse-workspace/mios32/trunk/mios32/STM32F4xx/mios32_usb.o
                0x0000000008015642                USB_OTG_BSP_mDelay
 *fill*         0x000000000801564e        0x2 00
 .text.USB_OTG_BSP_ConfigVBUS
                0x0000000008015650       0x44 project_build//Volumes/DATA/Bruno/eclipse-workspace/mios32/trunk/mios32/STM32F4xx/mios32_usb.o
                0x0000000008015650                USB_OTG_BSP_ConfigVBUS
 .text.USB_OTG_BSP_DriveVBUS
                0x0000000008015694       0x14 project_build//Volumes/DATA/Bruno/eclipse-workspace/mios32/trunk/mios32/STM32F4xx/mios32_usb.o
                0x0000000008015694                USB_OTG_BSP_DriveVBUS
 .text.MIOS32_USB_IsInitialized
                0x00000000080156a8        0xc project_build//Volumes/DATA/Bruno/eclipse-workspace/mios32/trunk/mios32/STM32F4xx/mios32_usb.o
                0x00000000080156a8                MIOS32_USB_IsInitialized
 .text.MIOS32_USB_ForceSingleUSB
                0x00000000080156b4       0x24 project_build//Volumes/DATA/Bruno/eclipse-workspace/mios32/trunk/mios32/STM32F4xx/mios32_usb.o
                0x00000000080156b4                MIOS32_USB_ForceSingleUSB
 .text.MIOS32_USB_ForceDeviceMode
                0x00000000080156d8       0x24 project_build//Volumes/DATA/Bruno/eclipse-workspace/mios32/trunk/mios32/STM32F4xx/mios32_usb.o
                0x00000000080156d8                MIOS32_USB_ForceDeviceMode
 .text.MIOS32_USB_Init
                0x00000000080156fc       0xec project_build//Volumes/DATA/Bruno/eclipse-workspace/mios32/trunk/mios32/STM32F4xx/mios32_usb.o
                0x00000000080156fc                MIOS32_USB_Init
 .text.USBH_ClassRequest
                0x00000000080157e8        0x4 project_build//Volumes/DATA/Bruno/eclipse-workspace/mios32/trunk/mios32/STM32F4xx/mios32_usb_midi.o
 .text.USBH_InterfaceDeInit
                0x00000000080157ec       0x3c project_build//Volumes/DATA/Bruno/eclipse-workspace/mios32/trunk/mios32/STM32F4xx/mios32_usb_midi.o
 .text.MIOS32_USB_MIDI_RxBufferHandler
                0x0000000008015828       0xac project_build//Volumes/DATA/Bruno/eclipse-workspace/mios32/trunk/mios32/STM32F4xx/mios32_usb_midi.o
 .text.MIOS32_USB_MIDI_TxBufferHandler
                0x00000000080158d4       0xac project_build//Volumes/DATA/Bruno/eclipse-workspace/mios32/trunk/mios32/STM32F4xx/mios32_usb_midi.o
 .text.USBH_Handle
                0x0000000008015980      0x1f0 project_build//Volumes/DATA/Bruno/eclipse-workspace/mios32/trunk/mios32/STM32F4xx/mios32_usb_midi.o
 .text.MIOS32_USB_MIDI_Init
                0x0000000008015b70        0xc project_build//Volumes/DATA/Bruno/eclipse-workspace/mios32/trunk/mios32/STM32F4xx/mios32_usb_midi.o
                0x0000000008015b70                MIOS32_USB_MIDI_Init
 .text.MIOS32_USB_MIDI_ChangeConnectionState
                0x0000000008015b7c       0x64 project_build//Volumes/DATA/Bruno/eclipse-workspace/mios32/trunk/mios32/STM32F4xx/mios32_usb_midi.o
                0x0000000008015b7c                MIOS32_USB_MIDI_ChangeConnectionState
 .text.MIOS32_USB_MIDI_CheckAvailable
                0x0000000008015be0       0x20 project_build//Volumes/DATA/Bruno/eclipse-workspace/mios32/trunk/mios32/STM32F4xx/mios32_usb_midi.o
                0x0000000008015be0                MIOS32_USB_MIDI_CheckAvailable
 .text.USBH_InterfaceInit
                0x0000000008015c00      0x104 project_build//Volumes/DATA/Bruno/eclipse-workspace/mios32/trunk/mios32/STM32F4xx/mios32_usb_midi.o
 .text.MIOS32_USB_MIDI_PackageSend_NonBlocking
                0x0000000008015d04       0x70 project_build//Volumes/DATA/Bruno/eclipse-workspace/mios32/trunk/mios32/STM32F4xx/mios32_usb_midi.o
                0x0000000008015d04                MIOS32_USB_MIDI_PackageSend_NonBlocking
 .text.MIOS32_USB_MIDI_PackageSend
                0x0000000008015d74       0x30 project_build//Volumes/DATA/Bruno/eclipse-workspace/mios32/trunk/mios32/STM32F4xx/mios32_usb_midi.o
                0x0000000008015d74                MIOS32_USB_MIDI_PackageSend
 .text.MIOS32_USB_MIDI_PackageReceive
                0x0000000008015da4       0x54 project_build//Volumes/DATA/Bruno/eclipse-workspace/mios32/trunk/mios32/STM32F4xx/mios32_usb_midi.o
                0x0000000008015da4                MIOS32_USB_MIDI_PackageReceive
 .text.MIOS32_USB_MIDI_Periodic_mS
                0x0000000008015df8       0x28 project_build//Volumes/DATA/Bruno/eclipse-workspace/mios32/trunk/mios32/STM32F4xx/mios32_usb_midi.o
                0x0000000008015df8                MIOS32_USB_MIDI_Periodic_mS
 .text.MIOS32_USB_MIDI_EP1_IN_Callback
                0x0000000008015e20       0x10 project_build//Volumes/DATA/Bruno/eclipse-workspace/mios32/trunk/mios32/STM32F4xx/mios32_usb_midi.o
                0x0000000008015e20                MIOS32_USB_MIDI_EP1_IN_Callback
 .text.MIOS32_USB_MIDI_EP2_OUT_Callback
                0x0000000008015e30       0x10 project_build//Volumes/DATA/Bruno/eclipse-workspace/mios32/trunk/mios32/STM32F4xx/mios32_usb_midi.o
                0x0000000008015e30                MIOS32_USB_MIDI_EP2_OUT_Callback
 .text.MIOS32_UART_IsAssignedToMIDI
                0x0000000008015e40       0x14 project_build//Volumes/DATA/Bruno/eclipse-workspace/mios32/trunk/mios32/STM32F4xx/mios32_uart.o
                0x0000000008015e40                MIOS32_UART_IsAssignedToMIDI
 .text.MIOS32_UART_BaudrateSet
                0x0000000008015e54       0x78 project_build//Volumes/DATA/Bruno/eclipse-workspace/mios32/trunk/mios32/STM32F4xx/mios32_uart.o
                0x0000000008015e54                MIOS32_UART_BaudrateSet
 .text.MIOS32_UART_InitPort
                0x0000000008015ecc      0x124 project_build//Volumes/DATA/Bruno/eclipse-workspace/mios32/trunk/mios32/STM32F4xx/mios32_uart.o
                0x0000000008015ecc                MIOS32_UART_InitPort
 .text.MIOS32_UART_InitPortDefault
                0x0000000008015ff0       0x3a project_build//Volumes/DATA/Bruno/eclipse-workspace/mios32/trunk/mios32/STM32F4xx/mios32_uart.o
                0x0000000008015ff0                MIOS32_UART_InitPortDefault
 *fill*         0x000000000801602a        0x2 00
 .text.MIOS32_UART_Init
                0x000000000801602c      0x158 project_build//Volumes/DATA/Bruno/eclipse-workspace/mios32/trunk/mios32/STM32F4xx/mios32_uart.o
                0x000000000801602c                MIOS32_UART_Init
 .text.MIOS32_UART_RxBufferGet
                0x0000000008016184       0x58 project_build//Volumes/DATA/Bruno/eclipse-workspace/mios32/trunk/mios32/STM32F4xx/mios32_uart.o
                0x0000000008016184                MIOS32_UART_RxBufferGet
 .text.MIOS32_UART_RxBufferPut
                0x00000000080161dc       0x5c project_build//Volumes/DATA/Bruno/eclipse-workspace/mios32/trunk/mios32/STM32F4xx/mios32_uart.o
                0x00000000080161dc                MIOS32_UART_RxBufferPut
 .text.MIOS32_UART_TxBufferGet
                0x0000000008016238       0x58 project_build//Volumes/DATA/Bruno/eclipse-workspace/mios32/trunk/mios32/STM32F4xx/mios32_uart.o
                0x0000000008016238                MIOS32_UART_TxBufferGet
 .text.MIOS32_UART_TxBufferPutMore_NonBlocking
                0x0000000008016290       0xa8 project_build//Volumes/DATA/Bruno/eclipse-workspace/mios32/trunk/mios32/STM32F4xx/mios32_uart.o
                0x0000000008016290                MIOS32_UART_TxBufferPutMore_NonBlocking
 .text.MIOS32_UART_TxBufferPutMore
                0x0000000008016338       0x18 project_build//Volumes/DATA/Bruno/eclipse-workspace/mios32/trunk/mios32/STM32F4xx/mios32_uart.o
                0x0000000008016338                MIOS32_UART_TxBufferPutMore
 .text.USART2_IRQHandler
                0x0000000008016350       0x70 project_build//Volumes/DATA/Bruno/eclipse-workspace/mios32/trunk/mios32/STM32F4xx/mios32_uart.o
                0x0000000008016350                USART2_IRQHandler
 .text.USART3_IRQHandler
                0x00000000080163c0       0x70 project_build//Volumes/DATA/Bruno/eclipse-workspace/mios32/trunk/mios32/STM32F4xx/mios32_uart.o
                0x00000000080163c0                USART3_IRQHandler
 .text.USART6_IRQHandler
                0x0000000008016430       0x50 project_build//Volumes/DATA/Bruno/eclipse-workspace/mios32/trunk/mios32/STM32F4xx/mios32_uart.o
                0x0000000008016430                USART6_IRQHandler
 .text.USART1_IRQHandler
                0x0000000008016480       0x50 project_build//Volumes/DATA/Bruno/eclipse-workspace/mios32/trunk/mios32/STM32F4xx/mios32_uart.o
                0x0000000008016480                USART1_IRQHandler
 .text.UART5_IRQHandler
                0x00000000080164d0       0x70 project_build//Volumes/DATA/Bruno/eclipse-workspace/mios32/trunk/mios32/STM32F4xx/mios32_uart.o
                0x00000000080164d0                UART5_IRQHandler
 .text.EV_IRQHandler
                0x0000000008016540      0x162 project_build//Volumes/DATA/Bruno/eclipse-workspace/mios32/trunk/mios32/STM32F4xx/mios32_iic.o
 *fill*         0x00000000080166a2        0x2 00
 .text.ER_IRQHandler
                0x00000000080166a4       0x7c project_build//Volumes/DATA/Bruno/eclipse-workspace/mios32/trunk/mios32/STM32F4xx/mios32_iic.o
 .text.I2C2_EV_IRQHandler
                0x0000000008016720        0xc project_build//Volumes/DATA/Bruno/eclipse-workspace/mios32/trunk/mios32/STM32F4xx/mios32_iic.o
                0x0000000008016720                I2C2_EV_IRQHandler
 .text.I2C2_ER_IRQHandler
                0x000000000801672c        0xc project_build//Volumes/DATA/Bruno/eclipse-workspace/mios32/trunk/mios32/STM32F4xx/mios32_iic.o
                0x000000000801672c                I2C2_ER_IRQHandler
 .text.I2C1_EV_IRQHandler
                0x0000000008016738        0xc project_build//Volumes/DATA/Bruno/eclipse-workspace/mios32/trunk/mios32/STM32F4xx/mios32_iic.o
                0x0000000008016738                I2C1_EV_IRQHandler
 .text.I2C1_ER_IRQHandler
                0x0000000008016744        0xc project_build//Volumes/DATA/Bruno/eclipse-workspace/mios32/trunk/mios32/STM32F4xx/mios32_iic.o
                0x0000000008016744                I2C1_ER_IRQHandler
 .text.printchar
                0x0000000008016750       0x16 project_build//Volumes/DATA/Bruno/eclipse-workspace/mios32/trunk/mios32/common/printf-stdarg.o
 .text.prints   0x0000000008016766       0x82 project_build//Volumes/DATA/Bruno/eclipse-workspace/mios32/trunk/mios32/common/printf-stdarg.o
 .text.printi   0x00000000080167e8       0x98 project_build//Volumes/DATA/Bruno/eclipse-workspace/mios32/trunk/mios32/common/printf-stdarg.o
 .text.print    0x0000000008016880      0x120 project_build//Volumes/DATA/Bruno/eclipse-workspace/mios32/trunk/mios32/common/printf-stdarg.o
 .text.sprintf  0x00000000080169a0       0x1e project_build//Volumes/DATA/Bruno/eclipse-workspace/mios32/trunk/mios32/common/printf-stdarg.o
                0x00000000080169a0                sprintf
 .text.vsprintf
                0x00000000080169be       0x10 project_build//Volumes/DATA/Bruno/eclipse-workspace/mios32/trunk/mios32/common/printf-stdarg.o
                0x00000000080169be                vsprintf
 *fill*         0x00000000080169ce        0x2 00
 .text.NVIC_PriorityGroupConfig
                0x00000000080169d0       0x14 project_build//Volumes/DATA/Bruno/eclipse-workspace/mios32/trunk/drivers/STM32F4xx/v1.1.0/STM32F4xx_StdPeriph_Driver/src/misc.o
                0x00000000080169d0                NVIC_PriorityGroupConfig
 .text.NVIC_SetVectorTable
                0x00000000080169e4       0x14 project_build//Volumes/DATA/Bruno/eclipse-workspace/mios32/trunk/drivers/STM32F4xx/v1.1.0/STM32F4xx_StdPeriph_Driver/src/misc.o
                0x00000000080169e4                NVIC_SetVectorTable
 .text.DMA_Init
                0x00000000080169f8       0x54 project_build//Volumes/DATA/Bruno/eclipse-workspace/mios32/trunk/drivers/STM32F4xx/v1.1.0/STM32F4xx_StdPeriph_Driver/src/stm32f4xx_dma.o
                0x00000000080169f8                DMA_Init
 .text.DMA_StructInit
                0x0000000008016a4c       0x22 project_build//Volumes/DATA/Bruno/eclipse-workspace/mios32/trunk/drivers/STM32F4xx/v1.1.0/STM32F4xx_StdPeriph_Driver/src/stm32f4xx_dma.o
                0x0000000008016a4c                DMA_StructInit
 .text.DMA_Cmd  0x0000000008016a6e       0x12 project_build//Volumes/DATA/Bruno/eclipse-workspace/mios32/trunk/drivers/STM32F4xx/v1.1.0/STM32F4xx_StdPeriph_Driver/src/stm32f4xx_dma.o
                0x0000000008016a6e                DMA_Cmd
 .text.DMA_ClearFlag
                0x0000000008016a80       0x30 project_build//Volumes/DATA/Bruno/eclipse-workspace/mios32/trunk/drivers/STM32F4xx/v1.1.0/STM32F4xx_StdPeriph_Driver/src/stm32f4xx_dma.o