stm32f4xx_spi.c:218:6:SPI_I2S_DeInit	8	static
stm32f4xx_spi.c:257:6:SPI_Init	8	static
stm32f4xx_spi.c:321:6:I2S_Init	20	static
stm32f4xx_spi.c:453:6:SPI_StructInit	0	static
stm32f4xx_spi.c:481:6:I2S_StructInit	0	static
stm32f4xx_spi.c:510:6:SPI_Cmd	0	static
stm32f4xx_spi.c:535:6:I2S_Cmd	0	static
stm32f4xx_spi.c:562:6:SPI_DataSizeConfig	0	static
stm32f4xx_spi.c:582:6:SPI_BiDirectionalLineConfig	0	static
stm32f4xx_spi.c:608:6:SPI_NSSInternalSoftwareConfig	0	static
stm32f4xx_spi.c:632:6:SPI_SSOutputCmd	0	static
stm32f4xx_spi.c:663:6:SPI_TIModeCmd	0	static
stm32f4xx_spi.c:700:6:I2S_FullDuplexConfig	8	static
stm32f4xx_spi.c:775:10:SPI_I2S_ReceiveData	0	static
stm32f4xx_spi.c:791:6:SPI_I2S_SendData	0	static
stm32f4xx_spi.c:880:6:SPI_CalculateCRC	0	static
stm32f4xx_spi.c:902:6:SPI_TransmitCRC	0	static
stm32f4xx_spi.c:920:10:SPI_GetCRC	0	static
stm32f4xx_spi.c:945:10:SPI_GetCRCPolynomial	0	static
stm32f4xx_spi.c:982:6:SPI_I2S_DMACmd	0	static
stm32f4xx_spi.c:1091:6:SPI_I2S_ITConfig	0	static
stm32f4xx_spi.c:1135:12:SPI_I2S_GetFlagStatus	0	static
stm32f4xx_spi.c:1176:6:SPI_I2S_ClearFlag	0	static
stm32f4xx_spi.c:1201:10:SPI_I2S_GetITStatus	8	static
stm32f4xx_spi.c:1256:6:SPI_I2S_ClearITPendingBit	0	static
