stm32f4xx_adc.c:206:6:ADC_DeInit	8	static
stm32f4xx_adc.c:228:6:ADC_Init	8	static
stm32f4xx_adc.c:303:6:ADC_StructInit	0	static
stm32f4xx_adc.c:334:6:ADC_CommonInit	8	static
stm32f4xx_adc.c:370:6:ADC_CommonStructInit	0	static
stm32f4xx_adc.c:392:6:ADC_Cmd	0	static
stm32f4xx_adc.c:450:6:ADC_AnalogWatchdogCmd	0	static
stm32f4xx_adc.c:479:6:ADC_AnalogWatchdogThresholdsConfig	0	static
stm32f4xx_adc.c:520:6:ADC_AnalogWatchdogSingleChannelConfig	0	static
stm32f4xx_adc.c:585:6:ADC_TempSensorVrefintCmd	0	static
stm32f4xx_adc.c:607:6:ADC_VBATCmd	0	static
stm32f4xx_adc.c:708:6:ADC_RegularChannelConfig	16	static
stm32f4xx_adc.c:828:6:ADC_SoftwareStartConv	0	static
stm32f4xx_adc.c:842:12:ADC_GetSoftwareStartConvStatus	0	static
stm32f4xx_adc.c:872:6:ADC_EOCOnEachRegularChannelCmd	0	static
stm32f4xx_adc.c:897:6:ADC_ContinuousModeCmd	0	static
stm32f4xx_adc.c:923:6:ADC_DiscModeChannelCountConfig	0	static
stm32f4xx_adc.c:955:6:ADC_DiscModeCmd	0	static
stm32f4xx_adc.c:978:10:ADC_GetConversionValue	0	static
stm32f4xx_adc.c:999:10:ADC_GetMultiModeConversionValue	0	static
stm32f4xx_adc.c:1048:6:ADC_DMACmd	0	static
stm32f4xx_adc.c:1072:6:ADC_DMARequestAfterLastTransferCmd	0	static
stm32f4xx_adc.c:1099:6:ADC_MultiModeDMARequestAfterLastTransferCmd	0	static
stm32f4xx_adc.c:1186:6:ADC_InjectedChannelConfig	16	static
stm32f4xx_adc.c:1249:6:ADC_InjectedSequencerLengthConfig	0	static
stm32f4xx_adc.c:1284:6:ADC_SetInjectedOffset	8	static
stm32f4xx_adc.c:1322:6:ADC_ExternalTrigInjectedConvConfig	0	static
stm32f4xx_adc.c:1356:6:ADC_ExternalTrigInjectedConvEdgeConfig	0	static
stm32f4xx_adc.c:1377:6:ADC_SoftwareStartInjectedConv	0	static
stm32f4xx_adc.c:1390:12:ADC_GetSoftwareStartInjectedConvCmdStatus	0	static
stm32f4xx_adc.c:1419:6:ADC_AutoInjectedConvCmd	0	static
stm32f4xx_adc.c:1445:6:ADC_InjectedDiscModeCmd	0	static
stm32f4xx_adc.c:1473:10:ADC_GetInjectedConversionValue	8	static
stm32f4xx_adc.c:1581:6:ADC_ITConfig	0	static
stm32f4xx_adc.c:1618:12:ADC_GetFlagStatus	0	static
stm32f4xx_adc.c:1653:6:ADC_ClearFlag	0	static
stm32f4xx_adc.c:1674:10:ADC_GetITStatus	0	static
stm32f4xx_adc.c:1715:6:ADC_ClearITPendingBit	0	static
