usb_core.c:95:13:USB_OTG_EnableCommonInt	0	static
usb_core.c:123:20:USB_OTG_CoreReset	24	static
usb_core.c:168:13:USB_OTG_WritePacket	12	static
usb_core.c:197:7:USB_OTG_ReadPacket	8	static
usb_core.c:221:13:USB_OTG_SelectCore	20	static
usb_core.c:323:13:USB_OTG_CoreInit	16	static
usb_core.c:429:13:USB_OTG_EnableGlobalInt	0	static
usb_core.c:447:13:USB_OTG_DisableGlobalInt	0	static
usb_core.c:464:13:USB_OTG_FlushTxFifo	16	static
usb_core.c:494:13:USB_OTG_FlushRxFifo	16	static
usb_core.c:524:13:USB_OTG_SetCurrentMode	8	static
usb_core.c:554:10:USB_OTG_GetMode	0	static
usb_core.c:565:9:USB_OTG_IsDeviceMode	0	static
usb_core.c:576:9:USB_OTG_IsHostMode	0	static
usb_core.c:587:10:USB_OTG_ReadCoreItr	0	static
usb_core.c:601:10:USB_OTG_ReadOtgItr	0	static
usb_core.c:717:9:USB_OTG_IsEvenFrame	0	static
usb_core.c:757:13:USB_OTG_EnableHostInt	16	static
usb_core.c:791:6:USB_OTG_InitFSLSPClkSel	0	static
usb_core.c:806:10:USB_OTG_ReadHPRT0	0	static
usb_core.c:728:6:USB_OTG_DriveVbus	16	static
usb_core.c:824:10:USB_OTG_ReadHostAllChannels_intr	0	static
usb_core.c:837:10:USB_OTG_ResetPort	16	static
usb_core.c:612:13:USB_OTG_CoreInitHost	16	static
usb_core.c:858:13:USB_OTG_HC_Init	20	static
usb_core.c:968:13:USB_OTG_HC_StartXfer	40	static
usb_core.c:1085:13:USB_OTG_HC_Halt	24	static
usb_core.c:1124:13:USB_OTG_HC_DoPing	8	static
usb_core.c:1147:6:USB_OTG_StopHost	8	static
usb_core.c:1179:6:USB_OTG_InitDevSpeed	0	static
usb_core.c:1374:13:USB_OTG_EnableDevInt	16	static
usb_core.c:1195:13:USB_OTG_CoreInitDev	16	static
usb_core.c:1418:20:USB_OTG_GetDeviceSpeed	0	static
usb_core.c:1449:14:USB_OTG_EP0Activate	8	static
usb_core.c:1484:13:USB_OTG_EPActivate	12	static
usb_core.c:1535:13:USB_OTG_EPDeactivate	16	static
usb_core.c:1577:13:USB_OTG_EPStartXfer	16	static
usb_core.c:1709:13:USB_OTG_EP0StartXfer	24	static
usb_core.c:1810:13:USB_OTG_EPSetStall	0	static
usb_core.c:1846:13:USB_OTG_EPClearStall	0	static
usb_core.c:1879:10:USB_OTG_ReadDevAllOutEp_itr	0	static
usb_core.c:1894:10:USB_OTG_ReadDevOutEP_itr	0	static
usb_core.c:1908:10:USB_OTG_ReadDevAllInEPItr	0	static
usb_core.c:1921:6:USB_OTG_EP0_OutStart	8	static
usb_core.c:1950:6:USB_OTG_ActiveRemoteWakeup	8	static
usb_core.c:1986:6:USB_OTG_UngateClock	0	static
usb_core.c:2013:6:USB_OTG_StopDevice	8	static
usb_core.c:2042:10:USB_OTG_GetEPStatus	0	static
usb_core.c:2085:6:USB_OTG_SetEPStatus	12	static
