stm32f4xx_can.c:162:6:CAN_DeInit	8	static
stm32f4xx_can.c:192:9:CAN_Init	0	static
stm32f4xx_can.c:329:6:CAN_FilterInit	16	static
stm32f4xx_can.c:420:6:CAN_StructInit	0	static
stm32f4xx_can.c:463:6:CAN_SlaveStartBank	0	static
stm32f4xx_can.c:488:6:CAN_DBGFreeze	0	static
stm32f4xx_can.c:518:6:CAN_TTComModeCmd	0	static
stm32f4xx_can.c:572:9:CAN_Transmit	16	static
stm32f4xx_can.c:644:9:CAN_TransmitStatus	0	static
stm32f4xx_can.c:698:6:CAN_CancelTransmit	0	static
stm32f4xx_can.c:745:6:CAN_Receive	12	static
stm32f4xx_can.c:794:6:CAN_FIFORelease	0	static
stm32f4xx_can.c:817:9:CAN_MessagePending	0	static
stm32f4xx_can.c:867:9:CAN_OperatingModeRequest	0	static
stm32f4xx_can.c:948:9:CAN_Sleep	0	static
stm32f4xx_can.c:973:9:CAN_WakeUp	0	static
stm32f4xx_can.c:1035:9:CAN_GetLastErrorCode	0	static
stm32f4xx_can.c:1060:9:CAN_GetReceiveErrorCounter	0	static
stm32f4xx_can.c:1080:9:CAN_GetLSBTransmitErrorCounter	0	static
stm32f4xx_can.c:1287:6:CAN_ITConfig	0	static
stm32f4xx_can.c:1327:12:CAN_GetFlagStatus	0	static
stm32f4xx_can.c:1427:6:CAN_ClearFlag	0	static
stm32f4xx_can.c:1487:10:CAN_GetITStatus	0	static
stm32f4xx_can.c:1591:6:CAN_ClearITPendingBit	0	static
