stm32f4xx_sdio.c:259:6:SDIO_DeInit	8	static
stm32f4xx_sdio.c:272:6:SDIO_Init	8	static
stm32f4xx_sdio.c:310:6:SDIO_StructInit	0	static
stm32f4xx_sdio.c:327:6:SDIO_ClockCmd	0	static
stm32f4xx_sdio.c:343:6:SDIO_SetPowerState	0	static
stm32f4xx_sdio.c:360:10:SDIO_GetPowerState	0	static
stm32f4xx_sdio.c:392:6:SDIO_SendCommand	8	static
stm32f4xx_sdio.c:428:6:SDIO_CmdStructInit	0	static
stm32f4xx_sdio.c:443:9:SDIO_GetCommandResponse	0	static
stm32f4xx_sdio.c:458:10:SDIO_GetResponse	8	static
stm32f4xx_sdio.c:496:6:SDIO_DataConfig	8	static
stm32f4xx_sdio.c:537:6:SDIO_DataStructInit	0	static
stm32f4xx_sdio.c:553:10:SDIO_GetDataCounter	0	static
stm32f4xx_sdio.c:563:10:SDIO_ReadData	0	static
stm32f4xx_sdio.c:573:6:SDIO_WriteData	0	static
stm32f4xx_sdio.c:583:10:SDIO_GetFIFOCount	0	static
stm32f4xx_sdio.c:612:6:SDIO_StartSDIOReadWait	0	static
stm32f4xx_sdio.c:626:6:SDIO_StopSDIOReadWait	0	static
stm32f4xx_sdio.c:642:6:SDIO_SetSDIOReadWaitMode	0	static
stm32f4xx_sdio.c:656:6:SDIO_SetSDIOOperation	0	static
stm32f4xx_sdio.c:670:6:SDIO_SendSDIOSuspendCmd	0	static
stm32f4xx_sdio.c:702:6:SDIO_CommandCompletionCmd	0	static
stm32f4xx_sdio.c:716:6:SDIO_CEATAITCmd	0	static
stm32f4xx_sdio.c:730:6:SDIO_SendCEATACmd	0	static
stm32f4xx_sdio.c:762:6:SDIO_DMACmd	0	static
stm32f4xx_sdio.c:820:6:SDIO_ITConfig	0	static
stm32f4xx_sdio.c:868:12:SDIO_GetFlagStatus	0	static
stm32f4xx_sdio.c:905:6:SDIO_ClearFlag	0	static
stm32f4xx_sdio.c:944:10:SDIO_GetITStatus	0	static
stm32f4xx_sdio.c:980:6:SDIO_ClearITPendingBit	0	static
