Archive member included because of file (symbol)

/Volumes/DATA/Bruno/gcc-arm-none-eabi-4_7-2013q3/bin/../lib/gcc/arm-none-eabi/4.7.4/armv7e-m/libgcc.a(_lshrdi3.o)
                              project_build//Volumes/DATA/Bruno/eclipse-workspace/mios32/trunk/modules/app_lcd/universal/app_lcd.o (__aeabi_llsr)
/Volumes/DATA/Bruno/gcc-arm-none-eabi-4_7-2013q3/bin/../lib/gcc/arm-none-eabi/4.7.4/armv7e-m/libgcc.a(_ashldi3.o)
                              project_build//Volumes/DATA/Bruno/eclipse-workspace/mios32/trunk/modules/app_lcd/universal/app_lcd.o (__aeabi_llsl)
/Volumes/DATA/Bruno/gcc-arm-none-eabi-4_7-2013q3/bin/../lib/gcc/arm-none-eabi/4.7.4/armv7e-m/libgcc.a(_arm_muldivdf3.o)
                              project_build//Volumes/DATA/Bruno/eclipse-workspace/mios32/trunk/mios32/common/mios32_osc.o (__aeabi_dmul)
/Volumes/DATA/Bruno/gcc-arm-none-eabi-4_7-2013q3/bin/../lib/gcc/arm-none-eabi/4.7.4/armv7e-m/libgcc.a(_arm_fixdfsi.o)
                              project_build//Volumes/DATA/Bruno/eclipse-workspace/mios32/trunk/mios32/common/mios32_osc.o (__aeabi_d2iz)
/Volumes/DATA/Bruno/gcc-arm-none-eabi-4_7-2013q3/bin/../lib/gcc/arm-none-eabi/4.7.4/armv7e-m/libgcc.a(_arm_muldivsf3.o)
                              project_build//Volumes/DATA/Bruno/eclipse-workspace/mios32/trunk/mios32/common/mios32_osc.o (__aeabi_fmul)
/Volumes/DATA/Bruno/gcc-arm-none-eabi-4_7-2013q3/bin/../lib/gcc/arm-none-eabi/4.7.4/armv7e-m/libgcc.a(_arm_fixsfsi.o)
                              project_build//Volumes/DATA/Bruno/eclipse-workspace/mios32/trunk/mios32/common/mios32_osc.o (__aeabi_f2iz)
/Volumes/DATA/Bruno/gcc-arm-none-eabi-4_7-2013q3/bin/../lib/gcc/arm-none-eabi/4.7.4/../../../../arm-none-eabi/lib/armv7e-m/libc_s.a(lib_a-ctype_.o)
                              project_build//Volumes/DATA/Bruno/eclipse-workspace/mios32/trunk/programming_models/traditional/strtol.o (__ctype_ptr__)
/Volumes/DATA/Bruno/gcc-arm-none-eabi-4_7-2013q3/bin/../lib/gcc/arm-none-eabi/4.7.4/../../../../arm-none-eabi/lib/armv7e-m/libc_s.a(lib_a-init.o)
                              project_build//Volumes/DATA/Bruno/eclipse-workspace/mios32/trunk/programming_models/traditional/main.o (__libc_init_array)
/Volumes/DATA/Bruno/gcc-arm-none-eabi-4_7-2013q3/bin/../lib/gcc/arm-none-eabi/4.7.4/../../../../arm-none-eabi/lib/armv7e-m/libc_s.a(lib_a-memcpy.o)
                              project_build//Volumes/DATA/Bruno/eclipse-workspace/mios32/trunk/FreeRTOS/Source/queue.o (memcpy)
/Volumes/DATA/Bruno/gcc-arm-none-eabi-4_7-2013q3/bin/../lib/gcc/arm-none-eabi/4.7.4/../../../../arm-none-eabi/lib/armv7e-m/libc_s.a(lib_a-memmove.o)
                              project_build//Volumes/DATA/Bruno/eclipse-workspace/mios32/trunk/FreeRTOS/Source/portable/MemMang/heap_4.o (memmove)
/Volumes/DATA/Bruno/gcc-arm-none-eabi-4_7-2013q3/bin/../lib/gcc/arm-none-eabi/4.7.4/../../../../arm-none-eabi/lib/armv7e-m/libc_s.a(lib_a-memset.o)
                              project_build//Volumes/DATA/Bruno/eclipse-workspace/mios32/trunk/FreeRTOS/Source/tasks.o (memset)
/Volumes/DATA/Bruno/gcc-arm-none-eabi-4_7-2013q3/bin/../lib/gcc/arm-none-eabi/4.7.4/../../../../arm-none-eabi/lib/armv7e-m/libc_s.a(lib_a-stpcpy.o)
                              project_build//Volumes/DATA/Bruno/eclipse-workspace/mios32/trunk/mios32/common/mios32_osc.o (stpcpy)
/Volumes/DATA/Bruno/gcc-arm-none-eabi-4_7-2013q3/bin/../lib/gcc/arm-none-eabi/4.7.4/../../../../arm-none-eabi/lib/armv7e-m/libc_s.a(lib_a-strcasecmp.o)
                              project_build//Volumes/DATA/Bruno/eclipse-workspace/mios32/trunk/modules/app_lcd/universal/app_lcd.o (strcasecmp)
/Volumes/DATA/Bruno/gcc-arm-none-eabi-4_7-2013q3/bin/../lib/gcc/arm-none-eabi/4.7.4/../../../../arm-none-eabi/lib/armv7e-m/libc_s.a(lib_a-strlen.o)
                              project_build//Volumes/DATA/Bruno/eclipse-workspace/mios32/trunk/mios32/common/mios32_midi.o (strlen)
/Volumes/DATA/Bruno/gcc-arm-none-eabi-4_7-2013q3/bin/../lib/gcc/arm-none-eabi/4.7.4/../../../../arm-none-eabi/lib/armv7e-m/libc_s.a(lib_a-strncmp.o)
                              project_build//Volumes/DATA/Bruno/eclipse-workspace/mios32/trunk/mios32/common/mios32_osc.o (strncmp)
/Volumes/DATA/Bruno/gcc-arm-none-eabi-4_7-2013q3/bin/../lib/gcc/arm-none-eabi/4.7.4/../../../../arm-none-eabi/lib/armv7e-m/libc_s.a(lib_a-strtok_r.o)
                              project_build//Volumes/DATA/Bruno/eclipse-workspace/mios32/trunk/modules/app_lcd/universal/app_lcd.o (strtok_r)

Allocating common symbols
Common symbol       size              file

USB_FS_Host         0xa4              project_build//Volumes/DATA/Bruno/eclipse-workspace/mios32/trunk/mios32/STM32F4xx/mios32_usb.o
HID_MOUSE_Data      0x4               project_build//Volumes/DATA/Bruno/eclipse-workspace/mios32/trunk/drivers/STM32F4xx/v1.1.0/STM32_USB_HOST_Library/Class/HID/src/usbh_hid_mouse.o
was_available       0x1               project_build/app.o
[...]
Memory Configuration

Name             Origin             Length             Attributes
RAM              0x0000000020000000 0x0000000000030000 xrw
FLASH_SECTOR0    0x0000000008000000 0x0000000000004000 xr
FLASH_SECTOR1    0x0000000008004000 0x0000000000004000 xr
FLASH_SECTOR2    0x0000000008008000 0x0000000000004000 xr
FLASH_SECTOR3    0x000000000800c000 0x0000000000004000 xr
FLASH            0x0000000008010000 0x00000000000f0000 xr
FLASHB1          0x0000000000000000 0x0000000000000000 xr
EXTMEMB0         0x0000000000000000 0x0000000000000000 xr
EXTMEMB1         0x0000000000000000 0x0000000000000000 xr
EXTMEMB2         0x0000000000000000 0x0000000000000000 xr
EXTMEMB3         0x0000000000000000 0x0000000000000000 xr
*default*        0x0000000000000000 0xffffffffffffffff

Linker script and memory map

LOAD project_build/app.o
LOAD project_build//Volumes/DATA/Bruno/eclipse-workspace/mios32/trunk/programming_models/traditional/main.o
LOAD project_build//Volumes/DATA/Bruno/eclipse-workspace/mios32/trunk/programming_models/traditional/strtol.o
LOAD project_build//Volumes/DATA/Bruno/eclipse-workspace/mios32/trunk/FreeRTOS/Source/tasks.o
LOAD project_build//Volumes/DATA/Bruno/eclipse-workspace/mios32/trunk/FreeRTOS/Source/list.o
LOAD project_build//Volumes/DATA/Bruno/eclipse-workspace/mios32/trunk/FreeRTOS/Source/queue.o
LOAD project_build//Volumes/DATA/Bruno/eclipse-workspace/mios32/trunk/FreeRTOS/Source/timers.o
LOAD project_build//Volumes/DATA/Bruno/eclipse-workspace/mios32/trunk/FreeRTOS/Source/portable/GCC/ARM_CM3/port.o
LOAD project_build//Volumes/DATA/Bruno/eclipse-workspace/mios32/trunk/FreeRTOS/Source/portable/MemMang/heap_4.o
LOAD project_build//Volumes/DATA/Bruno/eclipse-workspace/mios32/trunk/programming_models/traditional/startup_stm32f4xx.o
LOAD project_build//Volumes/DATA/Bruno/eclipse-workspace/mios32/trunk/mios32/common/mios32_srio.o
LOAD project_build//Volumes/DATA/Bruno/eclipse-workspace/mios32/trunk/mios32/common/mios32_din.o
LOAD project_build//Volumes/DATA/Bruno/eclipse-workspace/mios32/trunk/mios32/common/mios32_dout.o
LOAD project_build//Volumes/DATA/Bruno/eclipse-workspace/mios32/trunk/mios32/common/mios32_enc.o
LOAD project_build//Volumes/DATA/Bruno/eclipse-workspace/mios32/trunk/mios32/common/mios32_lcd.o
LOAD project_build//Volumes/DATA/Bruno/eclipse-workspace/mios32/trunk/mios32/common/mios32_midi.o
LOAD project_build//Volumes/DATA/Bruno/eclipse-workspace/mios32/trunk/mios32/common/mios32_osc.o
LOAD project_build//Volumes/DATA/Bruno/eclipse-workspace/mios32/trunk/mios32/common/mios32_com.o
LOAD project_build//Volumes/DATA/Bruno/eclipse-workspace/mios32/trunk/mios32/common/mios32_uart_midi.o
LOAD project_build//Volumes/DATA/Bruno/eclipse-workspace/mios32/trunk/mios32/common/mios32_spi_midi.o
LOAD project_build//Volumes/DATA/Bruno/eclipse-workspace/mios32/trunk/mios32/common/mios32_iic_midi.o
LOAD project_build//Volumes/DATA/Bruno/eclipse-workspace/mios32/trunk/mios32/common/mios32_can_midi.o
LOAD project_build//Volumes/DATA/Bruno/eclipse-workspace/mios32/trunk/mios32/common/mios32_iic_bs.o
LOAD project_build//Volumes/DATA/Bruno/eclipse-workspace/mios32/trunk/mios32/common/mios32_mf.o
LOAD project_build//Volumes/DATA/Bruno/eclipse-workspace/mios32/trunk/mios32/common/mios32_sdcard.o
LOAD project_build//Volumes/DATA/Bruno/eclipse-workspace/mios32/trunk/mios32/common/mios32_enc28j60.o
LOAD project_build//Volumes/DATA/Bruno/eclipse-workspace/mios32/trunk/mios32/common/mios32_timestamp.o
LOAD project_build//Volumes/DATA/Bruno/eclipse-workspace/mios32/trunk/mios32/STM32F4xx/mios32_bsl.o
LOAD project_build//Volumes/DATA/Bruno/eclipse-workspace/mios32/trunk/mios32/STM32F4xx/mios32_sys.o
LOAD project_build//Volumes/DATA/Bruno/eclipse-workspace/mios32/trunk/mios32/STM32F4xx/mios32_irq.o
LOAD project_build//Volumes/DATA/Bruno/eclipse-workspace/mios32/trunk/mios32/STM32F4xx/mios32_spi.o
LOAD project_build//Volumes/DATA/Bruno/eclipse-workspace/mios32/trunk/mios32/STM32F4xx/mios32_i2s.o
LOAD project_build//Volumes/DATA/Bruno/eclipse-workspace/mios32/trunk/mios32/STM32F4xx/mios32_board.o
LOAD project_build//Volumes/DATA/Bruno/eclipse-workspace/mios32/trunk/mios32/STM32F4xx/mios32_timer.o
LOAD project_build//Volumes/DATA/Bruno/eclipse-workspace/mios32/trunk/mios32/STM32F4xx/mios32_stopwatch.o
LOAD project_build//Volumes/DATA/Bruno/eclipse-workspace/mios32/trunk/mios32/STM32F4xx/mios32_delay.o
LOAD project_build//Volumes/DATA/Bruno/eclipse-workspace/mios32/trunk/mios32/STM32F4xx/mios32_ain.o
LOAD project_build//Volumes/DATA/Bruno/eclipse-workspace/mios32/trunk/mios32/STM32F4xx/mios32_usb.o
LOAD project_build//Volumes/DATA/Bruno/eclipse-workspace/mios32/trunk/mios32/STM32F4xx/mios32_usb_midi.o
LOAD project_build//Volumes/DATA/Bruno/eclipse-workspace/mios32/trunk/mios32/STM32F4xx/mios32_usb_hid.o
LOAD project_build//Volumes/DATA/Bruno/eclipse-workspace/mios32/trunk/mios32/STM32F4xx/mios32_usb_com.o
LOAD project_build//Volumes/DATA/Bruno/eclipse-workspace/mios32/trunk/mios32/STM32F4xx/mios32_uart.o
LOAD project_build//Volumes/DATA/Bruno/eclipse-workspace/mios32/trunk/mios32/STM32F4xx/mios32_iic.o
LOAD project_build//Volumes/DATA/Bruno/eclipse-workspace/mios32/trunk/mios32/STM32F4xx/mios32_can.o
LOAD project_build//Volumes/DATA/Bruno/eclipse-workspace/mios32/trunk/mios32/common/printf-stdarg.o
LOAD project_build//Volumes/DATA/Bruno/eclipse-workspace/mios32/trunk/drivers/STM32F4xx/v1.1.0/STM32F4xx_StdPeriph_Driver/src/misc.o
LOAD project_build//Volumes/DATA/Bruno/eclipse-workspace/mios32/trunk/drivers/STM32F4xx/v1.1.0/STM32F4xx_StdPeriph_Driver/src/stm32f4xx_adc.o
LOAD project_build//Volumes/DATA/Bruno/eclipse-workspace/mios32/trunk/drivers/STM32F4xx/v1.1.0/STM32F4xx_StdPeriph_Driver/src/stm32f4xx_can.o
LOAD project_build//Volumes/DATA/Bruno/eclipse-workspace/mios32/trunk/drivers/STM32F4xx/v1.1.0/STM32F4xx_StdPeriph_Driver/src/stm32f4xx_crc.o
LOAD project_build//Volumes/DATA/Bruno/eclipse-workspace/mios32/trunk/drivers/STM32F4xx/v1.1.0/STM32F4xx_StdPeriph_Driver/src/stm32f4xx_cryp.o
LOAD project_build//Volumes/DATA/Bruno/eclipse-workspace/mios32/trunk/drivers/STM32F4xx/v1.1.0/STM32F4xx_StdPeriph_Driver/src/stm32f4xx_cryp_aes.o
LOAD project_build//Volumes/DATA/Bruno/eclipse-workspace/mios32/trunk/drivers/STM32F4xx/v1.1.0/STM32F4xx_StdPeriph_Driver/src/stm32f4xx_cryp_des.o
LOAD project_build//Volumes/DATA/Bruno/eclipse-workspace/mios32/trunk/drivers/STM32F4xx/v1.1.0/STM32F4xx_StdPeriph_Driver/src/stm32f4xx_cryp_tdes.o
LOAD project_build//Volumes/DATA/Bruno/eclipse-workspace/mios32/trunk/drivers/STM32F4xx/v1.1.0/STM32F4xx_StdPeriph_Driver/src/stm32f4xx_dac.o
LOAD project_build//Volumes/DATA/Bruno/eclipse-workspace/mios32/trunk/drivers/STM32F4xx/v1.1.0/STM32F4xx_StdPeriph_Driver/src/stm32f4xx_dbgmcu.o
LOAD project_build//Volumes/DATA/Bruno/eclipse-workspace/mios32/trunk/drivers/STM32F4xx/v1.1.0/STM32F4xx_StdPeriph_Driver/src/stm32f4xx_dcmi.o
LOAD project_build//Volumes/DATA/Bruno/eclipse-workspace/mios32/trunk/drivers/STM32F4xx/v1.1.0/STM32F4xx_StdPeriph_Driver/src/stm32f4xx_dma.o
LOAD project_build//Volumes/DATA/Bruno/eclipse-workspace/mios32/trunk/drivers/STM32F4xx/v1.1.0/STM32F4xx_StdPeriph_Driver/src/stm32f4xx_exti.o
LOAD project_build//Volumes/DATA/Bruno/eclipse-workspace/mios32/trunk/drivers/STM32F4xx/v1.1.0/STM32F4xx_StdPeriph_Driver/src/stm32f4xx_flash.o
LOAD project_build//Volumes/DATA/Bruno/eclipse-workspace/mios32/trunk/drivers/STM32F4xx/v1.1.0/STM32F4xx_StdPeriph_Driver/src/stm32f4xx_fsmc.o
LOAD project_build//Volumes/DATA/Bruno/eclipse-workspace/mios32/trunk/drivers/STM32F4xx/v1.1.0/STM32F4xx_StdPeriph_Driver/src/stm32f4xx_gpio.o
LOAD project_build//Volumes/DATA/Bruno/eclipse-workspace/mios32/trunk/drivers/STM32F4xx/v1.1.0/STM32F4xx_StdPeriph_Driver/src/stm32f4xx_hash.o
LOAD project_build//Volumes/DATA/Bruno/eclipse-workspace/mios32/trunk/drivers/STM32F4xx/v1.1.0/STM32F4xx_StdPeriph_Driver/src/stm32f4xx_hash_md5.o
LOAD project_build//Volumes/DATA/Bruno/eclipse-workspace/mios32/trunk/drivers/STM32F4xx/v1.1.0/STM32F4xx_StdPeriph_Driver/src/stm32f4xx_hash_sha1.o
LOAD project_build//Volumes/DATA/Bruno/eclipse-workspace/mios32/trunk/drivers/STM32F4xx/v1.1.0/STM32F4xx_StdPeriph_Driver/src/stm32f4xx_i2c.o
LOAD project_build//Volumes/DATA/Bruno/eclipse-workspace/mios32/trunk/drivers/STM32F4xx/v1.1.0/STM32F4xx_StdPeriph_Driver/src/stm32f4xx_iwdg.o
LOAD project_build//Volumes/DATA/Bruno/eclipse-workspace/mios32/trunk/drivers/STM32F4xx/v1.1.0/STM32F4xx_StdPeriph_Driver/src/stm32f4xx_pwr.o
LOAD project_build//Volumes/DATA/Bruno/eclipse-workspace/mios32/trunk/drivers/STM32F4xx/v1.1.0/STM32F4xx_StdPeriph_Driver/src/stm32f4xx_rcc.o
LOAD project_build//Volumes/DATA/Bruno/eclipse-workspace/mios32/trunk/drivers/STM32F4xx/v1.1.0/STM32F4xx_StdPeriph_Driver/src/stm32f4xx_rng.o
LOAD project_build//Volumes/DATA/Bruno/eclipse-workspace/mios32/trunk/drivers/STM32F4xx/v1.1.0/STM32F4xx_StdPeriph_Driver/src/stm32f4xx_rtc.o
LOAD project_build//Volumes/DATA/Bruno/eclipse-workspace/mios32/trunk/drivers/STM32F4xx/v1.1.0/STM32F4xx_StdPeriph_Driver/src/stm32f4xx_sdio.o
LOAD project_build//Volumes/DATA/Bruno/eclipse-workspace/mios32/trunk/drivers/STM32F4xx/v1.1.0/STM32F4xx_StdPeriph_Driver/src/stm32f4xx_spi.o
LOAD project_build//Volumes/DATA/Bruno/eclipse-workspace/mios32/trunk/drivers/STM32F4xx/v1.1.0/STM32F4xx_StdPeriph_Driver/src/stm32f4xx_syscfg.o
LOAD project_build//Volumes/DATA/Bruno/eclipse-workspace/mios32/trunk/drivers/STM32F4xx/v1.1.0/STM32F4xx_StdPeriph_Driver/src/stm32f4xx_tim.o
LOAD project_build//Volumes/DATA/Bruno/eclipse-workspace/mios32/trunk/drivers/STM32F4xx/v1.1.0/STM32F4xx_StdPeriph_Driver/src/stm32f4xx_usart.o
LOAD project_build//Volumes/DATA/Bruno/eclipse-workspace/mios32/trunk/drivers/STM32F4xx/v1.1.0/STM32F4xx_StdPeriph_Driver/src/stm32f4xx_wwdg.o
LOAD project_build//Volumes/DATA/Bruno/eclipse-workspace/mios32/trunk/drivers/STM32F4xx/v1.1.0/STM32_USB_Device_Library/Core/src/usbd_core.o
LOAD project_build//Volumes/DATA/Bruno/eclipse-workspace/mios32/trunk/drivers/STM32F4xx/v1.1.0/STM32_USB_Device_Library/Core/src/usbd_ioreq.o
LOAD project_build//Volumes/DATA/Bruno/eclipse-workspace/mios32/trunk/drivers/STM32F4xx/v1.1.0/STM32_USB_Device_Library/Core/src/usbd_req.o
LOAD project_build//Volumes/DATA/Bruno/eclipse-workspace/mios32/trunk/drivers/STM32F4xx/v1.1.0/STM32_USB_HOST_Library/Core/src/usbh_core.o
LOAD project_build//Volumes/DATA/Bruno/eclipse-workspace/mios32/trunk/drivers/STM32F4xx/v1.1.0/STM32_USB_HOST_Library/Core/src/usbh_hcs.o
LOAD project_build//Volumes/DATA/Bruno/eclipse-workspace/mios32/trunk/drivers/STM32F4xx/v1.1.0/STM32_USB_HOST_Library/Core/src/usbh_ioreq.o
LOAD project_build//Volumes/DATA/Bruno/eclipse-workspace/mios32/trunk/drivers/STM32F4xx/v1.1.0/STM32_USB_HOST_Library/Core/src/usbh_stdreq.o
LOAD project_build//Volumes/DATA/Bruno/eclipse-workspace/mios32/trunk/drivers/STM32F4xx/v1.1.0/STM32_USB_HOST_Library/Class/HID/src/usbh_hid_core.o
LOAD project_build//Volumes/DATA/Bruno/eclipse-workspace/mios32/trunk/drivers/STM32F4xx/v1.1.0/STM32_USB_HOST_Library/Class/HID/src/usbh_hid_keybd.o
LOAD project_build//Volumes/DATA/Bruno/eclipse-workspace/mios32/trunk/drivers/STM32F4xx/v1.1.0/STM32_USB_HOST_Library/Class/HID/src/usbh_hid_mouse.o
LOAD project_build//Volumes/DATA/Bruno/eclipse-workspace/mios32/trunk/drivers/STM32F4xx/v1.1.0/STM32_USB_OTG_Driver/src/usb_core.o
LOAD project_build//Volumes/DATA/Bruno/eclipse-workspace/mios32/trunk/drivers/STM32F4xx/v1.1.0/STM32_USB_OTG_Driver/src/usb_dcd.o
LOAD project_build//Volumes/DATA/Bruno/eclipse-workspace/mios32/trunk/drivers/STM32F4xx/v1.1.0/STM32_USB_OTG_Driver/src/usb_dcd_int.o
LOAD project_build//Volumes/DATA/Bruno/eclipse-workspace/mios32/trunk/drivers/STM32F4xx/v1.1.0/STM32_USB_OTG_Driver/src/usb_hcd.o
LOAD project_build//Volumes/DATA/Bruno/eclipse-workspace/mios32/trunk/drivers/STM32F4xx/v1.1.0/STM32_USB_OTG_Driver/src/usb_hcd_int.o
LOAD project_build//Volumes/DATA/Bruno/eclipse-workspace/mios32/trunk/drivers/STM32F4xx/v1.1.0/STM32_USB_OTG_Driver/src/usb_otg.o
LOAD project_build//Volumes/DATA/Bruno/eclipse-workspace/mios32/trunk/modules/app_lcd/universal/app_lcd.o
LOAD project_build//Volumes/DATA/Bruno/eclipse-workspace/mios32/trunk/modules/glcd_font/glcd_font_normal.o
LOAD project_build//Volumes/DATA/Bruno/eclipse-workspace/mios32/trunk/modules/glcd_font/glcd_font_normal_inv.o
LOAD project_build//Volumes/DATA/Bruno/eclipse-workspace/mios32/trunk/modules/glcd_font/glcd_font_big.o
LOAD project_build//Volumes/DATA/Bruno/eclipse-workspace/mios32/trunk/modules/glcd_font/glcd_font_small.o
LOAD project_build//Volumes/DATA/Bruno/eclipse-workspace/mios32/trunk/modules/glcd_font/glcd_font_tiny.o
LOAD project_build//Volumes/DATA/Bruno/eclipse-workspace/mios32/trunk/modules/glcd_font/glcd_font_tiny_wide.o
LOAD project_build//Volumes/DATA/Bruno/eclipse-workspace/mios32/trunk/modules/glcd_font/glcd_font_tiny_inv.o
LOAD project_build//Volumes/DATA/Bruno/eclipse-workspace/mios32/trunk/modules/glcd_font/glcd_font_knob_icons.o
LOAD project_build//Volumes/DATA/Bruno/eclipse-workspace/mios32/trunk/modules/glcd_font/glcd_font_meter_icons_h.o
LOAD project_build//Volumes/DATA/Bruno/eclipse-workspace/mios32/trunk/modules/glcd_font/glcd_font_meter_icons_v.o
LOAD project_build//Volumes/DATA/Bruno/eclipse-workspace/mios32/trunk/modules/glcd_font/glcd_font_minitogsel_icons.o
LOAD project_build//Volumes/DATA/Bruno/eclipse-workspace/mios32/trunk/programming_models/traditional/mini_cpp.o
LOAD project_build//Volumes/DATA/Bruno/eclipse-workspace/mios32/trunk/programming_models/traditional/freertos_heap.o
LOAD /Volumes/DATA/Bruno/gcc-arm-none-eabi-4_7-2013q3/bin/../lib/gcc/arm-none-eabi/4.7.4/../../../../arm-none-eabi/lib/armv7e-m/libstdc++_s.a
START GROUP
LOAD /Volumes/DATA/Bruno/gcc-arm-none-eabi-4_7-2013q3/bin/../lib/gcc/arm-none-eabi/4.7.4/armv7e-m/libgcc.a
LOAD /Volumes/DATA/Bruno/gcc-arm-none-eabi-4_7-2013q3/bin/../lib/gcc/arm-none-eabi/4.7.4/../../../../arm-none-eabi/lib/armv7e-m/libc_s.a
END GROUP
                0x0000000020020000                _estack = 0x20020000
                0x0000000000000080                __Stack_Size = 0x80
                0x0000000000000080                PROVIDE (_Stack_Size, __Stack_Size)
                0x000000002001ff80                __Stack_Init = (_estack - __Stack_Size)
                0x000000002001ff80                PROVIDE (_Stack_Init, __Stack_Init)
                0x0000000000000100                _Minimum_Stack_Size = 0x100
                0x0000000042000000                PERIPH_BB_BASE = 0x42000000
                0x0000000022000000                SRAM_BB_BASE = 0x22000000
                0x0000000020000000                SRAM_BASE = 0x20000000
                0x0000000040000000                PERIPH_BASE = 0x40000000
                0x0000000040022000                PROVIDE (FLASH_BASE, 0x40022000)
                0x000000001ffff800                PROVIDE (OB_BASE, 0x1ffff800)
                0x0000000040000000                APB1PERIPH_BASE = PERIPH_BASE
                0x0000000040010000                APB2PERIPH_BASE = (PERIPH_BASE + 0x10000)
                0x0000000040020000                AHBPERIPH_BASE = (PERIPH_BASE + 0x20000)
                0x0000000040000000                PROVIDE (TIM2, (APB1PERIPH_BASE + 0x0))
                0x0000000040000400                PROVIDE (TIM3, (APB1PERIPH_BASE + 0x400))
                0x0000000040000800                PROVIDE (TIM4, (APB1PERIPH_BASE + 0x800))
                0x0000000040002800                PROVIDE (RTC, (APB1PERIPH_BASE + 0x2800))
                0x0000000040002c00                PROVIDE (WWDG, (APB1PERIPH_BASE + 0x2c00))
                0x0000000040003000                PROVIDE (IWDG, (APB1PERIPH_BASE + 0x3000))
                0x0000000040003800                PROVIDE (SPI2, (APB1PERIPH_BASE + 0x3800))
                0x0000000040004400                PROVIDE (USART2, (APB1PERIPH_BASE + 0x4400))
                0x0000000040004800                PROVIDE (USART3, (APB1PERIPH_BASE + 0x4800))
                0x0000000040005400                PROVIDE (I2C1, (APB1PERIPH_BASE + 0x5400))
                0x0000000040005800                PROVIDE (I2C2, (APB1PERIPH_BASE + 0x5800))
                0x0000000040006400                PROVIDE (CAN, (APB1PERIPH_BASE + 0x6400))
                0x0000000040006c00                PROVIDE (BKP, (APB1PERIPH_BASE + 0x6c00))
                0x0000000040007000                PROVIDE (PWR, (APB1PERIPH_BASE + 0x7000))
                0x0000000040010000                PROVIDE (AFIO, (APB2PERIPH_BASE + 0x0))
                0x0000000040010400                PROVIDE (EXTI, (APB2PERIPH_BASE + 0x400))
                0x0000000040010800                PROVIDE (GPIOA, (APB2PERIPH_BASE + 0x800))
                0x0000000040010c00                PROVIDE (GPIOB, (APB2PERIPH_BASE + 0xc00))
                0x0000000040011000                PROVIDE (GPIOC, (APB2PERIPH_BASE + 0x1000))
                0x0000000040011400                PROVIDE (GPIOD, (APB2PERIPH_BASE + 0x1400))
                0x0000000040011800                PROVIDE (GPIOE, (APB2PERIPH_BASE + 0x1800))
                0x0000000040012400                PROVIDE (ADC1, (APB2PERIPH_BASE + 0x2400))
                0x0000000040012800                PROVIDE (ADC2, (APB2PERIPH_BASE + 0x2800))
                0x0000000040012c00                PROVIDE (TIM1, (APB2PERIPH_BASE + 0x2c00))
                0x0000000040013000                PROVIDE (SPI1, (APB2PERIPH_BASE + 0x3000))
                0x0000000040013800                PROVIDE (USART1, (APB2PERIPH_BASE + 0x3800))
                0x0000000040020000                PROVIDE (DMA, (AHBPERIPH_BASE + 0x0))
                0x0000000040020008                PROVIDE (DMA_Channel1, (AHBPERIPH_BASE + 0x8))
                0x000000004002001c                PROVIDE (DMA_Channel2, (AHBPERIPH_BASE + 0x1c))
                0x0000000040020030                PROVIDE (DMA_Channel3, (AHBPERIPH_BASE + 0x30))
                0x0000000040020044                PROVIDE (DMA_Channel4, (AHBPERIPH_BASE + 0x44))
                0x0000000040020058                PROVIDE (DMA_Channel5, (AHBPERIPH_BASE + 0x58))
                0x000000004002006c                PROVIDE (DMA_Channel6, (AHBPERIPH_BASE + 0x6c))
                0x0000000040020080                PROVIDE (DMA_Channel7, (AHBPERIPH_BASE + 0x80))
                0x0000000040021000                PROVIDE (RCC, (AHBPERIPH_BASE + 0x1000))
                0x00000000e000e000                SCS_BASE = 0xe000e000
                0x00000000e000e010                PROVIDE (SysTick, (SCS_BASE + 0x10))
                0x00000000e000e100                PROVIDE (NVIC, (SCS_BASE + 0x100))
                0x00000000e000ed00                PROVIDE (SCB, (SCS_BASE + 0xd00))

.mios32_bsl     0x0000000008000000     0x4000
                0x0000000008000000                . = ALIGN (0x4)
 *(.mios32_bsl)
 .mios32_bsl    0x0000000008000000     0x4000 project_build//Volumes/DATA/Bruno/eclipse-workspace/mios32/trunk/mios32/STM32F4xx/mios32_bsl.o
                0x0000000008000000                mios32_bsl_image
                0x0000000008004000                . = ALIGN (0x4)

.isr_vector     0x0000000008004000      0x188
                0x0000000008004000                _mios32_sys_isr_vector = .
                0x0000000008004000                . = ALIGN (0x4)
 *(.isr_vector)
 .isr_vector    0x0000000008004000      0x188 project_build//Volumes/DATA/Bruno/eclipse-workspace/mios32/trunk/programming_models/traditional/startup_stm32f4xx.o
                0x0000000008004000                g_pfnVectors
                0x0000000008004188                . = ALIGN (0x4)
                0x0000000008004000                PROVIDE (mios32_sys_isr_vector, _mios32_sys_isr_vector)

.flashtext      0x0000000008010000        0x0
                0x0000000008010000                . = ALIGN (0x4)
 *(.flashtext)
                0x0000000008010000                . = ALIGN (0x4)

.text           0x0000000008010000     0xa6ea
                0x0000000008010000                . = ALIGN (0x4)
 CREATE_OBJECT_SYMBOLS
 *(.text .text.* .gnu.linkonce.t.*)
 .text.TASK_Display
                0x0000000008010000      0x238 project_build/app.o
 .text.sdcard_try_connect
                0x0000000008010238       0x38 project_build/app.o
 .text.check_sector_rw
                0x0000000008010270       0xc8 project_build/app.o
 .text.APP_Init
                0x0000000008010338       0x74 project_build/app.o
                0x0000000008010338                APP_Init
 .text.APP_Background
                0x00000000080103ac      0x13c project_build/app.o
                0x00000000080103ac                APP_Background
 .text.APP_MIDI_NotifyPackage
                0x00000000080104e8       0x18 project_build/app.o
                0x00000000080104e8                APP_MIDI_NotifyPackage
 .text.APP_SRIO_ServicePrepare
                0x0000000008010500        0x2 project_build/app.o
                0x0000000008010500                APP_SRIO_ServicePrepare
 .text.APP_SRIO_ServiceFinish
                0x0000000008010502        0x2 project_build/app.o
                0x0000000008010502                APP_SRIO_ServiceFinish
 .text.APP_DIN_NotifyToggle
                0x0000000008010504       0x10 project_build/app.o
                0x0000000008010504                APP_DIN_NotifyToggle
 .text.APP_ENC_NotifyChange
                0x0000000008010514        0x2 project_build/app.o
                0x0000000008010514                APP_ENC_NotifyChange
 .text.APP_AIN_NotifyChange
                0x0000000008010516        0x2 project_build/app.o
                0x0000000008010516                APP_AIN_NotifyChange
 .text.SRIO_ServiceFinish
                0x0000000008010518        0xe project_build//Volumes/DATA/Bruno/eclipse-workspace/mios32/trunk/programming_models/traditional/main.o
                0x0000000008010518                SRIO_ServiceFinish
 .text.APP_Tick
                0x0000000008010526        0x2 project_build//Volumes/DATA/Bruno/eclipse-workspace/mios32/trunk/programming_models/traditional/main.o
                0x0000000008010526                APP_Tick
 .text.TASK_Hooks
                0x0000000008010528       0x48 project_build//Volumes/DATA/Bruno/eclipse-workspace/mios32/trunk/programming_models/traditional/main.o
 .text.APP_MIDI_Tick
                0x0000000008010570        0x2 project_build//Volumes/DATA/Bruno/eclipse-workspace/mios32/trunk/programming_models/traditional/main.o
                0x0000000008010570                APP_MIDI_Tick
 *fill*         0x0000000008010572        0x2 00
 .text.TASK_MIDI_Hooks
                0x0000000008010574       0x34 project_build//Volumes/DATA/Bruno/eclipse-workspace/mios32/trunk/programming_models/traditional/main.o
 .text.startup.main
                0x00000000080105a8       0xd4 project_build//Volumes/DATA/Bruno/eclipse-workspace/mios32/trunk/programming_models/traditional/main.o
                0x00000000080105a8                main
 .text.vApplicationTickHook
                0x000000000801067c       0x18 project_build//Volumes/DATA/Bruno/eclipse-workspace/mios32/trunk/programming_models/traditional/main.o
                0x000000000801067c                vApplicationTickHook
 .text.vApplicationIdleHook
                0x0000000008010694        0x4 project_build//Volumes/DATA/Bruno/eclipse-workspace/mios32/trunk/programming_models/traditional/main.o
                0x0000000008010694                vApplicationIdleHook
 .text._abort   0x0000000008010698       0x40 project_build//Volumes/DATA/Bruno/eclipse-workspace/mios32/trunk/programming_models/traditional/main.o
                0x0000000008010698                _abort
 .text.vApplicationMallocFailedHook
                0x00000000080106d8       0x4c project_build//Volumes/DATA/Bruno/eclipse-workspace/mios32/trunk/programming_models/traditional/main.o
                0x00000000080106d8                vApplicationMallocFailedHook
 .text.HardFault_Handler_c
                0x0000000008010724      0x148 project_build//Volumes/DATA/Bruno/eclipse-workspace/mios32/trunk/programming_models/traditional/main.o
                0x0000000008010724                HardFault_Handler_c
 .text.HardFault_Handler
                0x000000000801086c       0x14 project_build//Volumes/DATA/Bruno/eclipse-workspace/mios32/trunk/programming_models/traditional/main.o
                0x000000000801086c                HardFault_Handler
 .text.prvAddCurrentTaskToDelayedList
                0x0000000008010880       0x98 project_build//Volumes/DATA/Bruno/eclipse-workspace/mios32/trunk/FreeRTOS/Source/tasks.o
 .text.prvResetNextTaskUnblockTime
                0x0000000008010918       0x24 project_build//Volumes/DATA/Bruno/eclipse-workspace/mios32/trunk/FreeRTOS/Source/tasks.o
 .text.xTaskCreate
                0x000000000801093c      0x1ac project_build//Volumes/DATA/Bruno/eclipse-workspace/mios32/trunk/FreeRTOS/Source/tasks.o
                0x000000000801093c                xTaskCreate
 .text.vTaskStartScheduler
                0x0000000008010ae8       0x64 project_build//Volumes/DATA/Bruno/eclipse-workspace/mios32/trunk/FreeRTOS/Source/tasks.o
                0x0000000008010ae8                vTaskStartScheduler
 .text.vTaskSuspendAll
                0x0000000008010b4c       0x10 project_build//Volumes/DATA/Bruno/eclipse-workspace/mios32/trunk/FreeRTOS/Source/tasks.o
                0x0000000008010b4c                vTaskSuspendAll
 .text.xTaskGetTickCount
                0x0000000008010b5c        0xc project_build//Volumes/DATA/Bruno/eclipse-workspace/mios32/trunk/FreeRTOS/Source/tasks.o
                0x0000000008010b5c                xTaskGetTickCount
 .text.xTaskIncrementTick
                0x0000000008010b68      0x104 project_build//Volumes/DATA/Bruno/eclipse-workspace/mios32/trunk/FreeRTOS/Source/tasks.o
                0x0000000008010b68                xTaskIncrementTick
 .text.xTaskResumeAll
                0x0000000008010c6c       0xd0 project_build//Volumes/DATA/Bruno/eclipse-workspace/mios32/trunk/FreeRTOS/Source/tasks.o
                0x0000000008010c6c                xTaskResumeAll
 .text.prvIdleTask
                0x0000000008010d3c       0x78 project_build//Volumes/DATA/Bruno/eclipse-workspace/mios32/trunk/FreeRTOS/Source/tasks.o
 .text.vTaskDelay
                0x0000000008010db4       0x34 project_build//Volumes/DATA/Bruno/eclipse-workspace/mios32/trunk/FreeRTOS/Source/tasks.o
                0x0000000008010db4                vTaskDelay
 .text.vTaskDelayUntil
                0x0000000008010de8       0x60 project_build//Volumes/DATA/Bruno/eclipse-workspace/mios32/trunk/FreeRTOS/Source/tasks.o
                0x0000000008010de8                vTaskDelayUntil
 .text.vTaskSwitchContext
                0x0000000008010e48       0x54 project_build//Volumes/DATA/Bruno/eclipse-workspace/mios32/trunk/FreeRTOS/Source/tasks.o
                0x0000000008010e48                vTaskSwitchContext
 .text.vListInitialise
                0x0000000008010e9c       0x16 project_build//Volumes/DATA/Bruno/eclipse-workspace/mios32/trunk/FreeRTOS/Source/list.o
                0x0000000008010e9c                vListInitialise
 .text.vListInitialiseItem
                0x0000000008010eb2        0x6 project_build//Volumes/DATA/Bruno/eclipse-workspace/mios32/trunk/FreeRTOS/Source/list.o
                0x0000000008010eb2                vListInitialiseItem
 .text.vListInsertEnd
                0x0000000008010eb8       0x18 project_build//Volumes/DATA/Bruno/eclipse-workspace/mios32/trunk/FreeRTOS/Source/list.o
                0x0000000008010eb8                vListInsertEnd
 .text.vListInsert
                0x0000000008010ed0       0x30 project_build//Volumes/DATA/Bruno/eclipse-workspace/mios32/trunk/FreeRTOS/Source/list.o
                0x0000000008010ed0                vListInsert
 .text.uxListRemove
                0x0000000008010f00       0x20 project_build//Volumes/DATA/Bruno/eclipse-workspace/mios32/trunk/FreeRTOS/Source/list.o
                0x0000000008010f00                uxListRemove
 .text.prvTaskExitError
                0x0000000008010f20       0x12 project_build//Volumes/DATA/Bruno/eclipse-workspace/mios32/trunk/FreeRTOS/Source/portable/GCC/ARM_CM3/port.o
 *fill*         0x0000000008010f32        0x2 00
 .text.prvPortStartFirstTask
                0x0000000008010f34       0x20 project_build//Volumes/DATA/Bruno/eclipse-workspace/mios32/trunk/FreeRTOS/Source/portable/GCC/ARM_CM3/port.o
 .text.pxPortInitialiseStack
                0x0000000008010f54       0x24 project_build//Volumes/DATA/Bruno/eclipse-workspace/mios32/trunk/FreeRTOS/Source/portable/GCC/ARM_CM3/port.o
                0x0000000008010f54                pxPortInitialiseStack
 *fill*         0x0000000008010f78        0x8 00
 .text.vPortSVCHandler
                0x0000000008010f80       0x30 project_build//Volumes/DATA/Bruno/eclipse-workspace/mios32/trunk/FreeRTOS/Source/portable/GCC/ARM_CM3/port.o
                0x0000000008010f80                vPortSVCHandler
 .text.vPortEnterCritical
                0x0000000008010fb0       0x20 project_build//Volumes/DATA/Bruno/eclipse-workspace/mios32/trunk/FreeRTOS/Source/portable/GCC/ARM_CM3/port.o
                0x0000000008010fb0                vPortEnterCritical
 .text.vPortExitCritical
                0x0000000008010fd0       0x14 project_build//Volumes/DATA/Bruno/eclipse-workspace/mios32/trunk/FreeRTOS/Source/portable/GCC/ARM_CM3/port.o
                0x0000000008010fd0                vPortExitCritical
 *fill*         0x0000000008010fe4        0xc 00
 .text.xPortPendSVHandler
                0x0000000008010ff0       0x50 project_build//Volumes/DATA/Bruno/eclipse-workspace/mios32/trunk/FreeRTOS/Source/portable/GCC/ARM_CM3/port.o
                0x0000000008010ff0                xPortPendSVHandler
 .text.xPortSysTickHandler
                0x0000000008011040       0x2c project_build//Volumes/DATA/Bruno/eclipse-workspace/mios32/trunk/FreeRTOS/Source/portable/GCC/ARM_CM3/port.o
                0x0000000008011040                xPortSysTickHandler
 .text.vPortSetupTimerInterrupt
                0x000000000801106c       0x18 project_build//Volumes/DATA/Bruno/eclipse-workspace/mios32/trunk/FreeRTOS/Source/portable/GCC/ARM_CM3/port.o
                0x000000000801106c                vPortSetupTimerInterrupt
 .text.xPortStartScheduler
                0x0000000008011084       0x30 project_build//Volumes/DATA/Bruno/eclipse-workspace/mios32/trunk/FreeRTOS/Source/portable/GCC/ARM_CM3/port.o
                0x0000000008011084                xPortStartScheduler
 .text.prvInsertBlockIntoFreeList
                0x00000000080110b4       0x48 project_build//Volumes/DATA/Bruno/eclipse-workspace/mios32/trunk/FreeRTOS/Source/portable/MemMang/heap_4.o
 .text.pvPortMalloc
                0x00000000080110fc      0x100 project_build//Volumes/DATA/Bruno/eclipse-workspace/mios32/trunk/FreeRTOS/Source/portable/MemMang/heap_4.o
                0x00000000080110fc                pvPortMalloc
 .text.vPortFree
                0x00000000080111fc       0x4c project_build//Volumes/DATA/Bruno/eclipse-workspace/mios32/trunk/FreeRTOS/Source/portable/MemMang/heap_4.o
                0x00000000080111fc                vPortFree
 .text.Default_Handler
                0x0000000008011248        0x2 project_build//Volumes/DATA/Bruno/eclipse-workspace/mios32/trunk/programming_models/traditional/startup_stm32f4xx.o
                0x0000000008011248                DMA2_Stream6_IRQHandler
                0x0000000008011248                HASH_RNG_IRQHandler
                0x0000000008011248                EXTI2_IRQHandler
                0x0000000008011248                TIM8_CC_IRQHandler
                0x0000000008011248                DebugMon_Handler
                0x0000000008011248                TIM1_CC_IRQHandler
                0x0000000008011248                DMA2_Stream5_IRQHandler
                0x0000000008011248                DMA1_Stream5_IRQHandler
                0x0000000008011248                SysTick_Handler
                0x0000000008011248                PVD_IRQHandler
                0x0000000008011248                SDIO_IRQHandler
                0x0000000008011248                TAMP_STAMP_IRQHandler
                0x0000000008011248                PendSV_Handler
                0x0000000008011248                NMI_Handler
                0x0000000008011248                CAN2_RX1_IRQHandler
                0x0000000008011248                EXTI3_IRQHandler
                0x0000000008011248                TIM8_TRG_COM_TIM14_IRQHandler
                0x0000000008011248                TIM1_UP_TIM10_IRQHandler
                0x0000000008011248                TIM8_UP_TIM13_IRQHandler
                0x0000000008011248                I2C3_ER_IRQHandler
                0x0000000008011248                EXTI0_IRQHandler
                0x0000000008011248                CAN1_RX0_IRQHandler
                0x0000000008011248                FPU_IRQHandler
                0x0000000008011248                OTG_HS_WKUP_IRQHandler
                0x0000000008011248                UsageFault_Handler
                0x0000000008011248                CAN2_SCE_IRQHandler
                0x0000000008011248                SPI1_IRQHandler
                0x0000000008011248                TIM6_DAC_IRQHandler
                0x0000000008011248                TIM1_BRK_TIM9_IRQHandler
                0x0000000008011248                DCMI_IRQHandler
                0x0000000008011248                CAN2_RX0_IRQHandler
                0x0000000008011248                DMA2_Stream3_IRQHandler
                0x0000000008011248                CRYP_IRQHandler
                0x0000000008011248                CAN1_RX1_IRQHandler
                0x0000000008011248                DMA2_Stream0_IRQHandler
                0x0000000008011248                TIM4_IRQHandler
                0x0000000008011248                DMA1_Stream6_IRQHandler
                0x0000000008011248                DMA1_Stream1_IRQHandler
                0x0000000008011248                UART4_IRQHandler
                0x0000000008011248                RCC_IRQHandler
                0x0000000008011248                TIM8_BRK_TIM12_IRQHandler
                0x0000000008011248                Default_Handler
                0x0000000008011248                EXTI15_10_IRQHandler
                0x0000000008011248                ADC_IRQHandler
                0x0000000008011248                DMA1_Stream7_IRQHandler
                0x0000000008011248                TIM7_IRQHandler
                0x0000000008011248                CAN2_TX_IRQHandler
                0x0000000008011248                DMA2_Stream7_IRQHandler
                0x0000000008011248                I2C3_EV_IRQHandler
                0x0000000008011248                EXTI9_5_IRQHandler
                0x0000000008011248                RTC_WKUP_IRQHandler
                0x0000000008011248                ETH_WKUP_IRQHandler
                0x0000000008011248                SPI2_IRQHandler
                0x0000000008011248                OTG_HS_EP1_IN_IRQHandler
                0x0000000008011248                MemManage_Handler
                0x0000000008011248                DMA1_Stream0_IRQHandler
                0x0000000008011248                CAN1_TX_IRQHandler
                0x0000000008011248                SVC_Handler
                0x0000000008011248                EXTI4_IRQHandler
                0x0000000008011248                FSMC_IRQHandler
                0x0000000008011248                ETH_IRQHandler
                0x0000000008011248                OTG_HS_EP1_OUT_IRQHandler
                0x0000000008011248                WWDG_IRQHandler
                0x0000000008011248                OTG_FS_WKUP_IRQHandler
                0x0000000008011248                TIM1_TRG_COM_TIM11_IRQHandler
                0x0000000008011248                OTG_HS_IRQHandler
                0x0000000008011248                EXTI1_IRQHandler
                0x0000000008011248                DMA2_Stream1_IRQHandler
                0x0000000008011248                CAN1_SCE_IRQHandler
                0x0000000008011248                FLASH_IRQHandler
                0x0000000008011248                DMA2_Stream4_IRQHandler
                0x0000000008011248                BusFault_Handler
                0x0000000008011248                SPI3_IRQHandler
                0x0000000008011248                DMA1_Stream4_IRQHandler
                0x0000000008011248                RTC_Alarm_IRQHandler
 *fill*         0x000000000801124a        0x2 00
 .text.Reset_Handler
                0x000000000801124c       0x4c project_build//Volumes/DATA/Bruno/eclipse-workspace/mios32/trunk/programming_models/traditional/startup_stm32f4xx.o
                0x000000000801124c                Reset_Handler
 .text._init    0x0000000008011298        0x2 project_build//Volumes/DATA/Bruno/eclipse-workspace/mios32/trunk/programming_models/traditional/startup_stm32f4xx.o
                0x0000000008011298                _init
 *fill*         0x000000000801129a        0x2 00
 .text.MIOS32_SRIO_DMA_Callback
                0x000000000801129c       0xac project_build//Volumes/DATA/Bruno/eclipse-workspace/mios32/trunk/mios32/common/mios32_srio.o
 .text.MIOS32_SRIO_Init
                0x0000000008011348       0x90 project_build//Volumes/DATA/Bruno/eclipse-workspace/mios32/trunk/mios32/common/mios32_srio.o
                0x0000000008011348                MIOS32_SRIO_Init
 .text.MIOS32_SRIO_ScanNumGet
                0x00000000080113d8        0xc project_build//Volumes/DATA/Bruno/eclipse-workspace/mios32/trunk/mios32/common/mios32_srio.o
                0x00000000080113d8                MIOS32_SRIO_ScanNumGet
 .text.MIOS32_SRIO_DebounceStart
                0x00000000080113e4       0x14 project_build//Volumes/DATA/Bruno/eclipse-workspace/mios32/trunk/mios32/common/mios32_srio.o
                0x00000000080113e4                MIOS32_SRIO_DebounceStart
 .text.MIOS32_SRIO_ScanStart
                0x00000000080113f8       0x78 project_build//Volumes/DATA/Bruno/eclipse-workspace/mios32/trunk/mios32/common/mios32_srio.o
                0x00000000080113f8                MIOS32_SRIO_ScanStart
 .text.MIOS32_DIN_Init
                0x0000000008011470       0x28 project_build//Volumes/DATA/Bruno/eclipse-workspace/mios32/trunk/mios32/common/mios32_din.o
                0x0000000008011470                MIOS32_DIN_Init
 .text.MIOS32_DIN_SRChangedGetAndClear
                0x0000000008011498       0x30 project_build//Volumes/DATA/Bruno/eclipse-workspace/mios32/trunk/mios32/common/mios32_din.o
                0x0000000008011498                MIOS32_DIN_SRChangedGetAndClear
 .text.MIOS32_DIN_Handler
                0x00000000080114c8       0x64 project_build//Volumes/DATA/Bruno/eclipse-workspace/mios32/trunk/mios32/common/mios32_din.o
                0x00000000080114c8                MIOS32_DIN_Handler
 .text.MIOS32_DOUT_Init
                0x000000000801152c       0x1c project_build//Volumes/DATA/Bruno/eclipse-workspace/mios32/trunk/mios32/common/mios32_dout.o
                0x000000000801152c                MIOS32_DOUT_Init
 .text.MIOS32_ENC_Init
                0x0000000008011548       0x6c project_build//Volumes/DATA/Bruno/eclipse-workspace/mios32/trunk/mios32/common/mios32_enc.o
                0x0000000008011548                MIOS32_ENC_Init
 .text.MIOS32_ENC_UpdateStates
                0x00000000080115b4      0x26c project_build//Volumes/DATA/Bruno/eclipse-workspace/mios32/trunk/mios32/common/mios32_enc.o
                0x00000000080115b4                MIOS32_ENC_UpdateStates
 .text.MIOS32_ENC_Handler
                0x0000000008011820       0x44 project_build//Volumes/DATA/Bruno/eclipse-workspace/mios32/trunk/mios32/common/mios32_enc.o
                0x0000000008011820                MIOS32_ENC_Handler
 .text.MIOS32_LCD_ParametersFetchFromBslInfoRange
                0x0000000008011864       0x64 project_build//Volumes/DATA/Bruno/eclipse-workspace/mios32/trunk/mios32/common/mios32_lcd.o
                0x0000000008011864                MIOS32_LCD_ParametersFetchFromBslInfoRange
 .text.MIOS32_LCD_TypeIsGLCD
                0x00000000080118c8       0x10 project_build//Volumes/DATA/Bruno/eclipse-workspace/mios32/trunk/mios32/common/mios32_lcd.o
                0x00000000080118c8                MIOS32_LCD_TypeIsGLCD
 .text.MIOS32_LCD_DeviceSet
                0x00000000080118d8        0xc project_build//Volumes/DATA/Bruno/eclipse-workspace/mios32/trunk/mios32/common/mios32_lcd.o
                0x00000000080118d8                MIOS32_LCD_DeviceSet
 .text.MIOS32_LCD_CursorSet
                0x00000000080118e4       0x44 project_build//Volumes/DATA/Bruno/eclipse-workspace/mios32/trunk/mios32/common/mios32_lcd.o
                0x00000000080118e4                MIOS32_LCD_CursorSet
 .text.MIOS32_LCD_GCursorSet
                0x0000000008011928       0x14 project_build//Volumes/DATA/Bruno/eclipse-workspace/mios32/trunk/mios32/common/mios32_lcd.o
                0x0000000008011928                MIOS32_LCD_GCursorSet
 .text.MIOS32_LCD_CursorMapSet
                0x000000000801193c       0x18 project_build//Volumes/DATA/Bruno/eclipse-workspace/mios32/trunk/mios32/common/mios32_lcd.o
                0x000000000801193c                MIOS32_LCD_CursorMapSet
 .text.MIOS32_LCD_FontInit
                0x0000000008011954       0x24 project_build//Volumes/DATA/Bruno/eclipse-workspace/mios32/trunk/mios32/common/mios32_lcd.o
                0x0000000008011954                MIOS32_LCD_FontInit
 .text.MIOS32_LCD_Clear
                0x0000000008011978        0x4 project_build//Volumes/DATA/Bruno/eclipse-workspace/mios32/trunk/mios32/common/mios32_lcd.o
                0x0000000008011978                MIOS32_LCD_Clear
 .text.MIOS32_LCD_Init
                0x000000000801197c       0x54 project_build//Volumes/DATA/Bruno/eclipse-workspace/mios32/trunk/mios32/common/mios32_lcd.o
                0x000000000801197c                MIOS32_LCD_Init
 .text.MIOS32_LCD_PrintChar
                0x00000000080119d0       0x64 project_build//Volumes/DATA/Bruno/eclipse-workspace/mios32/trunk/mios32/common/mios32_lcd.o
                0x00000000080119d0                MIOS32_LCD_PrintChar
 .text.MIOS32_LCD_PrintString
                0x0000000008011a34       0x18 project_build//Volumes/DATA/Bruno/eclipse-workspace/mios32/trunk/mios32/common/mios32_lcd.o
                0x0000000008011a34                MIOS32_LCD_PrintString
 .text.MIOS32_LCD_PrintBootMessage
                0x0000000008011a4c       0x3c project_build//Volumes/DATA/Bruno/eclipse-workspace/mios32/trunk/mios32/common/mios32_lcd.o
                0x0000000008011a4c                MIOS32_LCD_PrintBootMessage
 .text.MIOS32_LCD_PrintFormattedString
                0x0000000008011a88       0x24 project_build//Volumes/DATA/Bruno/eclipse-workspace/mios32/trunk/mios32/common/mios32_lcd.o
                0x0000000008011a88                MIOS32_LCD_PrintFormattedString
 .text.MIOS32_LCD_BColourSet
                0x0000000008011aac        0x4 project_build//Volumes/DATA/Bruno/eclipse-workspace/mios32/trunk/mios32/common/mios32_lcd.o
                0x0000000008011aac                MIOS32_LCD_BColourSet
 .text.MIOS32_LCD_FColourSet
                0x0000000008011ab0        0x4 project_build//Volumes/DATA/Bruno/eclipse-workspace/mios32/trunk/mios32/common/mios32_lcd.o
                0x0000000008011ab0                MIOS32_LCD_FColourSet
 .text.MIOS32_MIDI_Init
                0x0000000008011ab4       0xd8 project_build//Volumes/DATA/Bruno/eclipse-workspace/mios32/trunk/mios32/common/mios32_midi.o
                0x0000000008011ab4                MIOS32_MIDI_Init
 .text.MIOS32_MIDI_SendPackage
                0x0000000008011b8c       0x9c project_build//Volumes/DATA/Bruno/eclipse-workspace/mios32/trunk/mios32/common/mios32_midi.o
                0x0000000008011b8c                MIOS32_MIDI_SendPackage
 .text.MIOS32_MIDI_SendSysEx
                0x0000000008011c28       0x82 project_build//Volumes/DATA/Bruno/eclipse-workspace/mios32/trunk/mios32/common/mios32_midi.o
                0x0000000008011c28                MIOS32_MIDI_SendSysEx
 *fill*         0x0000000008011caa        0x2 00
 .text.MIOS32_MIDI_SYSEX_SendAckStr
                0x0000000008011cac       0x5c project_build//Volumes/DATA/Bruno/eclipse-workspace/mios32/trunk/mios32/common/mios32_midi.o
 .text.MIOS32_MIDI_SYSEX_SendAck
                0x0000000008011d08       0x48 project_build//Volumes/DATA/Bruno/eclipse-workspace/mios32/trunk/mios32/common/mios32_midi.o
 .text.MIOS32_MIDI_SendDebugStringHeader
                0x0000000008011d50       0x68 project_build//Volumes/DATA/Bruno/eclipse-workspace/mios32/trunk/mios32/common/mios32_midi.o
                0x0000000008011d50                MIOS32_MIDI_SendDebugStringHeader
 .text.MIOS32_MIDI_SendDebugStringBody
                0x0000000008011db8       0x6a project_build//Volumes/DATA/Bruno/eclipse-workspace/mios32/trunk/mios32/common/mios32_midi.o
                0x0000000008011db8                MIOS32_MIDI_SendDebugStringBody
 .text.MIOS32_MIDI_SendDebugStringFooter
                0x0000000008011e22       0x1a project_build//Volumes/DATA/Bruno/eclipse-workspace/mios32/trunk/mios32/common/mios32_midi.o
                0x0000000008011e22                MIOS32_MIDI_SendDebugStringFooter
 .text.MIOS32_MIDI_SendDebugString
                0x0000000008011e3c       0x38 project_build//Volumes/DATA/Bruno/eclipse-workspace/mios32/trunk/mios32/common/mios32_midi.o
                0x0000000008011e3c                MIOS32_MIDI_SendDebugString
 .text.MIOS32_MIDI_SendDebugMessage
                0x0000000008011e74       0x50 project_build//Volumes/DATA/Bruno/eclipse-workspace/mios32/trunk/mios32/common/mios32_midi.o
                0x0000000008011e74                MIOS32_MIDI_SendDebugMessage
 .text.MIOS32_MIDI_TimeOut
                0x0000000008011ec4       0x50 project_build//Volumes/DATA/Bruno/eclipse-workspace/mios32/trunk/mios32/common/mios32_midi.o
 .text.MIOS32_MIDI_Periodic_mS
                0x0000000008011f14       0x34 project_build//Volumes/DATA/Bruno/eclipse-workspace/mios32/trunk/mios32/common/mios32_midi.o
                0x0000000008011f14                MIOS32_MIDI_Periodic_mS
 .text.MIOS32_MIDI_SendByteToRxCallback
                0x0000000008011f48       0x14 project_build//Volumes/DATA/Bruno/eclipse-workspace/mios32/trunk/mios32/common/mios32_midi.o
                0x0000000008011f48                MIOS32_MIDI_SendByteToRxCallback
 .text.MIOS32_MIDI_SendPackageToRxCallback
                0x0000000008011f5c       0x50 project_build//Volumes/DATA/Bruno/eclipse-workspace/mios32/trunk/mios32/common/mios32_midi.o
                0x0000000008011f5c                MIOS32_MIDI_SendPackageToRxCallback
 .text.MIOS32_MIDI_DebugPortSet
                0x0000000008011fac       0x18 project_build//Volumes/DATA/Bruno/eclipse-workspace/mios32/trunk/mios32/common/mios32_midi.o
                0x0000000008011fac                MIOS32_MIDI_DebugPortSet
 .text.MIOS32_MIDI_SYSEX_Cmd
                0x0000000008011fc4      0x1b4 project_build//Volumes/DATA/Bruno/eclipse-workspace/mios32/trunk/mios32/common/mios32_midi.o
 .text.MIOS32_MIDI_SYSEX_Parser
                0x0000000008012178       0xd8 project_build//Volumes/DATA/Bruno/eclipse-workspace/mios32/trunk/mios32/common/mios32_midi.o
 .text.MIOS32_MIDI_ReceivePackage
                0x0000000008012250      0x228 project_build//Volumes/DATA/Bruno/eclipse-workspace/mios32/trunk/mios32/common/mios32_midi.o
                0x0000000008012250                MIOS32_MIDI_ReceivePackage
 .text.MIOS32_MIDI_Receive_Handler
                0x0000000008012478      0x138 project_build//Volumes/DATA/Bruno/eclipse-workspace/mios32/trunk/mios32/common/mios32_midi.o
                0x0000000008012478                MIOS32_MIDI_Receive_Handler
 .text.MIOS32_OSC_Init
                0x00000000080125b0        0xc project_build//Volumes/DATA/Bruno/eclipse-workspace/mios32/trunk/mios32/common/mios32_osc.o
                0x00000000080125b0                MIOS32_OSC_Init
 .text.MIOS32_COM_Init
                0x00000000080125bc       0x24 project_build//Volumes/DATA/Bruno/eclipse-workspace/mios32/trunk/mios32/common/mios32_com.o
                0x00000000080125bc                MIOS32_COM_Init
 .text.MIOS32_COM_SendBuffer
                0x00000000080125e0       0x2c project_build//Volumes/DATA/Bruno/eclipse-workspace/mios32/trunk/mios32/common/mios32_com.o
                0x00000000080125e0                MIOS32_COM_SendBuffer
 .text.MIOS32_COM_SendChar
                0x000000000801260c       0x12 project_build//Volumes/DATA/Bruno/eclipse-workspace/mios32/trunk/mios32/common/mios32_com.o
                0x000000000801260c                MIOS32_COM_SendChar
 *fill*         0x000000000801261e        0x2 00
 .text.MIOS32_COM_Receive_Handler
                0x0000000008012620       0xa8 project_build//Volumes/DATA/Bruno/eclipse-workspace/mios32/trunk/mios32/common/mios32_com.o
                0x0000000008012620                MIOS32_COM_Receive_Handler
 .text.MIOS32_UART_MIDI_CheckAvailable
                0x00000000080126c8       0x10 project_build//Volumes/DATA/Bruno/eclipse-workspace/mios32/trunk/mios32/common/mios32_uart_midi.o
                0x00000000080126c8                MIOS32_UART_MIDI_CheckAvailable
 .text.MIOS32_UART_MIDI_RS_Reset
                0x00000000080126d8       0x30 project_build//Volumes/DATA/Bruno/eclipse-workspace/mios32/trunk/mios32/common/mios32_uart_midi.o
                0x00000000080126d8                MIOS32_UART_MIDI_RS_Reset
 .text.MIOS32_UART_MIDI_Init
                0x0000000008012708       0x5c project_build//Volumes/DATA/Bruno/eclipse-workspace/mios32/trunk/mios32/common/mios32_uart_midi.o
                0x0000000008012708                MIOS32_UART_MIDI_Init
 .text.MIOS32_UART_MIDI_Periodic_mS
                0x0000000008012764       0x3c project_build//Volumes/DATA/Bruno/eclipse-workspace/mios32/trunk/mios32/common/mios32_uart_midi.o
                0x0000000008012764                MIOS32_UART_MIDI_Periodic_mS
 .text.MIOS32_UART_MIDI_PackageSend_NonBlocking
                0x00000000080127a0       0xc4 project_build//Volumes/DATA/Bruno/eclipse-workspace/mios32/trunk/mios32/common/mios32_uart_midi.o
                0x00000000080127a0                MIOS32_UART_MIDI_PackageSend_NonBlocking
 .text.MIOS32_UART_MIDI_PackageSend
                0x0000000008012864       0x14 project_build//Volumes/DATA/Bruno/eclipse-workspace/mios32/trunk/mios32/common/mios32_uart_midi.o
                0x0000000008012864                MIOS32_UART_MIDI_PackageSend
 .text.MIOS32_UART_MIDI_PackageReceive
                0x0000000008012878      0x1b4 project_build//Volumes/DATA/Bruno/eclipse-workspace/mios32/trunk/mios32/common/mios32_uart_midi.o
                0x0000000008012878                MIOS32_UART_MIDI_PackageReceive
 .text.MIOS32_SPI_MIDI_Init
                0x0000000008012a2c        0x6 project_build//Volumes/DATA/Bruno/eclipse-workspace/mios32/trunk/mios32/common/mios32_spi_midi.o
                0x0000000008012a2c                MIOS32_SPI_MIDI_Init
 .text.MIOS32_SPI_MIDI_Periodic_mS
                0x0000000008012a32        0x4 project_build//Volumes/DATA/Bruno/eclipse-workspace/mios32/trunk/mios32/common/mios32_spi_midi.o
                0x0000000008012a32                MIOS32_SPI_MIDI_Periodic_mS
 .text.MIOS32_SPI_MIDI_PackageSend
                0x0000000008012a36        0x6 project_build//Volumes/DATA/Bruno/eclipse-workspace/mios32/trunk/mios32/common/mios32_spi_midi.o
                0x0000000008012a36                MIOS32_SPI_MIDI_PackageSend
 .text.MIOS32_SPI_MIDI_PackageReceive
                0x0000000008012a3c        0x6 project_build//Volumes/DATA/Bruno/eclipse-workspace/mios32/trunk/mios32/common/mios32_spi_midi.o
                0x0000000008012a3c                MIOS32_SPI_MIDI_PackageReceive
 .text.MIOS32_IIC_MIDI_Init
                0x0000000008012a42        0x6 project_build//Volumes/DATA/Bruno/eclipse-workspace/mios32/trunk/mios32/common/mios32_iic_midi.o
                0x0000000008012a42                MIOS32_IIC_MIDI_Init
 .text.MIOS32_IIC_MIDI_Periodic_mS
                0x0000000008012a48        0x4 project_build//Volumes/DATA/Bruno/eclipse-workspace/mios32/trunk/mios32/common/mios32_iic_midi.o
                0x0000000008012a48                MIOS32_IIC_MIDI_Periodic_mS
 .text.MIOS32_IIC_MIDI_PackageSend
                0x0000000008012a4c        0x6 project_build//Volumes/DATA/Bruno/eclipse-workspace/mios32/trunk/mios32/common/mios32_iic_midi.o
                0x0000000008012a4c                MIOS32_IIC_MIDI_PackageSend
 .text.MIOS32_IIC_BS_Init
                0x0000000008012a52        0x6 project_build//Volumes/DATA/Bruno/eclipse-workspace/mios32/trunk/mios32/common/mios32_iic_bs.o
                0x0000000008012a52                MIOS32_IIC_BS_Init
 .text.MIOS32_MF_Init
                0x0000000008012a58        0x6 project_build//Volumes/DATA/Bruno/eclipse-workspace/mios32/trunk/mios32/common/mios32_mf.o
                0x0000000008012a58                MIOS32_MF_Init
 .text.MIOS32_SDCARD_Init
                0x0000000008012a5e       0x20 project_build//Volumes/DATA/Bruno/eclipse-workspace/mios32/trunk/mios32/common/mios32_sdcard.o
                0x0000000008012a5e                MIOS32_SDCARD_Init
 .text.MIOS32_SDCARD_SendSDCCmd
                0x0000000008012a7e      0x102 project_build//Volumes/DATA/Bruno/eclipse-workspace/mios32/trunk/mios32/common/mios32_sdcard.o
                0x0000000008012a7e                MIOS32_SDCARD_SendSDCCmd
 .text.MIOS32_SDCARD_PowerOn
                0x0000000008012b80      0x108 project_build//Volumes/DATA/Bruno/eclipse-workspace/mios32/trunk/mios32/common/mios32_sdcard.o
                0x0000000008012b80                MIOS32_SDCARD_PowerOn
 .text.MIOS32_SDCARD_CheckAvailable
                0x0000000008012c88       0x8e project_build//Volumes/DATA/Bruno/eclipse-workspace/mios32/trunk/mios32/common/mios32_sdcard.o
                0x0000000008012c88                MIOS32_SDCARD_CheckAvailable
 *fill*         0x0000000008012d16        0x2 00
 .text.MIOS32_SDCARD_SectorRead
                0x0000000008012d18       0x94 project_build//Volumes/DATA/Bruno/eclipse-workspace/mios32/trunk/mios32/common/mios32_sdcard.o
                0x0000000008012d18                MIOS32_SDCARD_SectorRead
 .text.MIOS32_SDCARD_SectorWrite
                0x0000000008012dac       0xb0 project_build//Volumes/DATA/Bruno/eclipse-workspace/mios32/trunk/mios32/common/mios32_sdcard.o
                0x0000000008012dac                MIOS32_SDCARD_SectorWrite
 .text.MIOS32_TIMESTAMP_Init
                0x0000000008012e5c       0x14 project_build//Volumes/DATA/Bruno/eclipse-workspace/mios32/trunk/mios32/common/mios32_timestamp.o
                0x0000000008012e5c                MIOS32_TIMESTAMP_Init
 .text.MIOS32_TIMESTAMP_Inc
                0x0000000008012e70       0x10 project_build//Volumes/DATA/Bruno/eclipse-workspace/mios32/trunk/mios32/common/mios32_timestamp.o
                0x0000000008012e70                MIOS32_TIMESTAMP_Inc
 .text.MIOS32_SYS_Reset
                0x0000000008012e80       0xac project_build//Volumes/DATA/Bruno/eclipse-workspace/mios32/trunk/mios32/STM32F4xx/mios32_sys.o
                0x0000000008012e80                MIOS32_SYS_Reset
 .text.MIOS32_SYS_ChipIDGet
                0x0000000008012f2c        0xc project_build//Volumes/DATA/Bruno/eclipse-workspace/mios32/trunk/mios32/STM32F4xx/mios32_sys.o
                0x0000000008012f2c                MIOS32_SYS_ChipIDGet
 .text.MIOS32_SYS_FlashSizeGet
                0x0000000008012f38       0x10 project_build//Volumes/DATA/Bruno/eclipse-workspace/mios32/trunk/mios32/STM32F4xx/mios32_sys.o
                0x0000000008012f38                MIOS32_SYS_FlashSizeGet
 .text.MIOS32_SYS_RAMSizeGet
                0x0000000008012f48        0x6 project_build//Volumes/DATA/Bruno/eclipse-workspace/mios32/trunk/mios32/STM32F4xx/mios32_sys.o
                0x0000000008012f48                MIOS32_SYS_RAMSizeGet
 *fill*         0x0000000008012f4e        0x2 00
 .text.MIOS32_SYS_SerialNumberGet
                0x0000000008012f50       0x34 project_build//Volumes/DATA/Bruno/eclipse-workspace/mios32/trunk/mios32/STM32F4xx/mios32_sys.o
                0x0000000008012f50                MIOS32_SYS_SerialNumberGet
 .text.MIOS32_SYS_TimeSet
                0x0000000008012f84       0x7c project_build//Volumes/DATA/Bruno/eclipse-workspace/mios32/trunk/mios32/STM32F4xx/mios32_sys.o
                0x0000000008012f84                MIOS32_SYS_TimeSet
 .text.MIOS32_SYS_Init
                0x0000000008013000      0x130 project_build//Volumes/DATA/Bruno/eclipse-workspace/mios32/trunk/mios32/STM32F4xx/mios32_sys.o
                0x0000000008013000                MIOS32_SYS_Init
 .text.MIOS32_IRQ_Disable
                0x0000000008013130       0x28 project_build//Volumes/DATA/Bruno/eclipse-workspace/mios32/trunk/mios32/STM32F4xx/mios32_irq.o
                0x0000000008013130                MIOS32_IRQ_Disable
 .text.MIOS32_IRQ_Enable
                0x0000000008013158       0x28 project_build//Volumes/DATA/Bruno/eclipse-workspace/mios32/trunk/mios32/STM32F4xx/mios32_irq.o
                0x0000000008013158                MIOS32_IRQ_Enable
 .text.MIOS32_IRQ_Install
                0x0000000008013180       0x4c project_build//Volumes/DATA/Bruno/eclipse-workspace/mios32/trunk/mios32/STM32F4xx/mios32_irq.o
                0x0000000008013180                MIOS32_IRQ_Install
 .text.MIOS32_SPI_IO_Init
                0x00000000080131cc      0x27c project_build//Volumes/DATA/Bruno/eclipse-workspace/mios32/trunk/mios32/STM32F4xx/mios32_spi.o
                0x00000000080131cc                MIOS32_SPI_IO_Init
 .text.MIOS32_SPI_RC_PinSet
                0x0000000008013448       0x78 project_build//Volumes/DATA/Bruno/eclipse-workspace/mios32/trunk/mios32/STM32F4xx/mios32_spi.o
                0x0000000008013448                MIOS32_SPI_RC_PinSet
 .text.MIOS32_SPI_TransferByte
                0x00000000080134c0       0x4c project_build//Volumes/DATA/Bruno/eclipse-workspace/mios32/trunk/mios32/STM32F4xx/mios32_spi.o
                0x00000000080134c0                MIOS32_SPI_TransferByte
 .text.MIOS32_SPI_TransferModeInit
                0x000000000801350c      0x110 project_build//Volumes/DATA/Bruno/eclipse-workspace/mios32/trunk/mios32/STM32F4xx/mios32_spi.o
                0x000000000801350c                MIOS32_SPI_TransferModeInit
 .text.MIOS32_SPI_Init
                0x000000000801361c      0x258 project_build//Volumes/DATA/Bruno/eclipse-workspace/mios32/trunk/mios32/STM32F4xx/mios32_spi.o
                0x000000000801361c                MIOS32_SPI_Init
 .text.MIOS32_SPI_TransferBlock
                0x0000000008013874      0x128 project_build//Volumes/DATA/Bruno/eclipse-workspace/mios32/trunk/mios32/STM32F4xx/mios32_spi.o
                0x0000000008013874                MIOS32_SPI_TransferBlock
 .text.DMA2_Stream2_IRQHandler
                0x000000000801399c       0x20 project_build//Volumes/DATA/Bruno/eclipse-workspace/mios32/trunk/mios32/STM32F4xx/mios32_spi.o
                0x000000000801399c                DMA2_Stream2_IRQHandler
 .text.DMA1_Stream3_IRQHandler
                0x00000000080139bc       0x20 project_build//Volumes/DATA/Bruno/eclipse-workspace/mios32/trunk/mios32/STM32F4xx/mios32_spi.o
                0x00000000080139bc                DMA1_Stream3_IRQHandler
 .text.DMA1_Stream2_IRQHandler
                0x00000000080139dc       0x20 project_build//Volumes/DATA/Bruno/eclipse-workspace/mios32/trunk/mios32/STM32F4xx/mios32_spi.o
                0x00000000080139dc                DMA1_Stream2_IRQHandler
 .text.MIOS32_BOARD_PinInitHlp
                0x00000000080139fc       0x74 project_build//Volumes/DATA/Bruno/eclipse-workspace/mios32/trunk/mios32/STM32F4xx/mios32_board.o
 .text.MIOS32_BOARD_Init
                0x0000000008013a70       0x1c project_build//Volumes/DATA/Bruno/eclipse-workspace/mios32/trunk/mios32/STM32F4xx/mios32_board.o
                0x0000000008013a70                MIOS32_BOARD_Init
 .text.MIOS32_BOARD_LED_Init
                0x0000000008013a8c       0x58 project_build//Volumes/DATA/Bruno/eclipse-workspace/mios32/trunk/mios32/STM32F4xx/mios32_board.o
                0x0000000008013a8c                MIOS32_BOARD_LED_Init
 .text.MIOS32_BOARD_LED_Set
                0x0000000008013ae4       0x64 project_build//Volumes/DATA/Bruno/eclipse-workspace/mios32/trunk/mios32/STM32F4xx/mios32_board.o
                0x0000000008013ae4                MIOS32_BOARD_LED_Set
 .text.MIOS32_BOARD_LED_Get
                0x0000000008013b48       0x2c project_build//Volumes/DATA/Bruno/eclipse-workspace/mios32/trunk/mios32/STM32F4xx/mios32_board.o
                0x0000000008013b48                MIOS32_BOARD_LED_Get
 .text.MIOS32_BOARD_J10_PinInit
                0x0000000008013b74       0x48 project_build//Volumes/DATA/Bruno/eclipse-workspace/mios32/trunk/mios32/STM32F4xx/mios32_board.o
                0x0000000008013b74                MIOS32_BOARD_J10_PinInit
 .text.MIOS32_BOARD_J10_PinSet
                0x0000000008013bbc       0x44 project_build//Volumes/DATA/Bruno/eclipse-workspace/mios32/trunk/mios32/STM32F4xx/mios32_board.o
                0x0000000008013bbc                MIOS32_BOARD_J10_PinSet
 .text.MIOS32_BOARD_J15_PortInit
                0x0000000008013c00       0xc0 project_build//Volumes/DATA/Bruno/eclipse-workspace/mios32/trunk/mios32/STM32F4xx/mios32_board.o
                0x0000000008013c00                MIOS32_BOARD_J15_PortInit
 .text.MIOS32_BOARD_J15_DataSet
                0x0000000008013cc0       0x44 project_build//Volumes/DATA/Bruno/eclipse-workspace/mios32/trunk/mios32/STM32F4xx/mios32_board.o
                0x0000000008013cc0                MIOS32_BOARD_J15_DataSet
 .text.MIOS32_BOARD_J15_SerDataShift
                0x0000000008013d04       0x68 project_build//Volumes/DATA/Bruno/eclipse-workspace/mios32/trunk/mios32/STM32F4xx/mios32_board.o
                0x0000000008013d04                MIOS32_BOARD_J15_SerDataShift
 .text.MIOS32_BOARD_J15_RS_Set
                0x0000000008013d6c       0x18 project_build//Volumes/DATA/Bruno/eclipse-workspace/mios32/trunk/mios32/STM32F4xx/mios32_board.o
                0x0000000008013d6c                MIOS32_BOARD_J15_RS_Set
 .text.MIOS32_BOARD_J15_RW_Set
                0x0000000008013d84       0x18 project_build//Volumes/DATA/Bruno/eclipse-workspace/mios32/trunk/mios32/STM32F4xx/mios32_board.o
                0x0000000008013d84                MIOS32_BOARD_J15_RW_Set
 .text.MIOS32_BOARD_J15_E_Set
                0x0000000008013d9c       0x30 project_build//Volumes/DATA/Bruno/eclipse-workspace/mios32/trunk/mios32/STM32F4xx/mios32_board.o
                0x0000000008013d9c                MIOS32_BOARD_J15_E_Set
 .text.MIOS32_BOARD_J15_GetD7In
                0x0000000008013dcc       0x10 project_build//Volumes/DATA/Bruno/eclipse-workspace/mios32/trunk/mios32/STM32F4xx/mios32_board.o
                0x0000000008013dcc                MIOS32_BOARD_J15_GetD7In
 .text.MIOS32_BOARD_J15_D7InPullUpEnable
                0x0000000008013ddc        0x4 project_build//Volumes/DATA/Bruno/eclipse-workspace/mios32/trunk/mios32/STM32F4xx/mios32_board.o
                0x0000000008013ddc                MIOS32_BOARD_J15_D7InPullUpEnable
 .text.MIOS32_BOARD_J15_PollUnbusy
                0x0000000008013de0       0x80 project_build//Volumes/DATA/Bruno/eclipse-workspace/mios32/trunk/mios32/STM32F4xx/mios32_board.o
                0x0000000008013de0                MIOS32_BOARD_J15_PollUnbusy
 .text.TIM2_IRQHandler
                0x0000000008013e60       0x24 project_build//Volumes/DATA/Bruno/eclipse-workspace/mios32/trunk/mios32/STM32F4xx/mios32_timer.o
                0x0000000008013e60                TIM2_IRQHandler
 .text.TIM3_IRQHandler
                0x0000000008013e84       0x24 project_build//Volumes/DATA/Bruno/eclipse-workspace/mios32/trunk/mios32/STM32F4xx/mios32_timer.o
                0x0000000008013e84                TIM3_IRQHandler
 .text.TIM5_IRQHandler
                0x0000000008013ea8       0x24 project_build//Volumes/DATA/Bruno/eclipse-workspace/mios32/trunk/mios32/STM32F4xx/mios32_timer.o
                0x0000000008013ea8                TIM5_IRQHandler
 .text.MIOS32_DELAY_Init
                0x0000000008013ecc       0x44 project_build//Volumes/DATA/Bruno/eclipse-workspace/mios32/trunk/mios32/STM32F4xx/mios32_delay.o
                0x0000000008013ecc                MIOS32_DELAY_Init
 .text.MIOS32_DELAY_Wait_uS
                0x0000000008013f10       0x18 project_build//Volumes/DATA/Bruno/eclipse-workspace/mios32/trunk/mios32/STM32F4xx/mios32_delay.o
                0x0000000008013f10                MIOS32_DELAY_Wait_uS
 .text.MIOS32_AIN_Init
                0x0000000008013f28        0x6 project_build//Volumes/DATA/Bruno/eclipse-workspace/mios32/trunk/mios32/STM32F4xx/mios32_ain.o
                0x0000000008013f28                MIOS32_AIN_Init
 .text.MIOS32_AIN_Handler
                0x0000000008013f2e        0x6 project_build//Volumes/DATA/Bruno/eclipse-workspace/mios32/trunk/mios32/STM32F4xx/mios32_ain.o
                0x0000000008013f2e                MIOS32_AIN_Handler
 .text.USBD_USR_DeviceDescriptor
                0x0000000008013f34        0xc project_build//Volumes/DATA/Bruno/eclipse-workspace/mios32/trunk/mios32/STM32F4xx/mios32_usb.o
 .text.USBD_USR_LangIDStrDescriptor
                0x0000000008013f40        0xc project_build//Volumes/DATA/Bruno/eclipse-workspace/mios32/trunk/mios32/STM32F4xx/mios32_usb.o
 .text.USBD_USR_Init
                0x0000000008013f4c        0x2 project_build//Volumes/DATA/Bruno/eclipse-workspace/mios32/trunk/mios32/STM32F4xx/mios32_usb.o
 .text.USBD_USR_DeviceReset
                0x0000000008013f4e        0x2 project_build//Volumes/DATA/Bruno/eclipse-workspace/mios32/trunk/mios32/STM32F4xx/mios32_usb.o
 .text.USBD_USR_DeviceConnected
                0x0000000008013f50        0x2 project_build//Volumes/DATA/Bruno/eclipse-workspace/mios32/trunk/mios32/STM32F4xx/mios32_usb.o
 .text.USBD_USR_DeviceSuspended
                0x0000000008013f52        0x2 project_build//Volumes/DATA/Bruno/eclipse-workspace/mios32/trunk/mios32/STM32F4xx/mios32_usb.o
 .text.USBD_USR_DeviceResumed
                0x0000000008013f54        0x2 project_build//Volumes/DATA/Bruno/eclipse-workspace/mios32/trunk/mios32/STM32F4xx/mios32_usb.o
 .text.USBH_USR_Init
                0x0000000008013f56        0x2 project_build//Volumes/DATA/Bruno/eclipse-workspace/mios32/trunk/mios32/STM32F4xx/mios32_usb.o
 .text.USBH_USR_DeviceAttached
                0x0000000008013f58        0x2 project_build//Volumes/DATA/Bruno/eclipse-workspace/mios32/trunk/mios32/STM32F4xx/mios32_usb.o
 .text.USBH_USR_UnrecoveredError
                0x0000000008013f5a        0x2 project_build//Volumes/DATA/Bruno/eclipse-workspace/mios32/trunk/mios32/STM32F4xx/mios32_usb.o
 .text.USBH_USR_ResetDevice
                0x0000000008013f5c        0x2 project_build//Volumes/DATA/Bruno/eclipse-workspace/mios32/trunk/mios32/STM32F4xx/mios32_usb.o
 .text.USBH_USR_DeviceSpeedDetected
                0x0000000008013f5e        0x2 project_build//Volumes/DATA/Bruno/eclipse-workspace/mios32/trunk/mios32/STM32F4xx/mios32_usb.o
 .text.USBH_USR_Device_DescAvailable
                0x0000000008013f60        0x2 project_build//Volumes/DATA/Bruno/eclipse-workspace/mios32/trunk/mios32/STM32F4xx/mios32_usb.o
 .text.USBH_USR_DeviceAddressAssigned
                0x0000000008013f62        0x2 project_build//Volumes/DATA/Bruno/eclipse-workspace/mios32/trunk/mios32/STM32F4xx/mios32_usb.o
 .text.USBH_USR_Configuration_DescAvailable
                0x0000000008013f64        0x2 project_build//Volumes/DATA/Bruno/eclipse-workspace/mios32/trunk/mios32/STM32F4xx/mios32_usb.o
 .text.USBH_USR_Manufacturer_String
                0x0000000008013f66        0x2 project_build//Volumes/DATA/Bruno/eclipse-workspace/mios32/trunk/mios32/STM32F4xx/mios32_usb.o
 .text.USBH_USR_Product_String
                0x0000000008013f68        0x2 project_build//Volumes/DATA/Bruno/eclipse-workspace/mios32/trunk/mios32/STM32F4xx/mios32_usb.o
 .text.USBH_USR_SerialNum_String
                0x0000000008013f6a        0x2 project_build//Volumes/DATA/Bruno/eclipse-workspace/mios32/trunk/mios32/STM32F4xx/mios32_usb.o
 .text.USBH_USR_EnumerationDone
                0x0000000008013f6c        0x2 project_build//Volumes/DATA/Bruno/eclipse-workspace/mios32/trunk/mios32/STM32F4xx/mios32_usb.o
 .text.USBH_USR_DeviceNotSupported
                0x0000000008013f6e        0x2 project_build//Volumes/DATA/Bruno/eclipse-workspace/mios32/trunk/mios32/STM32F4xx/mios32_usb.o
 .text.USBH_USR_UserInput
                0x0000000008013f70        0x4 project_build//Volumes/DATA/Bruno/eclipse-workspace/mios32/trunk/mios32/STM32F4xx/mios32_usb.o
 .text.USBH_USR_OverCurrentDetected
                0x0000000008013f74        0x2 project_build//Volumes/DATA/Bruno/eclipse-workspace/mios32/trunk/mios32/STM32F4xx/mios32_usb.o
 .text.USBH_USR_Application
                0x0000000008013f76        0x4 project_build//Volumes/DATA/Bruno/eclipse-workspace/mios32/trunk/mios32/STM32F4xx/mios32_usb.o
 .text.USBH_USR_DeInit
                0x0000000008013f7a        0x2 project_build//Volumes/DATA/Bruno/eclipse-workspace/mios32/trunk/mios32/STM32F4xx/mios32_usb.o
 .text.MIOS32_USB_CLASS_Setup
                0x0000000008013f7c        0x4 project_build//Volumes/DATA/Bruno/eclipse-workspace/mios32/trunk/mios32/STM32F4xx/mios32_usb.o
 .text.MIOS32_USB_CLASS_EP0_RxReady
                0x0000000008013f80        0x4 project_build//Volumes/DATA/Bruno/eclipse-workspace/mios32/trunk/mios32/STM32F4xx/mios32_usb.o
 .text.MIOS32_USB_CLASS_GetCfgDesc
                0x0000000008013f84        0xc project_build//Volumes/DATA/Bruno/eclipse-workspace/mios32/trunk/mios32/STM32F4xx/mios32_usb.o
 .text.USBD_USR_SerialStrDescriptor
                0x0000000008013f90       0x38 project_build//Volumes/DATA/Bruno/eclipse-workspace/mios32/trunk/mios32/STM32F4xx/mios32_usb.o
 .text.USBD_USR_ProductStrDescriptor
                0x0000000008013fc8       0x5c project_build//Volumes/DATA/Bruno/eclipse-workspace/mios32/trunk/mios32/STM32F4xx/mios32_usb.o
 .text.USBD_USR_InterfaceStrDescriptor
                0x0000000008014024        0x4 project_build//Volumes/DATA/Bruno/eclipse-workspace/mios32/trunk/mios32/STM32F4xx/mios32_usb.o
 .text.USBD_USR_ConfigStrDescriptor
                0x0000000008014028        0x4 project_build//Volumes/DATA/Bruno/eclipse-workspace/mios32/trunk/mios32/STM32F4xx/mios32_usb.o
 .text.MIOS32_USB_CLASS_GetUsrStrDesc
                0x000000000801402c        0x6 project_build//Volumes/DATA/Bruno/eclipse-workspace/mios32/trunk/mios32/STM32F4xx/mios32_usb.o
 *fill*         0x0000000008014032        0x2 00
 .text.USBD_USR_ManufacturerStrDescriptor
                0x0000000008014034       0x2c project_build//Volumes/DATA/Bruno/eclipse-workspace/mios32/trunk/mios32/STM32F4xx/mios32_usb.o
 .text.MIOS32_USB_CLASS_DataOut
                0x0000000008014060       0x12 project_build//Volumes/DATA/Bruno/eclipse-workspace/mios32/trunk/mios32/STM32F4xx/mios32_usb.o
 .text.MIOS32_USB_CLASS_DataIn
                0x0000000008014072       0x12 project_build//Volumes/DATA/Bruno/eclipse-workspace/mios32/trunk/mios32/STM32F4xx/mios32_usb.o
 .text.MIOS32_USB_CLASS_DeInit
                0x0000000008014084       0x16 project_build//Volumes/DATA/Bruno/eclipse-workspace/mios32/trunk/mios32/STM32F4xx/mios32_usb.o
 .text.USBH_USR_DeviceDisconnected
                0x000000000801409a        0x6 project_build//Volumes/DATA/Bruno/eclipse-workspace/mios32/trunk/mios32/STM32F4xx/mios32_usb.o
 .text.USBD_USR_DeviceDisconnected
                0x00000000080140a0        0x6 project_build//Volumes/DATA/Bruno/eclipse-workspace/mios32/trunk/mios32/STM32F4xx/mios32_usb.o
 .text.USBD_USR_DeviceConfigured
                0x00000000080140a6        0x6 project_build//Volumes/DATA/Bruno/eclipse-workspace/mios32/trunk/mios32/STM32F4xx/mios32_usb.o
 .text.MIOS32_USB_CLASS_Init
                0x00000000080140ac       0x34 project_build//Volumes/DATA/Bruno/eclipse-workspace/mios32/trunk/mios32/STM32F4xx/mios32_usb.o
 .text.USB_OTG_BSP_Init
                0x00000000080140e0       0xa8 project_build//Volumes/DATA/Bruno/eclipse-workspace/mios32/trunk/mios32/STM32F4xx/mios32_usb.o
                0x00000000080140e0                USB_OTG_BSP_Init
 .text.USB_OTG_BSP_EnableInterrupt
                0x0000000008014188        0x8 project_build//Volumes/DATA/Bruno/eclipse-workspace/mios32/trunk/mios32/STM32F4xx/mios32_usb.o
                0x0000000008014188                USB_OTG_BSP_EnableInterrupt
 .text.OTG_FS_IRQHandler
                0x0000000008014190       0x28 project_build//Volumes/DATA/Bruno/eclipse-workspace/mios32/trunk/mios32/STM32F4xx/mios32_usb.o
                0x0000000008014190                OTG_FS_IRQHandler
 .text.USB_OTG_BSP_uDelay
                0x00000000080141b8        0x6 project_build//Volumes/DATA/Bruno/eclipse-workspace/mios32/trunk/mios32/STM32F4xx/mios32_usb.o
                0x00000000080141b8                USB_OTG_BSP_uDelay
 .text.USB_OTG_BSP_mDelay
                0x00000000080141be        0xc project_build//Volumes/DATA/Bruno/eclipse-workspace/mios32/trunk/mios32/STM32F4xx/mios32_usb.o
                0x00000000080141be                USB_OTG_BSP_mDelay
 *fill*         0x00000000080141ca        0x2 00
 .text.USB_OTG_BSP_ConfigVBUS
                0x00000000080141cc       0x44 project_build//Volumes/DATA/Bruno/eclipse-workspace/mios32/trunk/mios32/STM32F4xx/mios32_usb.o
                0x00000000080141cc                USB_OTG_BSP_ConfigVBUS
 .text.USB_OTG_BSP_DriveVBUS
                0x0000000008014210       0x14 project_build//Volumes/DATA/Bruno/eclipse-workspace/mios32/trunk/mios32/STM32F4xx/mios32_usb.o
                0x0000000008014210                USB_OTG_BSP_DriveVBUS
 .text.MIOS32_USB_IsInitialized
                0x0000000008014224        0xc project_build//Volumes/DATA/Bruno/eclipse-workspace/mios32/trunk/mios32/STM32F4xx/mios32_usb.o
                0x0000000008014224                MIOS32_USB_IsInitialized
 .text.MIOS32_USB_ForceSingleUSB
                0x0000000008014230       0x24 project_build//Volumes/DATA/Bruno/eclipse-workspace/mios32/trunk/mios32/STM32F4xx/mios32_usb.o
                0x0000000008014230                MIOS32_USB_ForceSingleUSB
 .text.MIOS32_USB_ForceDeviceMode
                0x0000000008014254       0x24 project_build//Volumes/DATA/Bruno/eclipse-workspace/mios32/trunk/mios32/STM32F4xx/mios32_usb.o
                0x0000000008014254                MIOS32_USB_ForceDeviceMode
 .text.MIOS32_USB_Init
                0x0000000008014278       0xec project_build//Volumes/DATA/Bruno/eclipse-workspace/mios32/trunk/mios32/STM32F4xx/mios32_usb.o
                0x0000000008014278                MIOS32_USB_Init
 .text.USBH_ClassRequest
                0x0000000008014364        0x4 project_build//Volumes/DATA/Bruno/eclipse-workspace/mios32/trunk/mios32/STM32F4xx/mios32_usb_midi.o
 .text.USBH_InterfaceDeInit
                0x0000000008014368       0x3c project_build//Volumes/DATA/Bruno/eclipse-workspace/mios32/trunk/mios32/STM32F4xx/mios32_usb_midi.o
 .text.MIOS32_USB_MIDI_RxBufferHandler
                0x00000000080143a4       0xac project_build//Volumes/DATA/Bruno/eclipse-workspace/mios32/trunk/mios32/STM32F4xx/mios32_usb_midi.o
 .text.MIOS32_USB_MIDI_TxBufferHandler
                0x0000000008014450       0xac project_build//Volumes/DATA/Bruno/eclipse-workspace/mios32/trunk/mios32/STM32F4xx/mios32_usb_midi.o
 .text.USBH_Handle
                0x00000000080144fc      0x1f0 project_build//Volumes/DATA/Bruno/eclipse-workspace/mios32/trunk/mios32/STM32F4xx/mios32_usb_midi.o
 .text.MIOS32_USB_MIDI_Init
                0x00000000080146ec        0xc project_build//Volumes/DATA/Bruno/eclipse-workspace/mios32/trunk/mios32/STM32F4xx/mios32_usb_midi.o
                0x00000000080146ec                MIOS32_USB_MIDI_Init
 .text.MIOS32_USB_MIDI_ChangeConnectionState
                0x00000000080146f8       0x64 project_build//Volumes/DATA/Bruno/eclipse-workspace/mios32/trunk/mios32/STM32F4xx/mios32_usb_midi.o
                0x00000000080146f8                MIOS32_USB_MIDI_ChangeConnectionState
 .text.MIOS32_USB_MIDI_CheckAvailable
                0x000000000801475c       0x20 project_build//Volumes/DATA/Bruno/eclipse-workspace/mios32/trunk/mios32/STM32F4xx/mios32_usb_midi.o
                0x000000000801475c                MIOS32_USB_MIDI_CheckAvailable
 .text.USBH_InterfaceInit
                0x000000000801477c      0x104 project_build//Volumes/DATA/Bruno/eclipse-workspace/mios32/trunk/mios32/STM32F4xx/mios32_usb_midi.o
 .text.MIOS32_USB_MIDI_PackageSend_NonBlocking
                0x0000000008014880       0x70 project_build//Volumes/DATA/Bruno/eclipse-workspace/mios32/trunk/mios32/STM32F4xx/mios32_usb_midi.o
                0x0000000008014880                MIOS32_USB_MIDI_PackageSend_NonBlocking
 .text.MIOS32_USB_MIDI_PackageSend
                0x00000000080148f0       0x30 project_build//Volumes/DATA/Bruno/eclipse-workspace/mios32/trunk/mios32/STM32F4xx/mios32_usb_midi.o
                0x00000000080148f0                MIOS32_USB_MIDI_PackageSend
 .text.MIOS32_USB_MIDI_PackageReceive
                0x0000000008014920       0x54 project_build//Volumes/DATA/Bruno/eclipse-workspace/mios32/trunk/mios32/STM32F4xx/mios32_usb_midi.o
                0x0000000008014920                MIOS32_USB_MIDI_PackageReceive
 .text.MIOS32_USB_MIDI_Periodic_mS
                0x0000000008014974       0x28 project_build//Volumes/DATA/Bruno/eclipse-workspace/mios32/trunk/mios32/STM32F4xx/mios32_usb_midi.o
                0x0000000008014974                MIOS32_USB_MIDI_Periodic_mS
 .text.MIOS32_USB_MIDI_EP1_IN_Callback
                0x000000000801499c       0x10 project_build//Volumes/DATA/Bruno/eclipse-workspace/mios32/trunk/mios32/STM32F4xx/mios32_usb_midi.o
                0x000000000801499c                MIOS32_USB_MIDI_EP1_IN_Callback
 .text.MIOS32_USB_MIDI_EP2_OUT_Callback
                0x00000000080149ac       0x10 project_build//Volumes/DATA/Bruno/eclipse-workspace/mios32/trunk/mios32/STM32F4xx/mios32_usb_midi.o
                0x00000000080149ac                MIOS32_USB_MIDI_EP2_OUT_Callback
 .text.MIOS32_UART_IsAssignedToMIDI
                0x00000000080149bc       0x14 project_build//Volumes/DATA/Bruno/eclipse-workspace/mios32/trunk/mios32/STM32F4xx/mios32_uart.o
                0x00000000080149bc                MIOS32_UART_IsAssignedToMIDI
 .text.MIOS32_UART_BaudrateSet
                0x00000000080149d0       0x78 project_build//Volumes/DATA/Bruno/eclipse-workspace/mios32/trunk/mios32/STM32F4xx/mios32_uart.o
                0x00000000080149d0                MIOS32_UART_BaudrateSet
 .text.MIOS32_UART_InitPort
                0x0000000008014a48      0x124 project_build//Volumes/DATA/Bruno/eclipse-workspace/mios32/trunk/mios32/STM32F4xx/mios32_uart.o
                0x0000000008014a48                MIOS32_UART_InitPort
 .text.MIOS32_UART_InitPortDefault
                0x0000000008014b6c       0x3a project_build//Volumes/DATA/Bruno/eclipse-workspace/mios32/trunk/mios32/STM32F4xx/mios32_uart.o
                0x0000000008014b6c                MIOS32_UART_InitPortDefault
 *fill*         0x0000000008014ba6        0x2 00
 .text.MIOS32_UART_Init
                0x0000000008014ba8      0x158 project_build//Volumes/DATA/Bruno/eclipse-workspace/mios32/trunk/mios32/STM32F4xx/mios32_uart.o
                0x0000000008014ba8                MIOS32_UART_Init
 .text.MIOS32_UART_RxBufferGet
                0x0000000008014d00       0x58 project_build//Volumes/DATA/Bruno/eclipse-workspace/mios32/trunk/mios32/STM32F4xx/mios32_uart.o
                0x0000000008014d00                MIOS32_UART_RxBufferGet
 .text.MIOS32_UART_RxBufferPut
                0x0000000008014d58       0x5c project_build//Volumes/DATA/Bruno/eclipse-workspace/mios32/trunk/mios32/STM32F4xx/mios32_uart.o
                0x0000000008014d58                MIOS32_UART_RxBufferPut
 .text.MIOS32_UART_TxBufferGet
                0x0000000008014db4       0x58 project_build//Volumes/DATA/Bruno/eclipse-workspace/mios32/trunk/mios32/STM32F4xx/mios32_uart.o
                0x0000000008014db4                MIOS32_UART_TxBufferGet
 .text.MIOS32_UART_TxBufferPutMore_NonBlocking
                0x0000000008014e0c       0xa8 project_build//Volumes/DATA/Bruno/eclipse-workspace/mios32/trunk/mios32/STM32F4xx/mios32_uart.o
                0x0000000008014e0c                MIOS32_UART_TxBufferPutMore_NonBlocking
 .text.MIOS32_UART_TxBufferPutMore
                0x0000000008014eb4       0x18 project_build//Volumes/DATA/Bruno/eclipse-workspace/mios32/trunk/mios32/STM32F4xx/mios32_uart.o
                0x0000000008014eb4                MIOS32_UART_TxBufferPutMore
 .text.USART2_IRQHandler
                0x0000000008014ecc       0x70 project_build//Volumes/DATA/Bruno/eclipse-workspace/mios32/trunk/mios32/STM32F4xx/mios32_uart.o
                0x0000000008014ecc                USART2_IRQHandler
 .text.USART3_IRQHandler
                0x0000000008014f3c       0x70 project_build//Volumes/DATA/Bruno/eclipse-workspace/mios32/trunk/mios32/STM32F4xx/mios32_uart.o
                0x0000000008014f3c                USART3_IRQHandler
 .text.USART6_IRQHandler
                0x0000000008014fac       0x50 project_build//Volumes/DATA/Bruno/eclipse-workspace/mios32/trunk/mios32/STM32F4xx/mios32_uart.o
                0x0000000008014fac                USART6_IRQHandler
 .text.USART1_IRQHandler
                0x0000000008014ffc       0x50 project_build//Volumes/DATA/Bruno/eclipse-workspace/mios32/trunk/mios32/STM32F4xx/mios32_uart.o
                0x0000000008014ffc                USART1_IRQHandler
 .text.UART5_IRQHandler
                0x000000000801504c       0x70 project_build//Volumes/DATA/Bruno/eclipse-workspace/mios32/trunk/mios32/STM32F4xx/mios32_uart.o
                0x000000000801504c                UART5_IRQHandler
 .text.EV_IRQHandler
                0x00000000080150bc      0x162 project_build//Volumes/DATA/Bruno/eclipse-workspace/mios32/trunk/mios32/STM32F4xx/mios32_iic.o
 *fill*         0x000000000801521e        0x2 00
 .text.ER_IRQHandler
                0x0000000008015220       0x7c project_build//Volumes/DATA/Bruno/eclipse-workspace/mios32/trunk/mios32/STM32F4xx/mios32_iic.o
 .text.I2C2_EV_IRQHandler
                0x000000000801529c        0xc project_build//Volumes/DATA/Bruno/eclipse-workspace/mios32/trunk/mios32/STM32F4xx/mios32_iic.o
                0x000000000801529c                I2C2_EV_IRQHandler
 .text.I2C2_ER_IRQHandler
                0x00000000080152a8        0xc project_build//Volumes/DATA/Bruno/eclipse-workspace/mios32/trunk/mios32/STM32F4xx/mios32_iic.o
                0x00000000080152a8                I2C2_ER_IRQHandler
 .text.I2C1_EV_IRQHandler
                0x00000000080152b4        0xc project_build//Volumes/DATA/Bruno/eclipse-workspace/mios32/trunk/mios32/STM32F4xx/mios32_iic.o
                0x00000000080152b4                I2C1_EV_IRQHandler
 .text.I2C1_ER_IRQHandler
                0x00000000080152c0        0xc project_build//Volumes/DATA/Bruno/eclipse-workspace/mios32/trunk/mios32/STM32F4xx/mios32_iic.o
                0x00000000080152c0                I2C1_ER_IRQHandler
 .text.printchar
                0x00000000080152cc       0x16 project_build//Volumes/DATA/Bruno/eclipse-workspace/mios32/trunk/mios32/common/printf-stdarg.o
 .text.prints   0x00000000080152e2       0x82 project_build//Volumes/DATA/Bruno/eclipse-workspace/mios32/trunk/mios32/common/printf-stdarg.o
 .text.printi   0x0000000008015364       0x98 project_build//Volumes/DATA/Bruno/eclipse-workspace/mios32/trunk/mios32/common/printf-stdarg.o
 .text.print    0x00000000080153fc      0x120 project_build//Volumes/DATA/Bruno/eclipse-workspace/mios32/trunk/mios32/common/printf-stdarg.o
 .text.sprintf  0x000000000801551c       0x1e project_build//Volumes/DATA/Bruno/eclipse-workspace/mios32/trunk/mios32/common/printf-stdarg.o
                0x000000000801551c                sprintf
 .text.vsprintf
                0x000000000801553a       0x10 project_build//Volumes/DATA/Bruno/eclipse-workspace/mios32/trunk/mios32/common/printf-stdarg.o
                0x000000000801553a                vsprintf
 *fill*         0x000000000801554a        0x2 00
 .text.NVIC_PriorityGroupConfig
                0x000000000801554c       0x14 project_build//Volumes/DATA/Bruno/eclipse-workspace/mios32/trunk/drivers/STM32F4xx/v1.1.0/STM32F4xx_StdPeriph_Driver/src/misc.o
                0x000000000801554c                NVIC_PriorityGroupConfig
 .text.NVIC_SetVectorTable
                0x0000000008015560       0x14 project_build//Volumes/DATA/Bruno/eclipse-workspace/mios32/trunk/drivers/STM32F4xx/v1.1.0/STM32F4xx_StdPeriph_Driver/src/misc.o
                0x0000000008015560                NVIC_SetVectorTable
 .text.DMA_Init
                0x0000000008015574       0x54 project_build//Volumes/DATA/Bruno/eclipse-workspace/mios32/trunk/drivers/STM32F4xx/v1.1.0/STM32F4xx_StdPeriph_Driver/src/stm32f4xx_dma.o
                0x0000000008015574                DMA_Init
 .text.DMA_StructInit
                0x00000000080155c8       0x22 project_build//Volumes/DATA/Bruno/eclipse-workspace/mios32/trunk/drivers/STM32F4xx/v1.1.0/STM32F4xx_StdPeriph_Driver/src/stm32f4xx_dma.o
                0x00000000080155c8                DMA_StructInit
 .text.DMA_Cmd  0x00000000080155ea       0x12 project_build//Volumes/DATA/Bruno/eclipse-workspace/mios32/trunk/drivers/STM32F4xx/v1.1.0/STM32F4xx_StdPeriph_Driver/src/stm32f4xx_dma.o
                0x00000000080155ea                DMA_Cmd
 .text.DMA_ClearFlag
                0x00000000080155fc       0x30 project_build//Volumes/DATA/Bruno/eclipse-workspace/mios32/trunk/drivers/STM32F4xx/v1.1.0/STM32F4xx_StdPeriph_Driver/src/stm32f4xx_dma.o
                0x00000000080155fc                DMA_ClearFlag
 .text.EXTI_ClearITPendingBit
                0x000000000801562c        0xc project_build//Volumes/DATA/Bruno/eclipse-workspace/mios32/trunk/drivers/STM32F4xx/v1.1.0/STM32F4xx_StdPeriph_Driver/src/stm32f4xx_exti.o
                0x000000000801562c                EXTI_ClearITPendingBit
 .text.GPIO_Init
                0x0000000008015638       0x9a project_build//Volumes/DATA/Bruno/eclipse-workspace/mios32/trunk/drivers/STM32F4xx/v1.1.0/STM32F4xx_StdPeriph_Driver/src/stm32f4xx_gpio.o
                0x0000000008015638                GPIO_Init
 .text.GPIO_StructInit
                0x00000000080156d2       0x12 project_build//Volumes/DATA/Bruno/eclipse-workspace/mios32/trunk/drivers/STM32F4xx/v1.1.0/STM32F4xx_StdPeriph_Driver/src/stm32f4xx_gpio.o
                0x00000000080156d2                GPIO_StructInit
 .text.GPIO_SetBits
                0x00000000080156e4        0x4 project_build//Volumes/DATA/Bruno/eclipse-workspace/mios32/trunk/drivers/STM32F4xx/v1.1.0/STM32F4xx_StdPeriph_Driver/src/stm32f4xx_gpio.o
                0x00000000080156e4                GPIO_SetBits
 .text.GPIO_ResetBits
                0x00000000080156e8        0x4 project_build//Volumes/DATA/Bruno/eclipse-workspace/mios32/trunk/drivers/STM32F4xx/v1.1.0/STM32F4xx_StdPeriph_Driver/src/stm32f4xx_gpio.o
                0x00000000080156e8                GPIO_ResetBits
 .text.GPIO_PinAFConfig
                0x00000000080156ec       0x2e project_build//Volumes/DATA/Bruno/eclipse-workspace/mios32/trunk/drivers/STM32F4xx/v1.1.0/STM32F4xx_StdPeriph_Driver/src/stm32f4xx_gpio.o
                0x00000000080156ec                GPIO_PinAFConfig
 .text.I2C_GenerateSTOP
                0x000000000801571a       0x18 project_build//Volumes/DATA/Bruno/eclipse-workspace/mios32/trunk/drivers/STM32F4xx/v1.1.0/STM32F4xx_StdPeriph_Driver/src/stm32f4xx_i2c.o
                0x000000000801571a                I2C_GenerateSTOP
 .text.I2C_ITConfig
                0x0000000008015732       0x12 project_build//Volumes/DATA/Bruno/eclipse-workspace/mios32/trunk/drivers/STM32F4xx/v1.1.0/STM32F4xx_StdPeriph_Driver/src/stm32f4xx_i2c.o
                0x0000000008015732                I2C_ITConfig
 .text.I2C_GetLastEvent
                0x0000000008015744       0x10 project_build//Volumes/DATA/Bruno/eclipse-workspace/mios32/trunk/drivers/STM32F4xx/v1.1.0/STM32F4xx_StdPeriph_Driver/src/stm32f4xx_i2c.o
                0x0000000008015744                I2C_GetLastEvent
 .text.I2C_ClearITPendingBit
                0x0000000008015754        0x8 project_build//Volumes/DATA/Bruno/eclipse-workspace/mios32/trunk/drivers/STM32F4xx/v1.1.0/STM32F4xx_StdPeriph_Driver/src/stm32f4xx_i2c.o
                0x0000000008015754                I2C_ClearITPendingBit
 .text.PWR_BackupAccessCmd
                0x000000000801575c        0xc project_build//Volumes/DATA/Bruno/eclipse-workspace/mios32/trunk/drivers/STM32F4xx/v1.1.0/STM32F4xx_StdPeriph_Driver/src/stm32f4xx_pwr.o
                0x000000000801575c                PWR_BackupAccessCmd
 .text.RCC_GetClocksFreq
                0x0000000008015768       0x8c project_build//Volumes/DATA/Bruno/eclipse-workspace/mios32/trunk/drivers/STM32F4xx/v1.1.0/STM32F4xx_StdPeriph_Driver/src/stm32f4xx_rcc.o
                0x0000000008015768                RCC_GetClocksFreq
 .text.RCC_RTCCLKConfig
                0x00000000080157f4       0x30 project_build//Volumes/DATA/Bruno/eclipse-workspace/mios32/trunk/drivers/STM32F4xx/v1.1.0/STM32F4xx_StdPeriph_Driver/src/stm32f4xx_rcc.o
                0x00000000080157f4                RCC_RTCCLKConfig
 .text.RCC_RTCCLKCmd
                0x0000000008015824        0xc project_build//Volumes/DATA/Bruno/eclipse-workspace/mios32/trunk/drivers/STM32F4xx/v1.1.0/STM32F4xx_StdPeriph_Driver/src/stm32f4xx_rcc.o
                0x0000000008015824                RCC_RTCCLKCmd
 .text.RCC_AHB1PeriphClockCmd
                0x0000000008015830       0x18 project_build//Volumes/DATA/Bruno/eclipse-workspace/mios32/trunk/drivers/STM32F4xx/v1.1.0/STM32F4xx_StdPeriph_Driver/src/stm32f4xx_rcc.o
                0x0000000008015830                RCC_AHB1PeriphClockCmd
 .text.RCC_AHB2PeriphClockCmd
                0x0000000008015848       0x18 project_build//Volumes/DATA/Bruno/eclipse-workspace/mios32/trunk/drivers/STM32F4xx/v1.1.0/STM32F4xx_StdPeriph_Driver/src/stm32f4xx_rcc.o
                0x0000000008015848                RCC_AHB2PeriphClockCmd
 .text.RCC_APB1PeriphClockCmd
                0x0000000008015860       0x18 project_build//Volumes/DATA/Bruno/eclipse-workspace/mios32/trunk/drivers/STM32F4xx/v1.1.0/STM32F4xx_StdPeriph_Driver/src/stm32f4xx_rcc.o
                0x0000000008015860                RCC_APB1PeriphClockCmd
 .text.RCC_APB2PeriphClockCmd
                0x0000000008015878       0x18 project_build//Volumes/DATA/Bruno/eclipse-workspace/mios32/trunk/drivers/STM32F4xx/v1.1.0/STM32F4xx_StdPeriph_Driver/src/stm32f4xx_rcc.o
                0x0000000008015878                RCC_APB2PeriphClockCmd
 .text.RCC_AHB1PeriphResetCmd
                0x0000000008015890       0x18 project_build//Volumes/DATA/Bruno/eclipse-workspace/mios32/trunk/drivers/STM32F4xx/v1.1.0/STM32F4xx_StdPeriph_Driver/src/stm32f4xx_rcc.o
                0x0000000008015890                RCC_AHB1PeriphResetCmd
 .text.RCC_AHB2PeriphResetCmd
                0x00000000080158a8       0x18 project_build//Volumes/DATA/Bruno/eclipse-workspace/mios32/trunk/drivers/STM32F4xx/v1.1.0/STM32F4xx_StdPeriph_Driver/src/stm32f4xx_rcc.o
                0x00000000080158a8                RCC_AHB2PeriphResetCmd
 .text.RCC_APB1PeriphResetCmd
                0x00000000080158c0       0x18 project_build//Volumes/DATA/Bruno/eclipse-workspace/mios32/trunk/drivers/STM32F4xx/v1.1.0/STM32F4xx_StdPeriph_Driver/src/stm32f4xx_rcc.o
                0x00000000080158c0                RCC_APB1PeriphResetCmd
 .text.RCC_APB2PeriphResetCmd
                0x00000000080158d8       0x18 project_build//Volumes/DATA/Bruno/eclipse-workspace/mios32/trunk/drivers/STM32F4xx/v1.1.0/STM32F4xx_StdPeriph_Driver/src/stm32f4xx_rcc.o
                0x00000000080158d8                RCC_APB2PeriphResetCmd
 .text.RTC_ByteToBcd2
                0x00000000080158f0       0x18 project_build//Volumes/DATA/Bruno/eclipse-workspace/mios32/trunk/drivers/STM32F4xx/v1.1.0/STM32F4xx_StdPeriph_Driver/src/stm32f4xx_rtc.o
 .text.RTC_StructInit
                0x0000000008015908        0xc project_build//Volumes/DATA/Bruno/eclipse-workspace/mios32/trunk/drivers/STM32F4xx/v1.1.0/STM32F4xx_StdPeriph_Driver/src/stm32f4xx_rtc.o
                0x0000000008015908                RTC_StructInit
 .text.RTC_EnterInitMode
                0x0000000008015914       0x40 project_build//Volumes/DATA/Bruno/eclipse-workspace/mios32/trunk/drivers/STM32F4xx/v1.1.0/STM32F4xx_StdPeriph_Driver/src/stm32f4xx_rtc.o
                0x0000000008015914                RTC_EnterInitMode
 .text.RTC_ExitInitMode
                0x0000000008015954       0x10 project_build//Volumes/DATA/Bruno/eclipse-workspace/mios32/trunk/drivers/STM32F4xx/v1.1.0/STM32F4xx_StdPeriph_Driver/src/stm32f4xx_rtc.o
                0x0000000008015954                RTC_ExitInitMode
 .text.RTC_Init
                0x0000000008015964       0x48 project_build//Volumes/DATA/Bruno/eclipse-workspace/mios32/trunk/drivers/STM32F4xx/v1.1.0/STM32F4xx_StdPeriph_Driver/src/stm32f4xx_rtc.o
                0x0000000008015964                RTC_Init
 .text.RTC_WaitForSynchro
                0x00000000080159ac       0x44 project_build//Volumes/DATA/Bruno/eclipse-workspace/mios32/trunk/drivers/STM32F4xx/v1.1.0/STM32F4xx_StdPeriph_Driver/src/stm32f4xx_rtc.o
                0x00000000080159ac                RTC_WaitForSynchro
 .text.RTC_SetTime
                0x00000000080159f0       0x8c project_build//Volumes/DATA/Bruno/eclipse-workspace/mios32/trunk/drivers/STM32F4xx/v1.1.0/STM32F4xx_StdPeriph_Driver/src/stm32f4xx_rtc.o
                0x00000000080159f0                RTC_SetTime
 .text.RTC_TimeStructInit
                0x0000000008015a7c        0xc project_build//Volumes/DATA/Bruno/eclipse-workspace/mios32/trunk/drivers/STM32F4xx/v1.1.0/STM32F4xx_StdPeriph_Driver/src/stm32f4xx_rtc.o
                0x0000000008015a7c                RTC_TimeStructInit
 .text.SPI_Init
                0x0000000008015a88       0x3e project_build//Volumes/DATA/Bruno/eclipse-workspace/mios32/trunk/drivers/STM32F4xx/v1.1.0/STM32F4xx_StdPeriph_Driver/src/stm32f4xx_spi.o
                0x0000000008015a88                SPI_Init