uip_task.c:502:12:UIP_TASK_StartServices	32	static
uip_task.c:96:5:UIP_TASK_Init	16	static
uip_task.c:125:5:UIP_TASK_InitFromPresets	8	static
uip_task.c:278:6:uip_log	0	static
uip_task.c:291:5:UIP_TASK_AppCall	0	static
uip_task.c:332:5:UIP_TASK_DHCP_EnableSet	8	static
uip_task.c:139:13:UIP_TASK_Handler	40	static
uip_task.c:397:5:UIP_TASK_DHCP_EnableGet	0	static
uip_task.c:406:5:UIP_TASK_IP_AddressSet	0	static
uip_task.c:421:5:UIP_TASK_IP_AddressGet	0	static
uip_task.c:426:5:UIP_TASK_IP_EffectiveAddressGet	24	static
uip_task.c:437:5:UIP_TASK_NetmaskSet	0	static
uip_task.c:452:5:UIP_TASK_NetmaskGet	0	static
uip_task.c:457:5:UIP_TASK_EffectiveNetmaskGet	24	static
uip_task.c:468:5:UIP_TASK_GatewaySet	0	static
uip_task.c:483:5:UIP_TASK_GatewayGet	0	static
uip_task.c:488:5:UIP_TASK_EffectiveGatewayGet	24	static
uip_task.c:537:5:UIP_TASK_ServicesRunning	0	static
uip_task.c:546:5:UIP_TASK_NetworkDeviceAvailable	0	static
uip_task.c:582:5:UIP_TASK_UDP_MonitorPacket	40	static
uip_task.c:555:5:UIP_TASK_UDP_AppCall	8	static
uip_task.c:609:5:UIP_TASK_UDP_ESP8266_MonitorPacket	56	static
uip_task.c:634:5:UIP_TASK_UDP_MonitorLevelSet	0	static
uip_task.c:640:5:UIP_TASK_UDP_MonitorLevelGet	0	static
uip_task.c:649:6:dhcpc_configured	32	static
