app_lcd.c:133:19:APP_LCD_ExtPort_PinSet	0	static
app_lcd.c:241:19:APP_LCD_ExtPort_UpdateSRs	8	static
app_lcd.c:286:12:APP_LCD_GLCD_CS_Set	24	static
app_lcd.c:81:19:APP_LCD_ExtPort_Init	8	static
app_lcd.c:269:12:APP_LCD_SERGLCD_CS_Init	8	static
app_lcd.c:161:19:0	0	static
app_lcd.c:161:19:APP_LCD_ExtPort_SerDataShift	8	static
app_lcd.c:407:12:APP_LCD_E_Set	16	static
app_lcd.c:449:12:APP_LCD_PollUnbusy	24	static
app_lcd.c:318:12:2	16	static
app_lcd.c:924:5:APP_LCD_Cmd	24	static
app_lcd.c:781:5:APP_LCD_Data	40	static
app_lcd.c:511:5:APP_LCD_Init	40	static
app_lcd.c:1030:5:APP_LCD_Clear	16	static
app_lcd.c:1161:5:APP_LCD_GCursorSet	24	static
app_lcd.c:1135:5:APP_LCD_CursorSet	0	static
app_lcd.c:1233:5:APP_LCD_SpecialCharInit	16	static
app_lcd.c:1264:5:APP_LCD_BColourSet	0	static
app_lcd.c:1276:5:APP_LCD_FColourSet	0	static
app_lcd.c:1288:5:APP_LCD_BitmapPixelSet	24	static
app_lcd.c:1311:5:APP_LCD_BitmapPrint	48	static
app_lcd.c:1361:5:APP_LCD_AltPinningSet	0	static
app_lcd.c:1368:4:APP_LCD_AltPinningGet	0	static
app_lcd.c:1403:5:APP_LCD_TerminalHelp	8	static
app_lcd.c:1417:5:APP_LCD_TerminalParseLine	32	static
app_lcd.c:1582:5:APP_LCD_TerminalPrintConfig	16	static
