Archive member included because of file (symbol)

/Volumes/DATA/Bruno/gcc-arm-none-eabi-4_7-2013q3/bin/../lib/gcc/arm-none-eabi/4.7.4/armv7e-m/libgcc.a(_lshrdi3.o)
                              project_build//Volumes/DATA/Bruno/eclipse-workspace/mios32/trunk/modules/app_lcd/universal/app_lcd.o (__aeabi_llsr)
/Volumes/DATA/Bruno/gcc-arm-none-eabi-4_7-2013q3/bin/../lib/gcc/arm-none-eabi/4.7.4/armv7e-m/libgcc.a(_ashldi3.o)
                              project_build//Volumes/DATA/Bruno/eclipse-workspace/mios32/trunk/modules/app_lcd/universal/app_lcd.o (__aeabi_llsl)
/Volumes/DATA/Bruno/gcc-arm-none-eabi-4_7-2013q3/bin/../lib/gcc/arm-none-eabi/4.7.4/armv7e-m/libgcc.a(_arm_addsubdf3.o)
                              project_build//Volumes/DATA/Bruno/eclipse-workspace/mios32/trunk/modules/midimon/midimon.o (__aeabi_f2d)
/Volumes/DATA/Bruno/gcc-arm-none-eabi-4_7-2013q3/bin/../lib/gcc/arm-none-eabi/4.7.4/armv7e-m/libgcc.a(_arm_muldivdf3.o)
                              project_build//Volumes/DATA/Bruno/eclipse-workspace/mios32/trunk/mios32/common/mios32_osc.o (__aeabi_dmul)
/Volumes/DATA/Bruno/gcc-arm-none-eabi-4_7-2013q3/bin/../lib/gcc/arm-none-eabi/4.7.4/armv7e-m/libgcc.a(_arm_fixdfsi.o)
                              project_build//Volumes/DATA/Bruno/eclipse-workspace/mios32/trunk/mios32/common/mios32_osc.o (__aeabi_d2iz)
/Volumes/DATA/Bruno/gcc-arm-none-eabi-4_7-2013q3/bin/../lib/gcc/arm-none-eabi/4.7.4/armv7e-m/libgcc.a(_arm_truncdfsf2.o)
                              project_build//Volumes/DATA/Bruno/eclipse-workspace/mios32/trunk/modules/midimon/midimon.o (__aeabi_d2f)
/Volumes/DATA/Bruno/gcc-arm-none-eabi-4_7-2013q3/bin/../lib/gcc/arm-none-eabi/4.7.4/armv7e-m/libgcc.a(_arm_addsubsf3.o)
                              project_build//Volumes/DATA/Bruno/eclipse-workspace/mios32/trunk/modules/midimon/midimon.o (__aeabi_ui2f)
/Volumes/DATA/Bruno/gcc-arm-none-eabi-4_7-2013q3/bin/../lib/gcc/arm-none-eabi/4.7.4/armv7e-m/libgcc.a(_arm_muldivsf3.o)
                              project_build//Volumes/DATA/Bruno/eclipse-workspace/mios32/trunk/mios32/common/mios32_osc.o (__aeabi_fmul)
/Volumes/DATA/Bruno/gcc-arm-none-eabi-4_7-2013q3/bin/../lib/gcc/arm-none-eabi/4.7.4/armv7e-m/libgcc.a(_arm_fixsfsi.o)
                              project_build//Volumes/DATA/Bruno/eclipse-workspace/mios32/trunk/mios32/common/mios32_osc.o (__aeabi_f2iz)
/Volumes/DATA/Bruno/gcc-arm-none-eabi-4_7-2013q3/bin/../lib/gcc/arm-none-eabi/4.7.4/../../../../arm-none-eabi/lib/armv7e-m/libc_s.a(lib_a-ctype_.o)
                              project_build//Volumes/DATA/Bruno/eclipse-workspace/mios32/trunk/programming_models/traditional/strtol.o (__ctype_ptr__)
/Volumes/DATA/Bruno/gcc-arm-none-eabi-4_7-2013q3/bin/../lib/gcc/arm-none-eabi/4.7.4/../../../../arm-none-eabi/lib/armv7e-m/libc_s.a(lib_a-init.o)
                              project_build//Volumes/DATA/Bruno/eclipse-workspace/mios32/trunk/programming_models/traditional/main.o (__libc_init_array)
/Volumes/DATA/Bruno/gcc-arm-none-eabi-4_7-2013q3/bin/../lib/gcc/arm-none-eabi/4.7.4/../../../../arm-none-eabi/lib/armv7e-m/libc_s.a(lib_a-memcpy.o)
                              project_build//Volumes/DATA/Bruno/eclipse-workspace/mios32/trunk/FreeRTOS/Source/queue.o (memcpy)
/Volumes/DATA/Bruno/gcc-arm-none-eabi-4_7-2013q3/bin/../lib/gcc/arm-none-eabi/4.7.4/../../../../arm-none-eabi/lib/armv7e-m/libc_s.a(lib_a-memmove.o)
                              project_build//Volumes/DATA/Bruno/eclipse-workspace/mios32/trunk/FreeRTOS/Source/portable/MemMang/heap_4.o (memmove)
/Volumes/DATA/Bruno/gcc-arm-none-eabi-4_7-2013q3/bin/../lib/gcc/arm-none-eabi/4.7.4/../../../../arm-none-eabi/lib/armv7e-m/libc_s.a(lib_a-memset.o)
                              project_build//Volumes/DATA/Bruno/eclipse-workspace/mios32/trunk/FreeRTOS/Source/tasks.o (memset)
/Volumes/DATA/Bruno/gcc-arm-none-eabi-4_7-2013q3/bin/../lib/gcc/arm-none-eabi/4.7.4/../../../../arm-none-eabi/lib/armv7e-m/libc_s.a(lib_a-stpcpy.o)
                              project_build//Volumes/DATA/Bruno/eclipse-workspace/mios32/trunk/mios32/common/mios32_osc.o (stpcpy)
/Volumes/DATA/Bruno/gcc-arm-none-eabi-4_7-2013q3/bin/../lib/gcc/arm-none-eabi/4.7.4/../../../../arm-none-eabi/lib/armv7e-m/libc_s.a(lib_a-strcasecmp.o)
                              project_build//Volumes/DATA/Bruno/eclipse-workspace/mios32/trunk/modules/app_lcd/universal/app_lcd.o (strcasecmp)
/Volumes/DATA/Bruno/gcc-arm-none-eabi-4_7-2013q3/bin/../lib/gcc/arm-none-eabi/4.7.4/../../../../arm-none-eabi/lib/armv7e-m/libc_s.a(lib_a-strcmp.o)
                              project_build/terminal.o (strcmp)
/Volumes/DATA/Bruno/gcc-arm-none-eabi-4_7-2013q3/bin/../lib/gcc/arm-none-eabi/4.7.4/../../../../arm-none-eabi/lib/armv7e-m/libc_s.a(lib_a-strlen.o)
                              project_build//Volumes/DATA/Bruno/eclipse-workspace/mios32/trunk/mios32/common/mios32_midi.o (strlen)
[...]
Memory Configuration

Name             Origin             Length             Attributes
RAM              0x0000000020000000 0x0000000000030000 xrw
FLASH_SECTOR0    0x0000000008000000 0x0000000000004000 xr
FLASH_SECTOR1    0x0000000008004000 0x0000000000004000 xr
FLASH_SECTOR2    0x0000000008008000 0x0000000000004000 xr
FLASH_SECTOR3    0x000000000800c000 0x0000000000004000 xr
FLASH            0x0000000008010000 0x00000000000f0000 xr
FLASHB1          0x0000000000000000 0x0000000000000000 xr
EXTMEMB0         0x0000000000000000 0x0000000000000000 xr
EXTMEMB1         0x0000000000000000 0x0000000000000000 xr
EXTMEMB2         0x0000000000000000 0x0000000000000000 xr
EXTMEMB3         0x0000000000000000 0x0000000000000000 xr
*default*        0x0000000000000000 0xffffffffffffffff

Linker script and memory map

LOAD project_build/app.o
LOAD project_build/terminal.o
LOAD project_build//Volumes/DATA/Bruno/eclipse-workspace/mios32/trunk/programming_models/traditional/main.o
LOAD project_build//Volumes/DATA/Bruno/eclipse-workspace/mios32/trunk/programming_models/traditional/strtol.o
LOAD project_build//Volumes/DATA/Bruno/eclipse-workspace/mios32/trunk/FreeRTOS/Source/tasks.o
LOAD project_build//Volumes/DATA/Bruno/eclipse-workspace/mios32/trunk/FreeRTOS/Source/list.o
LOAD project_build//Volumes/DATA/Bruno/eclipse-workspace/mios32/trunk/FreeRTOS/Source/queue.o
LOAD project_build//Volumes/DATA/Bruno/eclipse-workspace/mios32/trunk/FreeRTOS/Source/timers.o
LOAD project_build//Volumes/DATA/Bruno/eclipse-workspace/mios32/trunk/FreeRTOS/Source/portable/GCC/ARM_CM3/port.o
LOAD project_build//Volumes/DATA/Bruno/eclipse-workspace/mios32/trunk/FreeRTOS/Source/portable/MemMang/heap_4.o
LOAD project_build//Volumes/DATA/Bruno/eclipse-workspace/mios32/trunk/programming_models/traditional/startup_stm32f4xx.o
LOAD project_build//Volumes/DATA/Bruno/eclipse-workspace/mios32/trunk/mios32/common/mios32_srio.o
LOAD project_build//Volumes/DATA/Bruno/eclipse-workspace/mios32/trunk/mios32/common/mios32_din.o
LOAD project_build//Volumes/DATA/Bruno/eclipse-workspace/mios32/trunk/mios32/common/mios32_dout.o
LOAD project_build//Volumes/DATA/Bruno/eclipse-workspace/mios32/trunk/mios32/common/mios32_enc.o
LOAD project_build//Volumes/DATA/Bruno/eclipse-workspace/mios32/trunk/mios32/common/mios32_lcd.o
LOAD project_build//Volumes/DATA/Bruno/eclipse-workspace/mios32/trunk/mios32/common/mios32_midi.o
LOAD project_build//Volumes/DATA/Bruno/eclipse-workspace/mios32/trunk/mios32/common/mios32_osc.o
LOAD project_build//Volumes/DATA/Bruno/eclipse-workspace/mios32/trunk/mios32/common/mios32_com.o
LOAD project_build//Volumes/DATA/Bruno/eclipse-workspace/mios32/trunk/mios32/common/mios32_uart_midi.o
LOAD project_build//Volumes/DATA/Bruno/eclipse-workspace/mios32/trunk/mios32/common/mios32_spi_midi.o
LOAD project_build//Volumes/DATA/Bruno/eclipse-workspace/mios32/trunk/mios32/common/mios32_iic_midi.o
LOAD project_build//Volumes/DATA/Bruno/eclipse-workspace/mios32/trunk/mios32/common/mios32_can_midi.o
LOAD project_build//Volumes/DATA/Bruno/eclipse-workspace/mios32/trunk/mios32/common/mios32_iic_bs.o
LOAD project_build//Volumes/DATA/Bruno/eclipse-workspace/mios32/trunk/mios32/common/mios32_mf.o
LOAD project_build//Volumes/DATA/Bruno/eclipse-workspace/mios32/trunk/mios32/common/mios32_sdcard.o
LOAD project_build//Volumes/DATA/Bruno/eclipse-workspace/mios32/trunk/mios32/common/mios32_enc28j60.o
LOAD project_build//Volumes/DATA/Bruno/eclipse-workspace/mios32/trunk/mios32/common/mios32_timestamp.o
LOAD project_build//Volumes/DATA/Bruno/eclipse-workspace/mios32/trunk/mios32/STM32F4xx/mios32_bsl.o
LOAD project_build//Volumes/DATA/Bruno/eclipse-workspace/mios32/trunk/mios32/STM32F4xx/mios32_sys.o
LOAD project_build//Volumes/DATA/Bruno/eclipse-workspace/mios32/trunk/mios32/STM32F4xx/mios32_irq.o
LOAD project_build//Volumes/DATA/Bruno/eclipse-workspace/mios32/trunk/mios32/STM32F4xx/mios32_spi.o
LOAD project_build//Volumes/DATA/Bruno/eclipse-workspace/mios32/trunk/mios32/STM32F4xx/mios32_i2s.o
LOAD project_build//Volumes/DATA/Bruno/eclipse-workspace/mios32/trunk/mios32/STM32F4xx/mios32_board.o
LOAD project_build//Volumes/DATA/Bruno/eclipse-workspace/mios32/trunk/mios32/STM32F4xx/mios32_timer.o
LOAD project_build//Volumes/DATA/Bruno/eclipse-workspace/mios32/trunk/mios32/STM32F4xx/mios32_stopwatch.o
LOAD project_build//Volumes/DATA/Bruno/eclipse-workspace/mios32/trunk/mios32/STM32F4xx/mios32_delay.o
LOAD project_build//Volumes/DATA/Bruno/eclipse-workspace/mios32/trunk/mios32/STM32F4xx/mios32_ain.o
LOAD project_build//Volumes/DATA/Bruno/eclipse-workspace/mios32/trunk/mios32/STM32F4xx/mios32_usb.o
LOAD project_build//Volumes/DATA/Bruno/eclipse-workspace/mios32/trunk/mios32/STM32F4xx/mios32_usb_midi.o
LOAD project_build//Volumes/DATA/Bruno/eclipse-workspace/mios32/trunk/mios32/STM32F4xx/mios32_usb_com.o
LOAD project_build//Volumes/DATA/Bruno/eclipse-workspace/mios32/trunk/mios32/STM32F4xx/mios32_usb_hid.o
LOAD project_build//Volumes/DATA/Bruno/eclipse-workspace/mios32/trunk/mios32/STM32F4xx/mios32_uart.o
LOAD project_build//Volumes/DATA/Bruno/eclipse-workspace/mios32/trunk/mios32/STM32F4xx/mios32_iic.o
LOAD project_build//Volumes/DATA/Bruno/eclipse-workspace/mios32/trunk/mios32/STM32F4xx/mios32_can.o
LOAD project_build//Volumes/DATA/Bruno/eclipse-workspace/mios32/trunk/mios32/common/printf-stdarg.o
LOAD project_build//Volumes/DATA/Bruno/eclipse-workspace/mios32/trunk/drivers/STM32F4xx/v1.1.0/STM32F4xx_StdPeriph_Driver/src/misc.o
LOAD project_build//Volumes/DATA/Bruno/eclipse-workspace/mios32/trunk/drivers/STM32F4xx/v1.1.0/STM32F4xx_StdPeriph_Driver/src/stm32f4xx_adc.o
LOAD project_build//Volumes/DATA/Bruno/eclipse-workspace/mios32/trunk/drivers/STM32F4xx/v1.1.0/STM32F4xx_StdPeriph_Driver/src/stm32f4xx_can.o
LOAD project_build//Volumes/DATA/Bruno/eclipse-workspace/mios32/trunk/drivers/STM32F4xx/v1.1.0/STM32F4xx_StdPeriph_Driver/src/stm32f4xx_crc.o
LOAD project_build//Volumes/DATA/Bruno/eclipse-workspace/mios32/trunk/drivers/STM32F4xx/v1.1.0/STM32F4xx_StdPeriph_Driver/src/stm32f4xx_cryp.o
LOAD project_build//Volumes/DATA/Bruno/eclipse-workspace/mios32/trunk/drivers/STM32F4xx/v1.1.0/STM32F4xx_StdPeriph_Driver/src/stm32f4xx_cryp_aes.o
LOAD project_build//Volumes/DATA/Bruno/eclipse-workspace/mios32/trunk/drivers/STM32F4xx/v1.1.0/STM32F4xx_StdPeriph_Driver/src/stm32f4xx_cryp_des.o
LOAD project_build//Volumes/DATA/Bruno/eclipse-workspace/mios32/trunk/drivers/STM32F4xx/v1.1.0/STM32F4xx_StdPeriph_Driver/src/stm32f4xx_cryp_tdes.o
LOAD project_build//Volumes/DATA/Bruno/eclipse-workspace/mios32/trunk/drivers/STM32F4xx/v1.1.0/STM32F4xx_StdPeriph_Driver/src/stm32f4xx_dac.o
LOAD project_build//Volumes/DATA/Bruno/eclipse-workspace/mios32/trunk/drivers/STM32F4xx/v1.1.0/STM32F4xx_StdPeriph_Driver/src/stm32f4xx_dbgmcu.o
LOAD project_build//Volumes/DATA/Bruno/eclipse-workspace/mios32/trunk/drivers/STM32F4xx/v1.1.0/STM32F4xx_StdPeriph_Driver/src/stm32f4xx_dcmi.o
LOAD project_build//Volumes/DATA/Bruno/eclipse-workspace/mios32/trunk/drivers/STM32F4xx/v1.1.0/STM32F4xx_StdPeriph_Driver/src/stm32f4xx_dma.o
LOAD project_build//Volumes/DATA/Bruno/eclipse-workspace/mios32/trunk/drivers/STM32F4xx/v1.1.0/STM32F4xx_StdPeriph_Driver/src/stm32f4xx_exti.o
LOAD project_build//Volumes/DATA/Bruno/eclipse-workspace/mios32/trunk/drivers/STM32F4xx/v1.1.0/STM32F4xx_StdPeriph_Driver/src/stm32f4xx_flash.o
LOAD project_build//Volumes/DATA/Bruno/eclipse-workspace/mios32/trunk/drivers/STM32F4xx/v1.1.0/STM32F4xx_StdPeriph_Driver/src/stm32f4xx_fsmc.o
LOAD project_build//Volumes/DATA/Bruno/eclipse-workspace/mios32/trunk/drivers/STM32F4xx/v1.1.0/STM32F4xx_StdPeriph_Driver/src/stm32f4xx_gpio.o
LOAD project_build//Volumes/DATA/Bruno/eclipse-workspace/mios32/trunk/drivers/STM32F4xx/v1.1.0/STM32F4xx_StdPeriph_Driver/src/stm32f4xx_hash.o
LOAD project_build//Volumes/DATA/Bruno/eclipse-workspace/mios32/trunk/drivers/STM32F4xx/v1.1.0/STM32F4xx_StdPeriph_Driver/src/stm32f4xx_hash_md5.o
LOAD project_build//Volumes/DATA/Bruno/eclipse-workspace/mios32/trunk/drivers/STM32F4xx/v1.1.0/STM32F4xx_StdPeriph_Driver/src/stm32f4xx_hash_sha1.o
LOAD project_build//Volumes/DATA/Bruno/eclipse-workspace/mios32/trunk/drivers/STM32F4xx/v1.1.0/STM32F4xx_StdPeriph_Driver/src/stm32f4xx_i2c.o
LOAD project_build//Volumes/DATA/Bruno/eclipse-workspace/mios32/trunk/drivers/STM32F4xx/v1.1.0/STM32F4xx_StdPeriph_Driver/src/stm32f4xx_iwdg.o
LOAD project_build//Volumes/DATA/Bruno/eclipse-workspace/mios32/trunk/drivers/STM32F4xx/v1.1.0/STM32F4xx_StdPeriph_Driver/src/stm32f4xx_pwr.o
LOAD project_build//Volumes/DATA/Bruno/eclipse-workspace/mios32/trunk/drivers/STM32F4xx/v1.1.0/STM32F4xx_StdPeriph_Driver/src/stm32f4xx_rcc.o
LOAD project_build//Volumes/DATA/Bruno/eclipse-workspace/mios32/trunk/drivers/STM32F4xx/v1.1.0/STM32F4xx_StdPeriph_Driver/src/stm32f4xx_rng.o
LOAD project_build//Volumes/DATA/Bruno/eclipse-workspace/mios32/trunk/drivers/STM32F4xx/v1.1.0/STM32F4xx_StdPeriph_Driver/src/stm32f4xx_rtc.o
LOAD project_build//Volumes/DATA/Bruno/eclipse-workspace/mios32/trunk/drivers/STM32F4xx/v1.1.0/STM32F4xx_StdPeriph_Driver/src/stm32f4xx_sdio.o
LOAD project_build//Volumes/DATA/Bruno/eclipse-workspace/mios32/trunk/drivers/STM32F4xx/v1.1.0/STM32F4xx_StdPeriph_Driver/src/stm32f4xx_spi.o
LOAD project_build//Volumes/DATA/Bruno/eclipse-workspace/mios32/trunk/drivers/STM32F4xx/v1.1.0/STM32F4xx_StdPeriph_Driver/src/stm32f4xx_syscfg.o
LOAD project_build//Volumes/DATA/Bruno/eclipse-workspace/mios32/trunk/drivers/STM32F4xx/v1.1.0/STM32F4xx_StdPeriph_Driver/src/stm32f4xx_tim.o
LOAD project_build//Volumes/DATA/Bruno/eclipse-workspace/mios32/trunk/drivers/STM32F4xx/v1.1.0/STM32F4xx_StdPeriph_Driver/src/stm32f4xx_usart.o
LOAD project_build//Volumes/DATA/Bruno/eclipse-workspace/mios32/trunk/drivers/STM32F4xx/v1.1.0/STM32F4xx_StdPeriph_Driver/src/stm32f4xx_wwdg.o
LOAD project_build//Volumes/DATA/Bruno/eclipse-workspace/mios32/trunk/drivers/STM32F4xx/v1.1.0/STM32_USB_Device_Library/Core/src/usbd_core.o
LOAD project_build//Volumes/DATA/Bruno/eclipse-workspace/mios32/trunk/drivers/STM32F4xx/v1.1.0/STM32_USB_Device_Library/Core/src/usbd_ioreq.o
LOAD project_build//Volumes/DATA/Bruno/eclipse-workspace/mios32/trunk/drivers/STM32F4xx/v1.1.0/STM32_USB_Device_Library/Core/src/usbd_req.o
LOAD project_build//Volumes/DATA/Bruno/eclipse-workspace/mios32/trunk/drivers/STM32F4xx/v1.1.0/STM32_USB_HOST_Library/Core/src/usbh_core.o
LOAD project_build//Volumes/DATA/Bruno/eclipse-workspace/mios32/trunk/drivers/STM32F4xx/v1.1.0/STM32_USB_HOST_Library/Core/src/usbh_hcs.o
LOAD project_build//Volumes/DATA/Bruno/eclipse-workspace/mios32/trunk/drivers/STM32F4xx/v1.1.0/STM32_USB_HOST_Library/Core/src/usbh_ioreq.o
LOAD project_build//Volumes/DATA/Bruno/eclipse-workspace/mios32/trunk/drivers/STM32F4xx/v1.1.0/STM32_USB_HOST_Library/Core/src/usbh_stdreq.o
LOAD project_build//Volumes/DATA/Bruno/eclipse-workspace/mios32/trunk/drivers/STM32F4xx/v1.1.0/STM32_USB_OTG_Driver/src/usb_core.o
LOAD project_build//Volumes/DATA/Bruno/eclipse-workspace/mios32/trunk/drivers/STM32F4xx/v1.1.0/STM32_USB_OTG_Driver/src/usb_dcd.o
LOAD project_build//Volumes/DATA/Bruno/eclipse-workspace/mios32/trunk/drivers/STM32F4xx/v1.1.0/STM32_USB_OTG_Driver/src/usb_dcd_int.o
LOAD project_build//Volumes/DATA/Bruno/eclipse-workspace/mios32/trunk/drivers/STM32F4xx/v1.1.0/STM32_USB_OTG_Driver/src/usb_hcd.o
LOAD project_build//Volumes/DATA/Bruno/eclipse-workspace/mios32/trunk/drivers/STM32F4xx/v1.1.0/STM32_USB_OTG_Driver/src/usb_hcd_int.o
LOAD project_build//Volumes/DATA/Bruno/eclipse-workspace/mios32/trunk/drivers/STM32F4xx/v1.1.0/STM32_USB_OTG_Driver/src/usb_otg.o
LOAD project_build//Volumes/DATA/Bruno/eclipse-workspace/mios32/trunk/modules/app_lcd/universal/app_lcd.o
LOAD project_build//Volumes/DATA/Bruno/eclipse-workspace/mios32/trunk/modules/glcd_font/glcd_font_normal.o
LOAD project_build//Volumes/DATA/Bruno/eclipse-workspace/mios32/trunk/modules/glcd_font/glcd_font_normal_inv.o
LOAD project_build//Volumes/DATA/Bruno/eclipse-workspace/mios32/trunk/modules/glcd_font/glcd_font_big.o
LOAD project_build//Volumes/DATA/Bruno/eclipse-workspace/mios32/trunk/modules/glcd_font/glcd_font_small.o
LOAD project_build//Volumes/DATA/Bruno/eclipse-workspace/mios32/trunk/modules/glcd_font/glcd_font_tiny.o
LOAD project_build//Volumes/DATA/Bruno/eclipse-workspace/mios32/trunk/modules/glcd_font/glcd_font_tiny_wide.o
LOAD project_build//Volumes/DATA/Bruno/eclipse-workspace/mios32/trunk/modules/glcd_font/glcd_font_tiny_inv.o
LOAD project_build//Volumes/DATA/Bruno/eclipse-workspace/mios32/trunk/modules/glcd_font/glcd_font_knob_icons.o
LOAD project_build//Volumes/DATA/Bruno/eclipse-workspace/mios32/trunk/modules/glcd_font/glcd_font_meter_icons_h.o
LOAD project_build//Volumes/DATA/Bruno/eclipse-workspace/mios32/trunk/modules/glcd_font/glcd_font_meter_icons_v.o
LOAD project_build//Volumes/DATA/Bruno/eclipse-workspace/mios32/trunk/modules/glcd_font/glcd_font_minitogsel_icons.o
LOAD project_build//Volumes/DATA/Bruno/eclipse-workspace/mios32/trunk/modules/midimon/midimon.o
LOAD project_build//Volumes/DATA/Bruno/eclipse-workspace/mios32/trunk/programming_models/traditional/mini_cpp.o
LOAD project_build//Volumes/DATA/Bruno/eclipse-workspace/mios32/trunk/programming_models/traditional/freertos_heap.o
LOAD /Volumes/DATA/Bruno/gcc-arm-none-eabi-4_7-2013q3/bin/../lib/gcc/arm-none-eabi/4.7.4/../../../../arm-none-eabi/lib/armv7e-m/libstdc++_s.a
START GROUP
LOAD /Volumes/DATA/Bruno/gcc-arm-none-eabi-4_7-2013q3/bin/../lib/gcc/arm-none-eabi/4.7.4/armv7e-m/libgcc.a
LOAD /Volumes/DATA/Bruno/gcc-arm-none-eabi-4_7-2013q3/bin/../lib/gcc/arm-none-eabi/4.7.4/../../../../arm-none-eabi/lib/armv7e-m/libc_s.a
END GROUP
                0x0000000020020000                _estack = 0x20020000
                0x0000000000000080                __Stack_Size = 0x80
                0x0000000000000080                PROVIDE (_Stack_Size, __Stack_Size)
                0x000000002001ff80                __Stack_Init = (_estack - __Stack_Size)
                0x000000002001ff80                PROVIDE (_Stack_Init, __Stack_Init)
                0x0000000000000100                _Minimum_Stack_Size = 0x100
                0x0000000042000000                PERIPH_BB_BASE = 0x42000000
                0x0000000022000000                SRAM_BB_BASE = 0x22000000
                0x0000000020000000                SRAM_BASE = 0x20000000
                0x0000000040000000                PERIPH_BASE = 0x40000000
                0x0000000040022000                PROVIDE (FLASH_BASE, 0x40022000)
                0x000000001ffff800                PROVIDE (OB_BASE, 0x1ffff800)
                0x0000000040000000                APB1PERIPH_BASE = PERIPH_BASE
                0x0000000040010000                APB2PERIPH_BASE = (PERIPH_BASE + 0x10000)
                0x0000000040020000                AHBPERIPH_BASE = (PERIPH_BASE + 0x20000)
                0x0000000040000000                PROVIDE (TIM2, (APB1PERIPH_BASE + 0x0))
                0x0000000040000400                PROVIDE (TIM3, (APB1PERIPH_BASE + 0x400))
                0x0000000040000800                PROVIDE (TIM4, (APB1PERIPH_BASE + 0x800))
                0x0000000040002800                PROVIDE (RTC, (APB1PERIPH_BASE + 0x2800))
                0x0000000040002c00                PROVIDE (WWDG, (APB1PERIPH_BASE + 0x2c00))
                0x0000000040003000                PROVIDE (IWDG, (APB1PERIPH_BASE + 0x3000))
                0x0000000040003800                PROVIDE (SPI2, (APB1PERIPH_BASE + 0x3800))
                0x0000000040004400                PROVIDE (USART2, (APB1PERIPH_BASE + 0x4400))
                0x0000000040004800                PROVIDE (USART3, (APB1PERIPH_BASE + 0x4800))
                0x0000000040005400                PROVIDE (I2C1, (APB1PERIPH_BASE + 0x5400))
                0x0000000040005800                PROVIDE (I2C2, (APB1PERIPH_BASE + 0x5800))
                0x0000000040006400                PROVIDE (CAN, (APB1PERIPH_BASE + 0x6400))
                0x0000000040006c00                PROVIDE (BKP, (APB1PERIPH_BASE + 0x6c00))
                0x0000000040007000                PROVIDE (PWR, (APB1PERIPH_BASE + 0x7000))
                0x0000000040010000                PROVIDE (AFIO, (APB2PERIPH_BASE + 0x0))
                0x0000000040010400                PROVIDE (EXTI, (APB2PERIPH_BASE + 0x400))
                0x0000000040010800                PROVIDE (GPIOA, (APB2PERIPH_BASE + 0x800))
                0x0000000040010c00                PROVIDE (GPIOB, (APB2PERIPH_BASE + 0xc00))
                0x0000000040011000                PROVIDE (GPIOC, (APB2PERIPH_BASE + 0x1000))
                0x0000000040011400                PROVIDE (GPIOD, (APB2PERIPH_BASE + 0x1400))
                0x0000000040011800                PROVIDE (GPIOE, (APB2PERIPH_BASE + 0x1800))
                0x0000000040012400                PROVIDE (ADC1, (APB2PERIPH_BASE + 0x2400))
                0x0000000040012800                PROVIDE (ADC2, (APB2PERIPH_BASE + 0x2800))
                0x0000000040012c00                PROVIDE (TIM1, (APB2PERIPH_BASE + 0x2c00))
                0x0000000040013000                PROVIDE (SPI1, (APB2PERIPH_BASE + 0x3000))
                0x0000000040013800                PROVIDE (USART1, (APB2PERIPH_BASE + 0x3800))
                0x0000000040020000                PROVIDE (DMA, (AHBPERIPH_BASE + 0x0))
                0x0000000040020008                PROVIDE (DMA_Channel1, (AHBPERIPH_BASE + 0x8))
                0x000000004002001c                PROVIDE (DMA_Channel2, (AHBPERIPH_BASE + 0x1c))
                0x0000000040020030                PROVIDE (DMA_Channel3, (AHBPERIPH_BASE + 0x30))
                0x0000000040020044                PROVIDE (DMA_Channel4, (AHBPERIPH_BASE + 0x44))
                0x0000000040020058                PROVIDE (DMA_Channel5, (AHBPERIPH_BASE + 0x58))
                0x000000004002006c                PROVIDE (DMA_Channel6, (AHBPERIPH_BASE + 0x6c))
                0x0000000040020080                PROVIDE (DMA_Channel7, (AHBPERIPH_BASE + 0x80))
                0x0000000040021000                PROVIDE (RCC, (AHBPERIPH_BASE + 0x1000))
                0x00000000e000e000                SCS_BASE = 0xe000e000
                0x00000000e000e010                PROVIDE (SysTick, (SCS_BASE + 0x10))
                0x00000000e000e100                PROVIDE (NVIC, (SCS_BASE + 0x100))
                0x00000000e000ed00                PROVIDE (SCB, (SCS_BASE + 0xd00))

.mios32_bsl     0x0000000008000000     0x4000
                0x0000000008000000                . = ALIGN (0x4)
 *(.mios32_bsl)
 .mios32_bsl    0x0000000008000000     0x4000 project_build//Volumes/DATA/Bruno/eclipse-workspace/mios32/trunk/mios32/STM32F4xx/mios32_bsl.o
                0x0000000008000000                mios32_bsl_image
                0x0000000008004000                . = ALIGN (0x4)

.isr_vector     0x0000000008004000      0x188
                0x0000000008004000                _mios32_sys_isr_vector = .
                0x0000000008004000                . = ALIGN (0x4)
 *(.isr_vector)
 .isr_vector    0x0000000008004000      0x188 project_build//Volumes/DATA/Bruno/eclipse-workspace/mios32/trunk/programming_models/traditional/startup_stm32f4xx.o
                0x0000000008004000                g_pfnVectors
                0x0000000008004188                . = ALIGN (0x4)
                0x0000000008004000                PROVIDE (mios32_sys_isr_vector, _mios32_sys_isr_vector)

.flashtext      0x0000000008010000        0x0
                0x0000000008010000                . = ALIGN (0x4)
 *(.flashtext)
                0x0000000008010000                . = ALIGN (0x4)

.text           0x0000000008010000     0xbed4
                0x0000000008010000                . = ALIGN (0x4)
 CREATE_OBJECT_SYMBOLS
 *(.text .text.* .gnu.linkonce.t.*)
 .text.APP_Periodic_100uS
                0x0000000008010000       0x58 project_build/app.o
 .text.APP_Init
                0x0000000008010058       0x6c project_build/app.o
                0x0000000008010058                APP_Init
 .text.APP_Background
                0x00000000080100c4       0x2c project_build/app.o
                0x00000000080100c4                APP_Background
 .text.APP_MIDI_NotifyPackage
                0x00000000080100f0       0xc8 project_build/app.o
                0x00000000080100f0                APP_MIDI_NotifyPackage
 .text.APP_SRIO_ServicePrepare
                0x00000000080101b8        0x2 project_build/app.o
                0x00000000080101b8                APP_SRIO_ServicePrepare
 .text.APP_SRIO_ServiceFinish
                0x00000000080101ba        0x2 project_build/app.o
                0x00000000080101ba                APP_SRIO_ServiceFinish
 .text.APP_DIN_NotifyToggle
                0x00000000080101bc        0x2 project_build/app.o
                0x00000000080101bc                APP_DIN_NotifyToggle
 .text.APP_ENC_NotifyChange
                0x00000000080101be        0x2 project_build/app.o
                0x00000000080101be                APP_ENC_NotifyChange
 .text.APP_AIN_NotifyChange
                0x00000000080101c0        0x2 project_build/app.o
                0x00000000080101c0                APP_AIN_NotifyChange
 *fill*         0x00000000080101c2        0x2 00
 .text.TERMINAL_Init
                0x00000000080101c4       0x20 project_build/terminal.o
                0x00000000080101c4                TERMINAL_Init
 .text.TERMINAL_ParseLine
                0x00000000080101e4       0x98 project_build/terminal.o
                0x00000000080101e4                TERMINAL_ParseLine
 .text.TERMINAL_Parse
                0x000000000801027c       0x58 project_build/terminal.o
                0x000000000801027c                TERMINAL_Parse
 .text.SRIO_ServiceFinish
                0x00000000080102d4        0xe project_build//Volumes/DATA/Bruno/eclipse-workspace/mios32/trunk/programming_models/traditional/main.o
                0x00000000080102d4                SRIO_ServiceFinish
 .text.APP_Tick
                0x00000000080102e2        0x2 project_build//Volumes/DATA/Bruno/eclipse-workspace/mios32/trunk/programming_models/traditional/main.o
                0x00000000080102e2                APP_Tick
 .text.TASK_Hooks
                0x00000000080102e4       0x48 project_build//Volumes/DATA/Bruno/eclipse-workspace/mios32/trunk/programming_models/traditional/main.o
 .text.APP_MIDI_Tick
                0x000000000801032c        0x2 project_build//Volumes/DATA/Bruno/eclipse-workspace/mios32/trunk/programming_models/traditional/main.o
                0x000000000801032c                APP_MIDI_Tick
 *fill*         0x000000000801032e        0x2 00
 .text.TASK_MIDI_Hooks
                0x0000000008010330       0x34 project_build//Volumes/DATA/Bruno/eclipse-workspace/mios32/trunk/programming_models/traditional/main.o
 .text.startup.main
                0x0000000008010364       0xc4 project_build//Volumes/DATA/Bruno/eclipse-workspace/mios32/trunk/programming_models/traditional/main.o
                0x0000000008010364                main
 .text.vApplicationTickHook
                0x0000000008010428       0x18 project_build//Volumes/DATA/Bruno/eclipse-workspace/mios32/trunk/programming_models/traditional/main.o
                0x0000000008010428                vApplicationTickHook
 .text.vApplicationIdleHook
                0x0000000008010440        0x4 project_build//Volumes/DATA/Bruno/eclipse-workspace/mios32/trunk/programming_models/traditional/main.o
                0x0000000008010440                vApplicationIdleHook
 .text._abort   0x0000000008010444       0x40 project_build//Volumes/DATA/Bruno/eclipse-workspace/mios32/trunk/programming_models/traditional/main.o
                0x0000000008010444                _abort
 .text.vApplicationMallocFailedHook
                0x0000000008010484       0x4c project_build//Volumes/DATA/Bruno/eclipse-workspace/mios32/trunk/programming_models/traditional/main.o
                0x0000000008010484                vApplicationMallocFailedHook
 .text.HardFault_Handler_c
                0x00000000080104d0      0x148 project_build//Volumes/DATA/Bruno/eclipse-workspace/mios32/trunk/programming_models/traditional/main.o
                0x00000000080104d0                HardFault_Handler_c
 .text.HardFault_Handler
                0x0000000008010618       0x14 project_build//Volumes/DATA/Bruno/eclipse-workspace/mios32/trunk/programming_models/traditional/main.o
                0x0000000008010618                HardFault_Handler
 .text.prvAddCurrentTaskToDelayedList
                0x000000000801062c       0x98 project_build//Volumes/DATA/Bruno/eclipse-workspace/mios32/trunk/FreeRTOS/Source/tasks.o
 .text.prvResetNextTaskUnblockTime
                0x00000000080106c4       0x24 project_build//Volumes/DATA/Bruno/eclipse-workspace/mios32/trunk/FreeRTOS/Source/tasks.o
 .text.xTaskCreate
                0x00000000080106e8      0x1ac project_build//Volumes/DATA/Bruno/eclipse-workspace/mios32/trunk/FreeRTOS/Source/tasks.o
                0x00000000080106e8                xTaskCreate
 .text.vTaskStartScheduler
                0x0000000008010894       0x64 project_build//Volumes/DATA/Bruno/eclipse-workspace/mios32/trunk/FreeRTOS/Source/tasks.o
                0x0000000008010894                vTaskStartScheduler
 .text.vTaskSuspendAll
                0x00000000080108f8       0x10 project_build//Volumes/DATA/Bruno/eclipse-workspace/mios32/trunk/FreeRTOS/Source/tasks.o
                0x00000000080108f8                vTaskSuspendAll
 .text.xTaskGetTickCount
                0x0000000008010908        0xc project_build//Volumes/DATA/Bruno/eclipse-workspace/mios32/trunk/FreeRTOS/Source/tasks.o
                0x0000000008010908                xTaskGetTickCount
 .text.xTaskIncrementTick
                0x0000000008010914      0x104 project_build//Volumes/DATA/Bruno/eclipse-workspace/mios32/trunk/FreeRTOS/Source/tasks.o
                0x0000000008010914                xTaskIncrementTick
 .text.xTaskResumeAll
                0x0000000008010a18       0xd0 project_build//Volumes/DATA/Bruno/eclipse-workspace/mios32/trunk/FreeRTOS/Source/tasks.o
                0x0000000008010a18                xTaskResumeAll
 .text.prvIdleTask
                0x0000000008010ae8       0x78 project_build//Volumes/DATA/Bruno/eclipse-workspace/mios32/trunk/FreeRTOS/Source/tasks.o
 .text.vTaskDelayUntil
                0x0000000008010b60       0x60 project_build//Volumes/DATA/Bruno/eclipse-workspace/mios32/trunk/FreeRTOS/Source/tasks.o
                0x0000000008010b60                vTaskDelayUntil
 .text.vTaskSwitchContext
                0x0000000008010bc0       0x54 project_build//Volumes/DATA/Bruno/eclipse-workspace/mios32/trunk/FreeRTOS/Source/tasks.o
                0x0000000008010bc0                vTaskSwitchContext
 .text.vListInitialise
                0x0000000008010c14       0x16 project_build//Volumes/DATA/Bruno/eclipse-workspace/mios32/trunk/FreeRTOS/Source/list.o
                0x0000000008010c14                vListInitialise
 .text.vListInitialiseItem
                0x0000000008010c2a        0x6 project_build//Volumes/DATA/Bruno/eclipse-workspace/mios32/trunk/FreeRTOS/Source/list.o
                0x0000000008010c2a                vListInitialiseItem
 .text.vListInsertEnd
                0x0000000008010c30       0x18 project_build//Volumes/DATA/Bruno/eclipse-workspace/mios32/trunk/FreeRTOS/Source/list.o
                0x0000000008010c30                vListInsertEnd
 .text.vListInsert
                0x0000000008010c48       0x30 project_build//Volumes/DATA/Bruno/eclipse-workspace/mios32/trunk/FreeRTOS/Source/list.o
                0x0000000008010c48                vListInsert
 .text.uxListRemove
                0x0000000008010c78       0x20 project_build//Volumes/DATA/Bruno/eclipse-workspace/mios32/trunk/FreeRTOS/Source/list.o
                0x0000000008010c78                uxListRemove
 .text.prvTaskExitError
                0x0000000008010c98       0x12 project_build//Volumes/DATA/Bruno/eclipse-workspace/mios32/trunk/FreeRTOS/Source/portable/GCC/ARM_CM3/port.o
 *fill*         0x0000000008010caa        0x2 00
 .text.prvPortStartFirstTask
                0x0000000008010cac       0x20 project_build//Volumes/DATA/Bruno/eclipse-workspace/mios32/trunk/FreeRTOS/Source/portable/GCC/ARM_CM3/port.o
 .text.pxPortInitialiseStack
                0x0000000008010ccc       0x24 project_build//Volumes/DATA/Bruno/eclipse-workspace/mios32/trunk/FreeRTOS/Source/portable/GCC/ARM_CM3/port.o
                0x0000000008010ccc                pxPortInitialiseStack
 .text.vPortSVCHandler
                0x0000000008010cf0       0x30 project_build//Volumes/DATA/Bruno/eclipse-workspace/mios32/trunk/FreeRTOS/Source/portable/GCC/ARM_CM3/port.o
                0x0000000008010cf0                vPortSVCHandler
 .text.vPortEnterCritical
                0x0000000008010d20       0x20 project_build//Volumes/DATA/Bruno/eclipse-workspace/mios32/trunk/FreeRTOS/Source/portable/GCC/ARM_CM3/port.o
                0x0000000008010d20                vPortEnterCritical
 .text.vPortExitCritical
                0x0000000008010d40       0x14 project_build//Volumes/DATA/Bruno/eclipse-workspace/mios32/trunk/FreeRTOS/Source/portable/GCC/ARM_CM3/port.o
                0x0000000008010d40                vPortExitCritical
 *fill*         0x0000000008010d54        0xc 00
 .text.xPortPendSVHandler
                0x0000000008010d60       0x50 project_build//Volumes/DATA/Bruno/eclipse-workspace/mios32/trunk/FreeRTOS/Source/portable/GCC/ARM_CM3/port.o
                0x0000000008010d60                xPortPendSVHandler
 .text.xPortSysTickHandler
                0x0000000008010db0       0x2c project_build//Volumes/DATA/Bruno/eclipse-workspace/mios32/trunk/FreeRTOS/Source/portable/GCC/ARM_CM3/port.o
                0x0000000008010db0                xPortSysTickHandler
 .text.vPortSetupTimerInterrupt
                0x0000000008010ddc       0x18 project_build//Volumes/DATA/Bruno/eclipse-workspace/mios32/trunk/FreeRTOS/Source/portable/GCC/ARM_CM3/port.o
                0x0000000008010ddc                vPortSetupTimerInterrupt
 .text.xPortStartScheduler
                0x0000000008010df4       0x30 project_build//Volumes/DATA/Bruno/eclipse-workspace/mios32/trunk/FreeRTOS/Source/portable/GCC/ARM_CM3/port.o
                0x0000000008010df4                xPortStartScheduler
 .text.prvInsertBlockIntoFreeList
                0x0000000008010e24       0x48 project_build//Volumes/DATA/Bruno/eclipse-workspace/mios32/trunk/FreeRTOS/Source/portable/MemMang/heap_4.o
 .text.pvPortMalloc
                0x0000000008010e6c      0x100 project_build//Volumes/DATA/Bruno/eclipse-workspace/mios32/trunk/FreeRTOS/Source/portable/MemMang/heap_4.o
                0x0000000008010e6c                pvPortMalloc
 .text.vPortFree
                0x0000000008010f6c       0x4c project_build//Volumes/DATA/Bruno/eclipse-workspace/mios32/trunk/FreeRTOS/Source/portable/MemMang/heap_4.o
                0x0000000008010f6c                vPortFree
 .text.Default_Handler
                0x0000000008010fb8        0x2 project_build//Volumes/DATA/Bruno/eclipse-workspace/mios32/trunk/programming_models/traditional/startup_stm32f4xx.o
                0x0000000008010fb8                DMA2_Stream6_IRQHandler
                0x0000000008010fb8                HASH_RNG_IRQHandler
                0x0000000008010fb8                EXTI2_IRQHandler
                0x0000000008010fb8                TIM8_CC_IRQHandler
                0x0000000008010fb8                DebugMon_Handler
                0x0000000008010fb8                TIM1_CC_IRQHandler
                0x0000000008010fb8                DMA2_Stream5_IRQHandler
                0x0000000008010fb8                DMA1_Stream5_IRQHandler
                0x0000000008010fb8                SysTick_Handler
                0x0000000008010fb8                PVD_IRQHandler
                0x0000000008010fb8                SDIO_IRQHandler
                0x0000000008010fb8                TAMP_STAMP_IRQHandler
                0x0000000008010fb8                PendSV_Handler
                0x0000000008010fb8                NMI_Handler
                0x0000000008010fb8                CAN2_RX1_IRQHandler
                0x0000000008010fb8                EXTI3_IRQHandler
                0x0000000008010fb8                TIM8_TRG_COM_TIM14_IRQHandler
                0x0000000008010fb8                TIM1_UP_TIM10_IRQHandler
                0x0000000008010fb8                TIM8_UP_TIM13_IRQHandler
                0x0000000008010fb8                I2C3_ER_IRQHandler
                0x0000000008010fb8                EXTI0_IRQHandler
                0x0000000008010fb8                CAN1_RX0_IRQHandler
                0x0000000008010fb8                FPU_IRQHandler
                0x0000000008010fb8                OTG_HS_WKUP_IRQHandler
                0x0000000008010fb8                UsageFault_Handler
                0x0000000008010fb8                CAN2_SCE_IRQHandler
                0x0000000008010fb8                SPI1_IRQHandler
                0x0000000008010fb8                TIM6_DAC_IRQHandler
                0x0000000008010fb8                TIM1_BRK_TIM9_IRQHandler
                0x0000000008010fb8                DCMI_IRQHandler
                0x0000000008010fb8                CAN2_RX0_IRQHandler
                0x0000000008010fb8                DMA2_Stream3_IRQHandler
                0x0000000008010fb8                USART6_IRQHandler
                0x0000000008010fb8                USART3_IRQHandler
                0x0000000008010fb8                CRYP_IRQHandler
                0x0000000008010fb8                CAN1_RX1_IRQHandler
                0x0000000008010fb8                UART5_IRQHandler
                0x0000000008010fb8                DMA2_Stream0_IRQHandler
                0x0000000008010fb8                TIM4_IRQHandler
                0x0000000008010fb8                DMA1_Stream6_IRQHandler
                0x0000000008010fb8                DMA1_Stream1_IRQHandler
                0x0000000008010fb8                RCC_IRQHandler
                0x0000000008010fb8                TIM8_BRK_TIM12_IRQHandler
                0x0000000008010fb8                Default_Handler
                0x0000000008010fb8                EXTI15_10_IRQHandler
                0x0000000008010fb8                ADC_IRQHandler
                0x0000000008010fb8                DMA1_Stream7_IRQHandler
                0x0000000008010fb8                TIM7_IRQHandler
                0x0000000008010fb8                CAN2_TX_IRQHandler
                0x0000000008010fb8                DMA2_Stream7_IRQHandler
                0x0000000008010fb8                I2C3_EV_IRQHandler
                0x0000000008010fb8                EXTI9_5_IRQHandler
                0x0000000008010fb8                RTC_WKUP_IRQHandler
                0x0000000008010fb8                ETH_WKUP_IRQHandler
                0x0000000008010fb8                SPI2_IRQHandler
                0x0000000008010fb8                OTG_HS_EP1_IN_IRQHandler
                0x0000000008010fb8                MemManage_Handler
                0x0000000008010fb8                DMA1_Stream0_IRQHandler
                0x0000000008010fb8                CAN1_TX_IRQHandler
                0x0000000008010fb8                SVC_Handler
                0x0000000008010fb8                EXTI4_IRQHandler
                0x0000000008010fb8                FSMC_IRQHandler
                0x0000000008010fb8                ETH_IRQHandler
                0x0000000008010fb8                OTG_HS_EP1_OUT_IRQHandler
                0x0000000008010fb8                WWDG_IRQHandler
                0x0000000008010fb8                OTG_FS_WKUP_IRQHandler
                0x0000000008010fb8                TIM1_TRG_COM_TIM11_IRQHandler
                0x0000000008010fb8                EXTI1_IRQHandler
                0x0000000008010fb8                DMA2_Stream1_IRQHandler
                0x0000000008010fb8                CAN1_SCE_IRQHandler
                0x0000000008010fb8                FLASH_IRQHandler
                0x0000000008010fb8                DMA2_Stream4_IRQHandler
                0x0000000008010fb8                BusFault_Handler
                0x0000000008010fb8                USART1_IRQHandler
                0x0000000008010fb8                SPI3_IRQHandler
                0x0000000008010fb8                DMA1_Stream4_IRQHandler
                0x0000000008010fb8                RTC_Alarm_IRQHandler
 *fill*         0x0000000008010fba        0x2 00
 .text.Reset_Handler
                0x0000000008010fbc       0x4c project_build//Volumes/DATA/Bruno/eclipse-workspace/mios32/trunk/programming_models/traditional/startup_stm32f4xx.o
                0x0000000008010fbc                Reset_Handler
 .text._init    0x0000000008011008        0x2 project_build//Volumes/DATA/Bruno/eclipse-workspace/mios32/trunk/programming_models/traditional/startup_stm32f4xx.o
                0x0000000008011008                _init
 *fill*         0x000000000801100a        0x2 00
 .text.MIOS32_SRIO_DMA_Callback
                0x000000000801100c       0xac project_build//Volumes/DATA/Bruno/eclipse-workspace/mios32/trunk/mios32/common/mios32_srio.o
 .text.MIOS32_SRIO_Init
                0x00000000080110b8       0x90 project_build//Volumes/DATA/Bruno/eclipse-workspace/mios32/trunk/mios32/common/mios32_srio.o
                0x00000000080110b8                MIOS32_SRIO_Init
 .text.MIOS32_SRIO_ScanNumGet
                0x0000000008011148        0xc project_build//Volumes/DATA/Bruno/eclipse-workspace/mios32/trunk/mios32/common/mios32_srio.o
                0x0000000008011148                MIOS32_SRIO_ScanNumGet
 .text.MIOS32_SRIO_DebounceStart
                0x0000000008011154       0x14 project_build//Volumes/DATA/Bruno/eclipse-workspace/mios32/trunk/mios32/common/mios32_srio.o
                0x0000000008011154                MIOS32_SRIO_DebounceStart
 .text.MIOS32_SRIO_ScanStart
                0x0000000008011168       0x78 project_build//Volumes/DATA/Bruno/eclipse-workspace/mios32/trunk/mios32/common/mios32_srio.o
                0x0000000008011168                MIOS32_SRIO_ScanStart
 .text.MIOS32_DIN_Init
                0x00000000080111e0       0x28 project_build//Volumes/DATA/Bruno/eclipse-workspace/mios32/trunk/mios32/common/mios32_din.o
                0x00000000080111e0                MIOS32_DIN_Init
 .text.MIOS32_DIN_SRChangedGetAndClear
                0x0000000008011208       0x30 project_build//Volumes/DATA/Bruno/eclipse-workspace/mios32/trunk/mios32/common/mios32_din.o
                0x0000000008011208                MIOS32_DIN_SRChangedGetAndClear
 .text.MIOS32_DIN_Handler
                0x0000000008011238       0x64 project_build//Volumes/DATA/Bruno/eclipse-workspace/mios32/trunk/mios32/common/mios32_din.o
                0x0000000008011238                MIOS32_DIN_Handler
 .text.MIOS32_DOUT_Init
                0x000000000801129c       0x1c project_build//Volumes/DATA/Bruno/eclipse-workspace/mios32/trunk/mios32/common/mios32_dout.o
                0x000000000801129c                MIOS32_DOUT_Init
 .text.MIOS32_ENC_Init
                0x00000000080112b8       0x6c project_build//Volumes/DATA/Bruno/eclipse-workspace/mios32/trunk/mios32/common/mios32_enc.o
                0x00000000080112b8                MIOS32_ENC_Init
 .text.MIOS32_ENC_UpdateStates
                0x0000000008011324      0x26c project_build//Volumes/DATA/Bruno/eclipse-workspace/mios32/trunk/mios32/common/mios32_enc.o
                0x0000000008011324                MIOS32_ENC_UpdateStates
 .text.MIOS32_ENC_Handler
                0x0000000008011590       0x44 project_build//Volumes/DATA/Bruno/eclipse-workspace/mios32/trunk/mios32/common/mios32_enc.o
                0x0000000008011590                MIOS32_ENC_Handler
 .text.MIOS32_LCD_ParametersFetchFromBslInfoRange
                0x00000000080115d4       0x64 project_build//Volumes/DATA/Bruno/eclipse-workspace/mios32/trunk/mios32/common/mios32_lcd.o
                0x00000000080115d4                MIOS32_LCD_ParametersFetchFromBslInfoRange
 .text.MIOS32_LCD_TypeIsGLCD
                0x0000000008011638       0x10 project_build//Volumes/DATA/Bruno/eclipse-workspace/mios32/trunk/mios32/common/mios32_lcd.o
                0x0000000008011638                MIOS32_LCD_TypeIsGLCD
 .text.MIOS32_LCD_DeviceSet
                0x0000000008011648        0xc project_build//Volumes/DATA/Bruno/eclipse-workspace/mios32/trunk/mios32/common/mios32_lcd.o
                0x0000000008011648                MIOS32_LCD_DeviceSet
 .text.MIOS32_LCD_CursorSet
                0x0000000008011654       0x44 project_build//Volumes/DATA/Bruno/eclipse-workspace/mios32/trunk/mios32/common/mios32_lcd.o
                0x0000000008011654                MIOS32_LCD_CursorSet
 .text.MIOS32_LCD_GCursorSet
                0x0000000008011698       0x14 project_build//Volumes/DATA/Bruno/eclipse-workspace/mios32/trunk/mios32/common/mios32_lcd.o
                0x0000000008011698                MIOS32_LCD_GCursorSet
 .text.MIOS32_LCD_CursorMapSet
                0x00000000080116ac       0x18 project_build//Volumes/DATA/Bruno/eclipse-workspace/mios32/trunk/mios32/common/mios32_lcd.o
                0x00000000080116ac                MIOS32_LCD_CursorMapSet
 .text.MIOS32_LCD_FontInit
                0x00000000080116c4       0x24 project_build//Volumes/DATA/Bruno/eclipse-workspace/mios32/trunk/mios32/common/mios32_lcd.o
                0x00000000080116c4                MIOS32_LCD_FontInit
 .text.MIOS32_LCD_Clear
                0x00000000080116e8        0x4 project_build//Volumes/DATA/Bruno/eclipse-workspace/mios32/trunk/mios32/common/mios32_lcd.o
                0x00000000080116e8                MIOS32_LCD_Clear
 .text.MIOS32_LCD_Init
                0x00000000080116ec       0x54 project_build//Volumes/DATA/Bruno/eclipse-workspace/mios32/trunk/mios32/common/mios32_lcd.o
                0x00000000080116ec                MIOS32_LCD_Init
 .text.MIOS32_LCD_PrintChar
                0x0000000008011740       0x64 project_build//Volumes/DATA/Bruno/eclipse-workspace/mios32/trunk/mios32/common/mios32_lcd.o
                0x0000000008011740                MIOS32_LCD_PrintChar
 .text.MIOS32_LCD_PrintString
                0x00000000080117a4       0x18 project_build//Volumes/DATA/Bruno/eclipse-workspace/mios32/trunk/mios32/common/mios32_lcd.o
                0x00000000080117a4                MIOS32_LCD_PrintString
 .text.MIOS32_LCD_PrintBootMessage
                0x00000000080117bc       0x3c project_build//Volumes/DATA/Bruno/eclipse-workspace/mios32/trunk/mios32/common/mios32_lcd.o
                0x00000000080117bc                MIOS32_LCD_PrintBootMessage
 .text.MIOS32_LCD_PrintFormattedString
                0x00000000080117f8       0x24 project_build//Volumes/DATA/Bruno/eclipse-workspace/mios32/trunk/mios32/common/mios32_lcd.o
                0x00000000080117f8                MIOS32_LCD_PrintFormattedString
 .text.MIOS32_LCD_BColourSet
                0x000000000801181c        0x4 project_build//Volumes/DATA/Bruno/eclipse-workspace/mios32/trunk/mios32/common/mios32_lcd.o
                0x000000000801181c                MIOS32_LCD_BColourSet
 .text.MIOS32_LCD_FColourSet
                0x0000000008011820        0x4 project_build//Volumes/DATA/Bruno/eclipse-workspace/mios32/trunk/mios32/common/mios32_lcd.o
                0x0000000008011820                MIOS32_LCD_FColourSet
 .text.MIOS32_MIDI_Init
                0x0000000008011824       0xd8 project_build//Volumes/DATA/Bruno/eclipse-workspace/mios32/trunk/mios32/common/mios32_midi.o
                0x0000000008011824                MIOS32_MIDI_Init
 .text.MIOS32_MIDI_SendPackage
                0x00000000080118fc       0x9c project_build//Volumes/DATA/Bruno/eclipse-workspace/mios32/trunk/mios32/common/mios32_midi.o
                0x00000000080118fc                MIOS32_MIDI_SendPackage
 .text.MIOS32_MIDI_SendSpecialEvent
                0x0000000008011998       0x20 project_build//Volumes/DATA/Bruno/eclipse-workspace/mios32/trunk/mios32/common/mios32_midi.o
                0x0000000008011998                MIOS32_MIDI_SendSpecialEvent
 .text.MIOS32_MIDI_SendActiveSense
                0x00000000080119b8       0x10 project_build//Volumes/DATA/Bruno/eclipse-workspace/mios32/trunk/mios32/common/mios32_midi.o
                0x00000000080119b8                MIOS32_MIDI_SendActiveSense
 .text.MIOS32_MIDI_SendSysEx
                0x00000000080119c8       0x82 project_build//Volumes/DATA/Bruno/eclipse-workspace/mios32/trunk/mios32/common/mios32_midi.o
                0x00000000080119c8                MIOS32_MIDI_SendSysEx
 *fill*         0x0000000008011a4a        0x2 00
 .text.MIOS32_MIDI_SYSEX_SendAckStr
                0x0000000008011a4c       0x5c project_build//Volumes/DATA/Bruno/eclipse-workspace/mios32/trunk/mios32/common/mios32_midi.o
 .text.MIOS32_MIDI_SYSEX_SendAck
                0x0000000008011aa8       0x48 project_build//Volumes/DATA/Bruno/eclipse-workspace/mios32/trunk/mios32/common/mios32_midi.o
 .text.MIOS32_MIDI_SendDebugStringHeader
                0x0000000008011af0       0x68 project_build//Volumes/DATA/Bruno/eclipse-workspace/mios32/trunk/mios32/common/mios32_midi.o
                0x0000000008011af0                MIOS32_MIDI_SendDebugStringHeader
 .text.MIOS32_MIDI_SendDebugStringBody
                0x0000000008011b58       0x6a project_build//Volumes/DATA/Bruno/eclipse-workspace/mios32/trunk/mios32/common/mios32_midi.o
                0x0000000008011b58                MIOS32_MIDI_SendDebugStringBody
 .text.MIOS32_MIDI_SendDebugStringFooter
                0x0000000008011bc2       0x1a project_build//Volumes/DATA/Bruno/eclipse-workspace/mios32/trunk/mios32/common/mios32_midi.o
                0x0000000008011bc2                MIOS32_MIDI_SendDebugStringFooter
 .text.MIOS32_MIDI_SendDebugString
                0x0000000008011bdc       0x38 project_build//Volumes/DATA/Bruno/eclipse-workspace/mios32/trunk/mios32/common/mios32_midi.o
                0x0000000008011bdc                MIOS32_MIDI_SendDebugString
 .text.MIOS32_MIDI_SendDebugMessage
                0x0000000008011c14       0x50 project_build//Volumes/DATA/Bruno/eclipse-workspace/mios32/trunk/mios32/common/mios32_midi.o
                0x0000000008011c14                MIOS32_MIDI_SendDebugMessage
 .text.MIOS32_MIDI_TimeOut
                0x0000000008011c64       0x50 project_build//Volumes/DATA/Bruno/eclipse-workspace/mios32/trunk/mios32/common/mios32_midi.o
 .text.MIOS32_MIDI_Periodic_mS
                0x0000000008011cb4       0x34 project_build//Volumes/DATA/Bruno/eclipse-workspace/mios32/trunk/mios32/common/mios32_midi.o
                0x0000000008011cb4                MIOS32_MIDI_Periodic_mS
 .text.MIOS32_MIDI_SendByteToRxCallback
                0x0000000008011ce8       0x14 project_build//Volumes/DATA/Bruno/eclipse-workspace/mios32/trunk/mios32/common/mios32_midi.o
                0x0000000008011ce8                MIOS32_MIDI_SendByteToRxCallback
 .text.MIOS32_MIDI_SendPackageToRxCallback
                0x0000000008011cfc       0x50 project_build//Volumes/DATA/Bruno/eclipse-workspace/mios32/trunk/mios32/common/mios32_midi.o
                0x0000000008011cfc                MIOS32_MIDI_SendPackageToRxCallback
 .text.MIOS32_MIDI_DebugPortSet
                0x0000000008011d4c       0x18 project_build//Volumes/DATA/Bruno/eclipse-workspace/mios32/trunk/mios32/common/mios32_midi.o
                0x0000000008011d4c                MIOS32_MIDI_DebugPortSet
 .text.MIOS32_MIDI_SYSEX_Cmd
                0x0000000008011d64      0x1d8 project_build//Volumes/DATA/Bruno/eclipse-workspace/mios32/trunk/mios32/common/mios32_midi.o
 .text.MIOS32_MIDI_SYSEX_Parser
                0x0000000008011f3c       0xd8 project_build//Volumes/DATA/Bruno/eclipse-workspace/mios32/trunk/mios32/common/mios32_midi.o
 .text.MIOS32_MIDI_ReceivePackage
                0x0000000008012014      0x228 project_build//Volumes/DATA/Bruno/eclipse-workspace/mios32/trunk/mios32/common/mios32_midi.o
                0x0000000008012014                MIOS32_MIDI_ReceivePackage
 .text.MIOS32_MIDI_Receive_Handler
                0x000000000801223c      0x138 project_build//Volumes/DATA/Bruno/eclipse-workspace/mios32/trunk/mios32/common/mios32_midi.o
                0x000000000801223c                MIOS32_MIDI_Receive_Handler
 .text.MIOS32_MIDI_DebugPortGet
                0x0000000008012374        0xc project_build//Volumes/DATA/Bruno/eclipse-workspace/mios32/trunk/mios32/common/mios32_midi.o
                0x0000000008012374                MIOS32_MIDI_DebugPortGet
 .text.MIOS32_MIDI_DebugCommandCallback_Init
                0x0000000008012380        0xc project_build//Volumes/DATA/Bruno/eclipse-workspace/mios32/trunk/mios32/common/mios32_midi.o
                0x0000000008012380                MIOS32_MIDI_DebugCommandCallback_Init
 .text.MIOS32_OSC_Init
                0x000000000801238c        0xc project_build//Volumes/DATA/Bruno/eclipse-workspace/mios32/trunk/mios32/common/mios32_osc.o
                0x000000000801238c                MIOS32_OSC_Init
 .text.MIOS32_COM_Init
                0x0000000008012398       0x24 project_build//Volumes/DATA/Bruno/eclipse-workspace/mios32/trunk/mios32/common/mios32_com.o
                0x0000000008012398                MIOS32_COM_Init
 .text.MIOS32_COM_SendBuffer
                0x00000000080123bc       0x2c project_build//Volumes/DATA/Bruno/eclipse-workspace/mios32/trunk/mios32/common/mios32_com.o
                0x00000000080123bc                MIOS32_COM_SendBuffer
 .text.MIOS32_COM_SendChar
                0x00000000080123e8       0x12 project_build//Volumes/DATA/Bruno/eclipse-workspace/mios32/trunk/mios32/common/mios32_com.o
                0x00000000080123e8                MIOS32_COM_SendChar
 *fill*         0x00000000080123fa        0x2 00
 .text.MIOS32_COM_Receive_Handler
                0x00000000080123fc       0xa8 project_build//Volumes/DATA/Bruno/eclipse-workspace/mios32/trunk/mios32/common/mios32_com.o
                0x00000000080123fc                MIOS32_COM_Receive_Handler
 .text.MIOS32_UART_MIDI_CheckAvailable
                0x00000000080124a4       0x10 project_build//Volumes/DATA/Bruno/eclipse-workspace/mios32/trunk/mios32/common/mios32_uart_midi.o
                0x00000000080124a4                MIOS32_UART_MIDI_CheckAvailable
 .text.MIOS32_UART_MIDI_RS_Reset
                0x00000000080124b4       0x30 project_build//Volumes/DATA/Bruno/eclipse-workspace/mios32/trunk/mios32/common/mios32_uart_midi.o
                0x00000000080124b4                MIOS32_UART_MIDI_RS_Reset
 .text.MIOS32_UART_MIDI_Init
                0x00000000080124e4       0x5c project_build//Volumes/DATA/Bruno/eclipse-workspace/mios32/trunk/mios32/common/mios32_uart_midi.o
                0x00000000080124e4                MIOS32_UART_MIDI_Init
 .text.MIOS32_UART_MIDI_Periodic_mS
                0x0000000008012540       0x3c project_build//Volumes/DATA/Bruno/eclipse-workspace/mios32/trunk/mios32/common/mios32_uart_midi.o
                0x0000000008012540                MIOS32_UART_MIDI_Periodic_mS
 .text.MIOS32_UART_MIDI_PackageSend_NonBlocking
                0x000000000801257c       0xc4 project_build//Volumes/DATA/Bruno/eclipse-workspace/mios32/trunk/mios32/common/mios32_uart_midi.o
                0x000000000801257c                MIOS32_UART_MIDI_PackageSend_NonBlocking
 .text.MIOS32_UART_MIDI_PackageSend
                0x0000000008012640       0x14 project_build//Volumes/DATA/Bruno/eclipse-workspace/mios32/trunk/mios32/common/mios32_uart_midi.o
                0x0000000008012640                MIOS32_UART_MIDI_PackageSend
 .text.MIOS32_UART_MIDI_PackageReceive
                0x0000000008012654      0x1b4 project_build//Volumes/DATA/Bruno/eclipse-workspace/mios32/trunk/mios32/common/mios32_uart_midi.o
                0x0000000008012654                MIOS32_UART_MIDI_PackageReceive
 .text.MIOS32_SPI_MIDI_Init
                0x0000000008012808        0x6 project_build//Volumes/DATA/Bruno/eclipse-workspace/mios32/trunk/mios32/common/mios32_spi_midi.o
                0x0000000008012808                MIOS32_SPI_MIDI_Init
 .text.MIOS32_SPI_MIDI_Periodic_mS
                0x000000000801280e        0x4 project_build//Volumes/DATA/Bruno/eclipse-workspace/mios32/trunk/mios32/common/mios32_spi_midi.o
                0x000000000801280e                MIOS32_SPI_MIDI_Periodic_mS
 .text.MIOS32_SPI_MIDI_PackageSend
                0x0000000008012812        0x6 project_build//Volumes/DATA/Bruno/eclipse-workspace/mios32/trunk/mios32/common/mios32_spi_midi.o
                0x0000000008012812                MIOS32_SPI_MIDI_PackageSend
 .text.MIOS32_SPI_MIDI_PackageReceive
                0x0000000008012818        0x6 project_build//Volumes/DATA/Bruno/eclipse-workspace/mios32/trunk/mios32/common/mios32_spi_midi.o
                0x0000000008012818                MIOS32_SPI_MIDI_PackageReceive
 .text.MIOS32_IIC_MIDI_Init
                0x000000000801281e        0x6 project_build//Volumes/DATA/Bruno/eclipse-workspace/mios32/trunk/mios32/common/mios32_iic_midi.o
                0x000000000801281e                MIOS32_IIC_MIDI_Init
 .text.MIOS32_IIC_MIDI_Periodic_mS
                0x0000000008012824        0x4 project_build//Volumes/DATA/Bruno/eclipse-workspace/mios32/trunk/mios32/common/mios32_iic_midi.o
                0x0000000008012824                MIOS32_IIC_MIDI_Periodic_mS
 .text.MIOS32_IIC_MIDI_PackageSend
                0x0000000008012828        0x6 project_build//Volumes/DATA/Bruno/eclipse-workspace/mios32/trunk/mios32/common/mios32_iic_midi.o
                0x0000000008012828                MIOS32_IIC_MIDI_PackageSend
 .text.MIOS32_IIC_BS_Init
                0x000000000801282e        0x6 project_build//Volumes/DATA/Bruno/eclipse-workspace/mios32/trunk/mios32/common/mios32_iic_bs.o
                0x000000000801282e                MIOS32_IIC_BS_Init
 .text.MIOS32_MF_Init
                0x0000000008012834        0x6 project_build//Volumes/DATA/Bruno/eclipse-workspace/mios32/trunk/mios32/common/mios32_mf.o
                0x0000000008012834                MIOS32_MF_Init
 *fill*         0x000000000801283a        0x2 00
 .text.MIOS32_TIMESTAMP_Init
                0x000000000801283c       0x14 project_build//Volumes/DATA/Bruno/eclipse-workspace/mios32/trunk/mios32/common/mios32_timestamp.o
                0x000000000801283c                MIOS32_TIMESTAMP_Init
 .text.MIOS32_TIMESTAMP_Inc
                0x0000000008012850       0x10 project_build//Volumes/DATA/Bruno/eclipse-workspace/mios32/trunk/mios32/common/mios32_timestamp.o
                0x0000000008012850                MIOS32_TIMESTAMP_Inc
 .text.MIOS32_TIMESTAMP_Get
                0x0000000008012860        0xc project_build//Volumes/DATA/Bruno/eclipse-workspace/mios32/trunk/mios32/common/mios32_timestamp.o
                0x0000000008012860                MIOS32_TIMESTAMP_Get
 .text.MIOS32_SYS_Reset
                0x000000000801286c       0xac project_build//Volumes/DATA/Bruno/eclipse-workspace/mios32/trunk/mios32/STM32F4xx/mios32_sys.o
                0x000000000801286c                MIOS32_SYS_Reset
 .text.MIOS32_SYS_ChipIDGet
                0x0000000008012918        0xc project_build//Volumes/DATA/Bruno/eclipse-workspace/mios32/trunk/mios32/STM32F4xx/mios32_sys.o
                0x0000000008012918                MIOS32_SYS_ChipIDGet
 .text.MIOS32_SYS_FlashSizeGet
                0x0000000008012924       0x10 project_build//Volumes/DATA/Bruno/eclipse-workspace/mios32/trunk/mios32/STM32F4xx/mios32_sys.o
                0x0000000008012924                MIOS32_SYS_FlashSizeGet
 .text.MIOS32_SYS_RAMSizeGet
                0x0000000008012934        0x6 project_build//Volumes/DATA/Bruno/eclipse-workspace/mios32/trunk/mios32/STM32F4xx/mios32_sys.o
                0x0000000008012934                MIOS32_SYS_RAMSizeGet
 *fill*         0x000000000801293a        0x2 00
 .text.MIOS32_SYS_SerialNumberGet
                0x000000000801293c       0x34 project_build//Volumes/DATA/Bruno/eclipse-workspace/mios32/trunk/mios32/STM32F4xx/mios32_sys.o
                0x000000000801293c                MIOS32_SYS_SerialNumberGet
 .text.MIOS32_SYS_TimeSet
                0x0000000008012970       0x7c project_build//Volumes/DATA/Bruno/eclipse-workspace/mios32/trunk/mios32/STM32F4xx/mios32_sys.o
                0x0000000008012970                MIOS32_SYS_TimeSet
 .text.MIOS32_SYS_Init
                0x00000000080129ec      0x130 project_build//Volumes/DATA/Bruno/eclipse-workspace/mios32/trunk/mios32/STM32F4xx/mios32_sys.o
                0x00000000080129ec                MIOS32_SYS_Init
 .text.MIOS32_IRQ_Disable
                0x0000000008012b1c       0x28 project_build//Volumes/DATA/Bruno/eclipse-workspace/mios32/trunk/mios32/STM32F4xx/mios32_irq.o
                0x0000000008012b1c                MIOS32_IRQ_Disable
 .text.MIOS32_IRQ_Enable
                0x0000000008012b44       0x28 project_build//Volumes/DATA/Bruno/eclipse-workspace/mios32/trunk/mios32/STM32F4xx/mios32_irq.o
                0x0000000008012b44                MIOS32_IRQ_Enable
 .text.MIOS32_IRQ_Install
                0x0000000008012b6c       0x4c project_build//Volumes/DATA/Bruno/eclipse-workspace/mios32/trunk/mios32/STM32F4xx/mios32_irq.o
                0x0000000008012b6c                MIOS32_IRQ_Install
 .text.MIOS32_SPI_IO_Init
                0x0000000008012bb8      0x244 project_build//Volumes/DATA/Bruno/eclipse-workspace/mios32/trunk/mios32/STM32F4xx/mios32_spi.o
                0x0000000008012bb8                MIOS32_SPI_IO_Init
 .text.MIOS32_SPI_RC_PinSet
                0x0000000008012dfc       0x70 project_build//Volumes/DATA/Bruno/eclipse-workspace/mios32/trunk/mios32/STM32F4xx/mios32_spi.o
                0x0000000008012dfc                MIOS32_SPI_RC_PinSet
 .text.MIOS32_SPI_TransferByte
                0x0000000008012e6c       0x4c project_build//Volumes/DATA/Bruno/eclipse-workspace/mios32/trunk/mios32/STM32F4xx/mios32_spi.o
                0x0000000008012e6c                MIOS32_SPI_TransferByte
 .text.MIOS32_SPI_TransferModeInit
                0x0000000008012eb8      0x118 project_build//Volumes/DATA/Bruno/eclipse-workspace/mios32/trunk/mios32/STM32F4xx/mios32_spi.o
                0x0000000008012eb8                MIOS32_SPI_TransferModeInit
 .text.MIOS32_SPI_Init
                0x0000000008012fd0      0x25c project_build//Volumes/DATA/Bruno/eclipse-workspace/mios32/trunk/mios32/STM32F4xx/mios32_spi.o
                0x0000000008012fd0                MIOS32_SPI_Init
 .text.MIOS32_SPI_TransferBlock
                0x000000000801322c      0x128 project_build//Volumes/DATA/Bruno/eclipse-workspace/mios32/trunk/mios32/STM32F4xx/mios32_spi.o
                0x000000000801322c                MIOS32_SPI_TransferBlock
 .text.DMA2_Stream2_IRQHandler
                0x0000000008013354       0x20 project_build//Volumes/DATA/Bruno/eclipse-workspace/mios32/trunk/mios32/STM32F4xx/mios32_spi.o
                0x0000000008013354                DMA2_Stream2_IRQHandler
 .text.DMA1_Stream3_IRQHandler
                0x0000000008013374       0x20 project_build//Volumes/DATA/Bruno/eclipse-workspace/mios32/trunk/mios32/STM32F4xx/mios32_spi.o
                0x0000000008013374                DMA1_Stream3_IRQHandler
 .text.DMA1_Stream2_IRQHandler
                0x0000000008013394       0x20 project_build//Volumes/DATA/Bruno/eclipse-workspace/mios32/trunk/mios32/STM32F4xx/mios32_spi.o
                0x0000000008013394                DMA1_Stream2_IRQHandler
 .text.MIOS32_BOARD_PinInitHlp
                0x00000000080133b4       0x74 project_build//Volumes/DATA/Bruno/eclipse-workspace/mios32/trunk/mios32/STM32F4xx/mios32_board.o
 .text.MIOS32_BOARD_Init
                0x0000000008013428       0x1c project_build//Volumes/DATA/Bruno/eclipse-workspace/mios32/trunk/mios32/STM32F4xx/mios32_board.o
                0x0000000008013428                MIOS32_BOARD_Init
 .text.MIOS32_BOARD_LED_Init
                0x0000000008013444       0x34 project_build//Volumes/DATA/Bruno/eclipse-workspace/mios32/trunk/mios32/STM32F4xx/mios32_board.o
                0x0000000008013444                MIOS32_BOARD_LED_Init
 .text.MIOS32_BOARD_LED_Set
                0x0000000008013478       0x3c project_build//Volumes/DATA/Bruno/eclipse-workspace/mios32/trunk/mios32/STM32F4xx/mios32_board.o
                0x0000000008013478                MIOS32_BOARD_LED_Set
 .text.MIOS32_BOARD_LED_Get
                0x00000000080134b4       0x18 project_build//Volumes/DATA/Bruno/eclipse-workspace/mios32/trunk/mios32/STM32F4xx/mios32_board.o
                0x00000000080134b4                MIOS32_BOARD_LED_Get
 .text.MIOS32_BOARD_J5_PinInit
                0x00000000080134cc       0x48 project_build//Volumes/DATA/Bruno/eclipse-workspace/mios32/trunk/mios32/STM32F4xx/mios32_board.o
                0x00000000080134cc                MIOS32_BOARD_J5_PinInit
 .text.MIOS32_BOARD_J5_PinSet
                0x0000000008013514       0x44 project_build//Volumes/DATA/Bruno/eclipse-workspace/mios32/trunk/mios32/STM32F4xx/mios32_board.o
                0x0000000008013514                MIOS32_BOARD_J5_PinSet
 .text.MIOS32_BOARD_J10_PinInit
                0x0000000008013558        0x6 project_build//Volumes/DATA/Bruno/eclipse-workspace/mios32/trunk/mios32/STM32F4xx/mios32_board.o
                0x0000000008013558                MIOS32_BOARD_J10_PinInit
 .text.MIOS32_BOARD_J10_PinSet
                0x000000000801355e        0x6 project_build//Volumes/DATA/Bruno/eclipse-workspace/mios32/trunk/mios32/STM32F4xx/mios32_board.o
                0x000000000801355e                MIOS32_BOARD_J10_PinSet
 .text.MIOS32_BOARD_J15_PortInit
                0x0000000008013564       0x88 project_build//Volumes/DATA/Bruno/eclipse-workspace/mios32/trunk/mios32/STM32F4xx/mios32_board.o
                0x0000000008013564                MIOS32_BOARD_J15_PortInit
 .text.MIOS32_BOARD_J15_DataSet
                0x00000000080135ec       0x2c project_build//Volumes/DATA/Bruno/eclipse-workspace/mios32/trunk/mios32/STM32F4xx/mios32_board.o
                0x00000000080135ec                MIOS32_BOARD_J15_DataSet
 .text.MIOS32_BOARD_J15_SerDataShift
                0x0000000008013618       0x4c project_build//Volumes/DATA/Bruno/eclipse-workspace/mios32/trunk/mios32/STM32F4xx/mios32_board.o
                0x0000000008013618                MIOS32_BOARD_J15_SerDataShift
 .text.MIOS32_BOARD_J15_RS_Set
                0x0000000008013664       0x14 project_build//Volumes/DATA/Bruno/eclipse-workspace/mios32/trunk/mios32/STM32F4xx/mios32_board.o
                0x0000000008013664                MIOS32_BOARD_J15_RS_Set
 .text.MIOS32_BOARD_J15_RW_Set
                0x0000000008013678       0x18 project_build//Volumes/DATA/Bruno/eclipse-workspace/mios32/trunk/mios32/STM32F4xx/mios32_board.o
                0x0000000008013678                MIOS32_BOARD_J15_RW_Set
 .text.MIOS32_BOARD_J15_E_Set
                0x0000000008013690        0x6 project_build//Volumes/DATA/Bruno/eclipse-workspace/mios32/trunk/mios32/STM32F4xx/mios32_board.o
                0x0000000008013690                MIOS32_BOARD_J15_E_Set
 .text.MIOS32_BOARD_J15_GetD7In
                0x0000000008013696        0x6 project_build//Volumes/DATA/Bruno/eclipse-workspace/mios32/trunk/mios32/STM32F4xx/mios32_board.o
                0x0000000008013696                MIOS32_BOARD_J15_GetD7In
 .text.MIOS32_BOARD_J15_D7InPullUpEnable
                0x000000000801369c        0x6 project_build//Volumes/DATA/Bruno/eclipse-workspace/mios32/trunk/mios32/STM32F4xx/mios32_board.o
                0x000000000801369c                MIOS32_BOARD_J15_D7InPullUpEnable
 .text.MIOS32_BOARD_J15_PollUnbusy
                0x00000000080136a2        0x6 project_build//Volumes/DATA/Bruno/eclipse-workspace/mios32/trunk/mios32/STM32F4xx/mios32_board.o
                0x00000000080136a2                MIOS32_BOARD_J15_PollUnbusy
 .text.MIOS32_TIMER_Init
                0x00000000080136a8       0xb0 project_build//Volumes/DATA/Bruno/eclipse-workspace/mios32/trunk/mios32/STM32F4xx/mios32_timer.o
                0x00000000080136a8                MIOS32_TIMER_Init
 .text.TIM2_IRQHandler
                0x0000000008013758       0x24 project_build//Volumes/DATA/Bruno/eclipse-workspace/mios32/trunk/mios32/STM32F4xx/mios32_timer.o
                0x0000000008013758                TIM2_IRQHandler
 .text.TIM3_IRQHandler
                0x000000000801377c       0x24 project_build//Volumes/DATA/Bruno/eclipse-workspace/mios32/trunk/mios32/STM32F4xx/mios32_timer.o
                0x000000000801377c                TIM3_IRQHandler
 .text.TIM5_IRQHandler
                0x00000000080137a0       0x24 project_build//Volumes/DATA/Bruno/eclipse-workspace/mios32/trunk/mios32/STM32F4xx/mios32_timer.o
                0x00000000080137a0                TIM5_IRQHandler
 .text.MIOS32_DELAY_Init
                0x00000000080137c4       0x44 project_build//Volumes/DATA/Bruno/eclipse-workspace/mios32/trunk/mios32/STM32F4xx/mios32_delay.o
                0x00000000080137c4                MIOS32_DELAY_Init
 .text.MIOS32_DELAY_Wait_uS
                0x0000000008013808       0x18 project_build//Volumes/DATA/Bruno/eclipse-workspace/mios32/trunk/mios32/STM32F4xx/mios32_delay.o
                0x0000000008013808                MIOS32_DELAY_Wait_uS
 .text.MIOS32_AIN_Init
                0x0000000008013820        0x6 project_build//Volumes/DATA/Bruno/eclipse-workspace/mios32/trunk/mios32/STM32F4xx/mios32_ain.o
                0x0000000008013820                MIOS32_AIN_Init
 .text.MIOS32_AIN_Handler
                0x0000000008013826        0x6 project_build//Volumes/DATA/Bruno/eclipse-workspace/mios32/trunk/mios32/STM32F4xx/mios32_ain.o
                0x0000000008013826                MIOS32_AIN_Handler
 .text.USBD_USR_DeviceDescriptor
                0x000000000801382c        0xc project_build//Volumes/DATA/Bruno/eclipse-workspace/mios32/trunk/mios32/STM32F4xx/mios32_usb.o
 .text.USBD_USR_LangIDStrDescriptor
                0x0000000008013838        0xc project_build//Volumes/DATA/Bruno/eclipse-workspace/mios32/trunk/mios32/STM32F4xx/mios32_usb.o
 .text.USBD_USR_Init
                0x0000000008013844        0x2 project_build//Volumes/DATA/Bruno/eclipse-workspace/mios32/trunk/mios32/STM32F4xx/mios32_usb.o
 .text.USBD_USR_DeviceReset
                0x0000000008013846        0x2 project_build//Volumes/DATA/Bruno/eclipse-workspace/mios32/trunk/mios32/STM32F4xx/mios32_usb.o
 .text.USBD_USR_DeviceConnected
                0x0000000008013848        0x2 project_build//Volumes/DATA/Bruno/eclipse-workspace/mios32/trunk/mios32/STM32F4xx/mios32_usb.o
 .text.USBD_USR_DeviceSuspended
                0x000000000801384a        0x2 project_build//Volumes/DATA/Bruno/eclipse-workspace/mios32/trunk/mios32/STM32F4xx/mios32_usb.o
 .text.USBD_USR_DeviceResumed
                0x000000000801384c        0x2 project_build//Volumes/DATA/Bruno/eclipse-workspace/mios32/trunk/mios32/STM32F4xx/mios32_usb.o
 .text.USBH_HID_USR_UserInput
                0x000000000801384e        0x4 project_build//Volumes/DATA/Bruno/eclipse-workspace/mios32/trunk/mios32/STM32F4xx/mios32_usb.o
 .text.USBH_HID_USR_DeInit
                0x0000000008013852        0x2 project_build//Volumes/DATA/Bruno/eclipse-workspace/mios32/trunk/mios32/STM32F4xx/mios32_usb.o
                0x0000000008013852                USBH_HID_USR_DeInit
 .text.USBH_USR_Init
                0x0000000008013854        0x2 project_build//Volumes/DATA/Bruno/eclipse-workspace/mios32/trunk/mios32/STM32F4xx/mios32_usb.o
 .text.USBH_USR_DeviceAttached
                0x0000000008013856        0x2 project_build//Volumes/DATA/Bruno/eclipse-workspace/mios32/trunk/mios32/STM32F4xx/mios32_usb.o
 .text.USBH_USR_UnrecoveredError
                0x0000000008013858        0x2 project_build//Volumes/DATA/Bruno/eclipse-workspace/mios32/trunk/mios32/STM32F4xx/mios32_usb.o
 .text.USBH_USR_ResetDevice
                0x000000000801385a        0x2 project_build//Volumes/DATA/Bruno/eclipse-workspace/mios32/trunk/mios32/STM32F4xx/mios32_usb.o
 .text.USBH_USR_DeviceSpeedDetected
                0x000000000801385c        0x2 project_build//Volumes/DATA/Bruno/eclipse-workspace/mios32/trunk/mios32/STM32F4xx/mios32_usb.o
 .text.USBH_USR_Device_DescAvailable
                0x000000000801385e        0x2 project_build//Volumes/DATA/Bruno/eclipse-workspace/mios32/trunk/mios32/STM32F4xx/mios32_usb.o
 .text.USBH_USR_DeviceAddressAssigned
                0x0000000008013860        0x2 project_build//Volumes/DATA/Bruno/eclipse-workspace/mios32/trunk/mios32/STM32F4xx/mios32_usb.o
 .text.USBH_USR_Configuration_DescAvailable
                0x0000000008013862        0x2 project_build//Volumes/DATA/Bruno/eclipse-workspace/mios32/trunk/mios32/STM32F4xx/mios32_usb.o
 .text.USBH_USR_Manufacturer_String
                0x0000000008013864        0x2 project_build//Volumes/DATA/Bruno/eclipse-workspace/mios32/trunk/mios32/STM32F4xx/mios32_usb.o
 .text.USBH_USR_Product_String
                0x0000000008013866        0x2 project_build//Volumes/DATA/Bruno/eclipse-workspace/mios32/trunk/mios32/STM32F4xx/mios32_usb.o
 .text.USBH_USR_SerialNum_String
                0x0000000008013868        0x2 project_build//Volumes/DATA/Bruno/eclipse-workspace/mios32/trunk/mios32/STM32F4xx/mios32_usb.o
 .text.USBH_USR_EnumerationDone
                0x000000000801386a        0x2 project_build//Volumes/DATA/Bruno/eclipse-workspace/mios32/trunk/mios32/STM32F4xx/mios32_usb.o
 .text.USBH_USR_DeviceNotSupported
                0x000000000801386c        0x2 project_build//Volumes/DATA/Bruno/eclipse-workspace/mios32/trunk/mios32/STM32F4xx/mios32_usb.o
 .text.USBH_USR_UserInput
                0x000000000801386e        0x4 project_build//Volumes/DATA/Bruno/eclipse-workspace/mios32/trunk/mios32/STM32F4xx/mios32_usb.o
 .text.USBH_USR_OverCurrentDetected
                0x0000000008013872        0x2 project_build//Volumes/DATA/Bruno/eclipse-workspace/mios32/trunk/mios32/STM32F4xx/mios32_usb.o
 .text.USBH_USR_Application
                0x0000000008013874        0x4 project_build//Volumes/DATA/Bruno/eclipse-workspace/mios32/trunk/mios32/STM32F4xx/mios32_usb.o
 .text.USBH_USR_DeInit
                0x0000000008013878        0x2 project_build//Volumes/DATA/Bruno/eclipse-workspace/mios32/trunk/mios32/STM32F4xx/mios32_usb.o
 .text.MIOS32_USB_CLASS_Setup
                0x000000000801387a        0x4 project_build//Volumes/DATA/Bruno/eclipse-workspace/mios32/trunk/mios32/STM32F4xx/mios32_usb.o
 .text.MIOS32_USB_CLASS_EP0_RxReady
                0x000000000801387e        0x4 project_build//Volumes/DATA/Bruno/eclipse-workspace/mios32/trunk/mios32/STM32F4xx/mios32_usb.o
 *fill*         0x0000000008013882        0x2 00
 .text.USBH_InterfaceDeInit
                0x0000000008013884       0x5c project_build//Volumes/DATA/Bruno/eclipse-workspace/mios32/trunk/mios32/STM32F4xx/mios32_usb.o
 .text.USBH_InterfaceInit
                0x00000000080138e0       0xb4 project_build//Volumes/DATA/Bruno/eclipse-workspace/mios32/trunk/mios32/STM32F4xx/mios32_usb.o
 .text.USBH_HID_USR_UnrecoveredError
                0x0000000008013994        0xc project_build//Volumes/DATA/Bruno/eclipse-workspace/mios32/trunk/mios32/STM32F4xx/mios32_usb.o
 .text.USBH_HID_USR_DeviceNotSupported
                0x00000000080139a0        0xc project_build//Volumes/DATA/Bruno/eclipse-workspace/mios32/trunk/mios32/STM32F4xx/mios32_usb.o
 .text.USBH_HID_USR_EnumerationDone
                0x00000000080139ac        0xc project_build//Volumes/DATA/Bruno/eclipse-workspace/mios32/trunk/mios32/STM32F4xx/mios32_usb.o
 .text.USBH_HID_USR_SerialNum_String
                0x00000000080139b8        0xc project_build//Volumes/DATA/Bruno/eclipse-workspace/mios32/trunk/mios32/STM32F4xx/mios32_usb.o
 .text.USBH_HID_USR_Product_String
                0x00000000080139c4        0xc project_build//Volumes/DATA/Bruno/eclipse-workspace/mios32/trunk/mios32/STM32F4xx/mios32_usb.o
 .text.USBH_HID_USR_Manufacturer_String
                0x00000000080139d0        0xc project_build//Volumes/DATA/Bruno/eclipse-workspace/mios32/trunk/mios32/STM32F4xx/mios32_usb.o
 .text.USBH_HID_USR_Configuration_DescAvailable
                0x00000000080139dc       0x40 project_build//Volumes/DATA/Bruno/eclipse-workspace/mios32/trunk/mios32/STM32F4xx/mios32_usb.o
 .text.USBH_HID_USR_DeviceAddressAssigned
                0x0000000008013a1c        0xc project_build//Volumes/DATA/Bruno/eclipse-workspace/mios32/trunk/mios32/STM32F4xx/mios32_usb.o
 .text.USBH_HID_USR_DeviceSpeedDetected
                0x0000000008013a28       0x2c project_build//Volumes/DATA/Bruno/eclipse-workspace/mios32/trunk/mios32/STM32F4xx/mios32_usb.o
 .text.USBH_HID_USR_OverCurrentDetected
                0x0000000008013a54        0xc project_build//Volumes/DATA/Bruno/eclipse-workspace/mios32/trunk/mios32/STM32F4xx/mios32_usb.o
 .text.USBH_HID_USR_ResetDevice
                0x0000000008013a60        0xc project_build//Volumes/DATA/Bruno/eclipse-workspace/mios32/trunk/mios32/STM32F4xx/mios32_usb.o
 .text.USBH_HID_USR_DeviceAttached
                0x0000000008013a6c        0xc project_build//Volumes/DATA/Bruno/eclipse-workspace/mios32/trunk/mios32/STM32F4xx/mios32_usb.o
 .text.USBH_HID_USR_Device_DescAvailable
                0x0000000008013a78       0x34 project_build//Volumes/DATA/Bruno/eclipse-workspace/mios32/trunk/mios32/STM32F4xx/mios32_usb.o
 .text.USBH_HID_USR_DeviceDisconnected
                0x0000000008013aac       0x18 project_build//Volumes/DATA/Bruno/eclipse-workspace/mios32/trunk/mios32/STM32F4xx/mios32_usb.o
 .text.USBH_USR_DeviceDisconnected
                0x0000000008013ac4        0x8 project_build//Volumes/DATA/Bruno/eclipse-workspace/mios32/trunk/mios32/STM32F4xx/mios32_usb.o
 .text.USBD_USR_DeviceDisconnected
                0x0000000008013acc        0x8 project_build//Volumes/DATA/Bruno/eclipse-workspace/mios32/trunk/mios32/STM32F4xx/mios32_usb.o
 .text.USBD_USR_DeviceConfigured
                0x0000000008013ad4        0x8 project_build//Volumes/DATA/Bruno/eclipse-workspace/mios32/trunk/mios32/STM32F4xx/mios32_usb.o
 .text.USBD_USR_SerialStrDescriptor
                0x0000000008013adc       0x38 project_build//Volumes/DATA/Bruno/eclipse-workspace/mios32/trunk/mios32/STM32F4xx/mios32_usb.o
 .text.USBD_USR_ProductStrDescriptor
                0x0000000008013b14       0x60 project_build//Volumes/DATA/Bruno/eclipse-workspace/mios32/trunk/mios32/STM32F4xx/mios32_usb.o
 .text.USBD_USR_InterfaceStrDescriptor
                0x0000000008013b74        0x4 project_build//Volumes/DATA/Bruno/eclipse-workspace/mios32/trunk/mios32/STM32F4xx/mios32_usb.o
 .text.USBD_USR_ConfigStrDescriptor
                0x0000000008013b78        0x4 project_build//Volumes/DATA/Bruno/eclipse-workspace/mios32/trunk/mios32/STM32F4xx/mios32_usb.o
 .text.MIOS32_USB_CLASS_GetUsrStrDesc
                0x0000000008013b7c        0x6 project_build//Volumes/DATA/Bruno/eclipse-workspace/mios32/trunk/mios32/STM32F4xx/mios32_usb.o
 *fill*         0x0000000008013b82        0x2 00
 .text.USBD_USR_ManufacturerStrDescriptor
                0x0000000008013b84       0x2c project_build//Volumes/DATA/Bruno/eclipse-workspace/mios32/trunk/mios32/STM32F4xx/mios32_usb.o
 .text.MIOS32_USB_CLASS_DataOut
                0x0000000008013bb0       0x12 project_build//Volumes/DATA/Bruno/eclipse-workspace/mios32/trunk/mios32/STM32F4xx/mios32_usb.o
 .text.MIOS32_USB_CLASS_DataIn
                0x0000000008013bc2       0x12 project_build//Volumes/DATA/Bruno/eclipse-workspace/mios32/trunk/mios32/STM32F4xx/mios32_usb.o
 .text.MIOS32_USB_CLASS_DeInit
                0x0000000008013bd4       0x16 project_build//Volumes/DATA/Bruno/eclipse-workspace/mios32/trunk/mios32/STM32F4xx/mios32_usb.o
 *fill*         0x0000000008013bea        0x2 00
 .text.MIOS32_USB_CLASS_Init
                0x0000000008013bec       0x34 project_build//Volumes/DATA/Bruno/eclipse-workspace/mios32/trunk/mios32/STM32F4xx/mios32_usb.o
 .text.USBH_ClassRequest
                0x0000000008013c20       0x38 project_build//Volumes/DATA/Bruno/eclipse-workspace/mios32/trunk/mios32/STM32F4xx/mios32_usb.o
 .text.USBH_Handle
                0x0000000008013c58       0x38 project_build//Volumes/DATA/Bruno/eclipse-workspace/mios32/trunk/mios32/STM32F4xx/mios32_usb.o
 .text.USBH_HID_USR_Init
                0x0000000008013c90       0x34 project_build//Volumes/DATA/Bruno/eclipse-workspace/mios32/trunk/mios32/STM32F4xx/mios32_usb.o
 .text.USB_OTG_BSP_Init
                0x0000000008013cc4       0xf8 project_build//Volumes/DATA/Bruno/eclipse-workspace/mios32/trunk/mios32/STM32F4xx/mios32_usb.o
                0x0000000008013cc4                USB_OTG_BSP_Init
 .text.USB_OTG_BSP_EnableInterrupt
                0x0000000008013dbc        0x8 project_build//Volumes/DATA/Bruno/eclipse-workspace/mios32/trunk/mios32/STM32F4xx/mios32_usb.o
                0x0000000008013dbc                USB_OTG_BSP_EnableInterrupt
 .text.OTG_FS_IRQHandler
                0x0000000008013dc4       0x28 project_build//Volumes/DATA/Bruno/eclipse-workspace/mios32/trunk/mios32/STM32F4xx/mios32_usb.o
                0x0000000008013dc4                OTG_FS_IRQHandler
 .text.OTG_HS_IRQHandler
                0x0000000008013dec        0xc project_build//Volumes/DATA/Bruno/eclipse-workspace/mios32/trunk/mios32/STM32F4xx/mios32_usb.o
                0x0000000008013dec                OTG_HS_IRQHandler
 .text.USB_OTG_BSP_uDelay
                0x0000000008013df8        0x6 project_build//Volumes/DATA/Bruno/eclipse-workspace/mios32/trunk/mios32/STM32F4xx/mios32_usb.o
                0x0000000008013df8                USB_OTG_BSP_uDelay
 .text.USB_OTG_BSP_mDelay
                0x0000000008013dfe        0xc project_build//Volumes/DATA/Bruno/eclipse-workspace/mios32/trunk/mios32/STM32F4xx/mios32_usb.o
                0x0000000008013dfe                USB_OTG_BSP_mDelay
 *fill*         0x0000000008013e0a        0x2 00
 .text.USB_OTG_BSP_ConfigVBUS
                0x0000000008013e0c       0x84 project_build//Volumes/DATA/Bruno/eclipse-workspace/mios32/trunk/mios32/STM32F4xx/mios32_usb.o
                0x0000000008013e0c                USB_OTG_BSP_ConfigVBUS
 .text.USB_OTG_BSP_DriveVBUS
                0x0000000008013e90       0x3c project_build//Volumes/DATA/Bruno/eclipse-workspace/mios32/trunk/mios32/STM32F4xx/mios32_usb.o
                0x0000000008013e90                USB_OTG_BSP_DriveVBUS
 .text.MIOS32_USB_IsInitialized
                0x0000000008013ecc        0xc project_build//Volumes/DATA/Bruno/eclipse-workspace/mios32/trunk/mios32/STM32F4xx/mios32_usb.o
                0x0000000008013ecc                MIOS32_USB_IsInitialized
 .text.MIOS32_USB_ForceSingleUSB
                0x0000000008013ed8       0x24 project_build//Volumes/DATA/Bruno/eclipse-workspace/mios32/trunk/mios32/STM32F4xx/mios32_usb.o
                0x0000000008013ed8                MIOS32_USB_ForceSingleUSB
 .text.MIOS32_USB_CLASS_GetCfgDesc
                0x0000000008013efc       0x20 project_build//Volumes/DATA/Bruno/eclipse-workspace/mios32/trunk/mios32/STM32F4xx/mios32_usb.o
 .text.MIOS32_USB_ForceDeviceMode
                0x0000000008013f1c       0x24 project_build//Volumes/DATA/Bruno/eclipse-workspace/mios32/trunk/mios32/STM32F4xx/mios32_usb.o
                0x0000000008013f1c                MIOS32_USB_ForceDeviceMode
 .text.MIOS32_USB_Init
                0x0000000008013f40      0x118 project_build//Volumes/DATA/Bruno/eclipse-workspace/mios32/trunk/mios32/STM32F4xx/mios32_usb.o
                0x0000000008013f40                MIOS32_USB_Init
 .text.USBH_ClassRequest
                0x0000000008014058        0x4 project_build//Volumes/DATA/Bruno/eclipse-workspace/mios32/trunk/mios32/STM32F4xx/mios32_usb_midi.o
 .text.USBH_Handle
                0x000000000801405c      0x214 project_build//Volumes/DATA/Bruno/eclipse-workspace/mios32/trunk/mios32/STM32F4xx/mios32_usb_midi.o
 .text.MIOS32_USB_MIDI_RxBufferHandler
                0x0000000008014270       0xb0 project_build//Volumes/DATA/Bruno/eclipse-workspace/mios32/trunk/mios32/STM32F4xx/mios32_usb_midi.o
 .text.MIOS32_USB_MIDI_TxBufferHandler
                0x0000000008014320       0xac project_build//Volumes/DATA/Bruno/eclipse-workspace/mios32/trunk/mios32/STM32F4xx/mios32_usb_midi.o
 .text.MIOS32_USB_MIDI_Init
                0x00000000080143cc       0x1c project_build//Volumes/DATA/Bruno/eclipse-workspace/mios32/trunk/mios32/STM32F4xx/mios32_usb_midi.o
                0x00000000080143cc                MIOS32_USB_MIDI_Init
 .text.MIOS32_USB_MIDI_ChangeConnectionState
                0x00000000080143e8       0x4c project_build//Volumes/DATA/Bruno/eclipse-workspace/mios32/trunk/mios32/STM32F4xx/mios32_usb_midi.o
                0x00000000080143e8                MIOS32_USB_MIDI_ChangeConnectionState
 .text.USBH_InterfaceDeInit
                0x0000000008014434       0x60 project_build//Volumes/DATA/Bruno/eclipse-workspace/mios32/trunk/mios32/STM32F4xx/mios32_usb_midi.o
 .text.MIOS32_USB_MIDI_CheckAvailable
                0x0000000008014494       0x34 project_build//Volumes/DATA/Bruno/eclipse-workspace/mios32/trunk/mios32/STM32F4xx/mios32_usb_midi.o
                0x0000000008014494                MIOS32_USB_MIDI_CheckAvailable
 .text.USBH_InterfaceInit
                0x00000000080144c8      0x11c project_build//Volumes/DATA/Bruno/eclipse-workspace/mios32/trunk/mios32/STM32F4xx/mios32_usb_midi.o
 .text.MIOS32_USB_MIDI_PackageSend_NonBlocking
                0x00000000080145e4       0x70 project_build//Volumes/DATA/Bruno/eclipse-workspace/mios32/trunk/mios32/STM32F4xx/mios32_usb_midi.o
                0x00000000080145e4                MIOS32_USB_MIDI_PackageSend_NonBlocking
 .text.MIOS32_USB_MIDI_PackageSend
                0x0000000008014654       0x30 project_build//Volumes/DATA/Bruno/eclipse-workspace/mios32/trunk/mios32/STM32F4xx/mios32_usb_midi.o
                0x0000000008014654                MIOS32_USB_MIDI_PackageSend
 .text.MIOS32_USB_MIDI_PackageReceive
                0x0000000008014684       0x94 project_build//Volumes/DATA/Bruno/eclipse-workspace/mios32/trunk/mios32/STM32F4xx/mios32_usb_midi.o
                0x0000000008014684                MIOS32_USB_MIDI_PackageReceive
 .text.MIOS32_USB_MIDI_Periodic_mS
                0x0000000008014718       0x50 project_build//Volumes/DATA/Bruno/eclipse-workspace/mios32/trunk/mios32/STM32F4xx/mios32_usb_midi.o
                0x0000000008014718                MIOS32_USB_MIDI_Periodic_mS
 .text.MIOS32_USB_MIDI_EP1_IN_Callback
                0x0000000008014768       0x10 project_build//Volumes/DATA/Bruno/eclipse-workspace/mios32/trunk/mios32/STM32F4xx/mios32_usb_midi.o
                0x0000000008014768                MIOS32_USB_MIDI_EP1_IN_Callback
 .text.MIOS32_USB_MIDI_EP2_OUT_Callback
                0x0000000008014778       0x10 project_build//Volumes/DATA/Bruno/eclipse-workspace/mios32/trunk/mios32/STM32F4xx/mios32_usb_midi.o
                0x0000000008014778                MIOS32_USB_MIDI_EP2_OUT_Callback
 .text.USBH_Handle
                0x0000000008014788       0xd0 project_build//Volumes/DATA/Bruno/eclipse-workspace/mios32/trunk/mios32/STM32F4xx/mios32_usb_hid.o
 .text.MIOS32_USB_HID_Gamepad_Decode
                0x0000000008014858        0xc project_build//Volumes/DATA/Bruno/eclipse-workspace/mios32/trunk/mios32/STM32F4xx/mios32_usb_hid.o
 .text.MIOS32_USB_HID_Gamepad_Init
                0x0000000008014864       0x1c project_build//Volumes/DATA/Bruno/eclipse-workspace/mios32/trunk/mios32/STM32F4xx/mios32_usb_hid.o
 .text.MIOS32_USB_HID_Keyboard_Decode
                0x0000000008014880       0xdc project_build//Volumes/DATA/Bruno/eclipse-workspace/mios32/trunk/mios32/STM32F4xx/mios32_usb_hid.o
 .text.MIOS32_USB_HID_Keyboard_Init
                0x000000000801495c       0x24 project_build//Volumes/DATA/Bruno/eclipse-workspace/mios32/trunk/mios32/STM32F4xx/mios32_usb_hid.o
 .text.MIOS32_USB_HID_Mouse_Decode
                0x0000000008014980       0x6c project_build//Volumes/DATA/Bruno/eclipse-workspace/mios32/trunk/mios32/STM32F4xx/mios32_usb_hid.o
 .text.MIOS32_USB_HID_Mouse_Init
                0x00000000080149ec       0x1c project_build//Volumes/DATA/Bruno/eclipse-workspace/mios32/trunk/mios32/STM32F4xx/mios32_usb_hid.o
 .text.USBH_ClassRequest
                0x0000000008014a08      0x100 project_build//Volumes/DATA/Bruno/eclipse-workspace/mios32/trunk/mios32/STM32F4xx/mios32_usb_hid.o
 .text.MIOS32_USB_HID_Init
                0x0000000008014b08       0x14 project_build//Volumes/DATA/Bruno/eclipse-workspace/mios32/trunk/mios32/STM32F4xx/mios32_usb_hid.o
                0x0000000008014b08                MIOS32_USB_HID_Init
 .text.MIOS32_USB_HID_ChangeConnectionState
                0x0000000008014b1c       0x2c project_build//Volumes/DATA/Bruno/eclipse-workspace/mios32/trunk/mios32/STM32F4xx/mios32_usb_hid.o
                0x0000000008014b1c                MIOS32_USB_HID_ChangeConnectionState
 .text.USBH_InterfaceDeInit
                0x0000000008014b48       0x64 project_build//Volumes/DATA/Bruno/eclipse-workspace/mios32/trunk/mios32/STM32F4xx/mios32_usb_hid.o
                0x0000000008014b48                USBH_InterfaceDeInit
 .text.MIOS32_USB_HID_CheckAvailable
                0x0000000008014bac       0x24 project_build//Volumes/DATA/Bruno/eclipse-workspace/mios32/trunk/mios32/STM32F4xx/mios32_usb_hid.o
                0x0000000008014bac                MIOS32_USB_HID_CheckAvailable
 .text.USBH_InterfaceInit
                0x0000000008014bd0      0x154 project_build//Volumes/DATA/Bruno/eclipse-workspace/mios32/trunk/mios32/STM32F4xx/mios32_usb_hid.o
 .text.MIOS32_UART_IsAssignedToMIDI
                0x0000000008014d24       0x14 project_build//Volumes/DATA/Bruno/eclipse-workspace/mios32/trunk/mios32/STM32F4xx/mios32_uart.o
                0x0000000008014d24                MIOS32_UART_IsAssignedToMIDI
 .text.MIOS32_UART_BaudrateSet
                0x0000000008014d38       0x58 project_build//Volumes/DATA/Bruno/eclipse-workspace/mios32/trunk/mios32/STM32F4xx/mios32_uart.o
                0x0000000008014d38                MIOS32_UART_BaudrateSet
 .text.MIOS32_UART_InitPort
                0x0000000008014d90       0xbc project_build//Volumes/DATA/Bruno/eclipse-workspace/mios32/trunk/mios32/STM32F4xx/mios32_uart.o
                0x0000000008014d90                MIOS32_UART_InitPort
 .text.MIOS32_UART_InitPortDefault
                0x0000000008014e4c       0x2a project_build//Volumes/DATA/Bruno/eclipse-workspace/mios32/trunk/mios32/STM32F4xx/mios32_uart.o
                0x0000000008014e4c                MIOS32_UART_InitPortDefault
 *fill*         0x0000000008014e76        0x2 00
 .text.MIOS32_UART_Init
                0x0000000008014e78       0xf4 project_build//Volumes/DATA/Bruno/eclipse-workspace/mios32/trunk/mios32/STM32F4xx/mios32_uart.o
                0x0000000008014e78                MIOS32_UART_Init
 .text.MIOS32_UART_RxBufferGet
                0x0000000008014f6c       0x58 project_build//Volumes/DATA/Bruno/eclipse-workspace/mios32/trunk/mios32/STM32F4xx/mios32_uart.o
                0x0000000008014f6c                MIOS32_UART_RxBufferGet
 .text.MIOS32_UART_RxBufferPut
                0x0000000008014fc4       0x5c project_build//Volumes/DATA/Bruno/eclipse-workspace/mios32/trunk/mios32/STM32F4xx/mios32_uart.o
                0x0000000008014fc4                MIOS32_UART_RxBufferPut
 .text.MIOS32_UART_TxBufferGet
                0x0000000008015020       0x58 project_build//Volumes/DATA/Bruno/eclipse-workspace/mios32/trunk/mios32/STM32F4xx/mios32_uart.o
                0x0000000008015020                MIOS32_UART_TxBufferGet
 .text.MIOS32_UART_TxBufferPutMore_NonBlocking
                0x0000000008015078       0x90 project_build//Volumes/DATA/Bruno/eclipse-workspace/mios32/trunk/mios32/STM32F4xx/mios32_uart.o
                0x0000000008015078                MIOS32_UART_TxBufferPutMore_NonBlocking
 .text.MIOS32_UART_TxBufferPutMore
                0x0000000008015108       0x18 project_build//Volumes/DATA/Bruno/eclipse-workspace/mios32/trunk/mios32/STM32F4xx/mios32_uart.o
                0x0000000008015108                MIOS32_UART_TxBufferPutMore
 .text.UART4_IRQHandler
                0x0000000008015120       0x70 project_build//Volumes/DATA/Bruno/eclipse-workspace/mios32/trunk/mios32/STM32F4xx/mios32_uart.o
                0x0000000008015120                UART4_IRQHandler
 .text.USART2_IRQHandler
                0x0000000008015190       0x70 project_build//Volumes/DATA/Bruno/eclipse-workspace/mios32/trunk/mios32/STM32F4xx/mios32_uart.o
                0x0000000008015190                USART2_IRQHandler
 .text.EV_IRQHandler
                0x0000000008015200      0x162 project_build//Volumes/DATA/Bruno/eclipse-workspace/mios32/trunk/mios32/STM32F4xx/mios32_iic.o
 *fill*         0x0000000008015362        0x2 00
 .text.ER_IRQHandler
                0x0000000008015364       0x7c project_build//Volumes/DATA/Bruno/eclipse-workspace/mios32/trunk/mios32/STM32F4xx/mios32_iic.o
 .text.I2C2_EV_IRQHandler
                0x00000000080153e0        0xc project_build//Volumes/DATA/Bruno/eclipse-workspace/mios32/trunk/mios32/STM32F4xx/mios32_iic.o
                0x00000000080153e0                I2C2_EV_IRQHandler
 .text.I2C2_ER_IRQHandler
                0x00000000080153ec        0xc project_build//Volumes/DATA/Bruno/eclipse-workspace/mios32/trunk/mios32/STM32F4xx/mios32_iic.o
                0x00000000080153ec                I2C2_ER_IRQHandler
 .text.I2C1_EV_IRQHandler
                0x00000000080153f8        0xc project_build//Volumes/DATA/Bruno/eclipse-workspace/mios32/trunk/mios32/STM32F4xx/mios32_iic.o
                0x00000000080153f8                I2C1_EV_IRQHandler
 .text.I2C1_ER_IRQHandler
                0x0000000008015404        0xc project_build//Volumes/DATA/Bruno/eclipse-workspace/mios32/trunk/mios32/STM32F4xx/mios32_iic.o
                0x0000000008015404                I2C1_ER_IRQHandler
 .text.printchar
                0x0000000008015410       0x16 project_build//Volumes/DATA/Bruno/eclipse-workspace/mios32/trunk/mios32/common/printf-stdarg.o
 .text.prints   0x0000000008015426       0x82 project_build//Volumes/DATA/Bruno/eclipse-workspace/mios32/trunk/mios32/common/printf-stdarg.o
 .text.printi   0x00000000080154a8       0x98 project_build//Volumes/DATA/Bruno/eclipse-workspace/mios32/trunk/mios32/common/printf-stdarg.o
 .text.print    0x0000000008015540      0x120 project_build//Volumes/DATA/Bruno/eclipse-workspace/mios32/trunk/mios32/common/printf-stdarg.o
 .text.sprintf  0x0000000008015660       0x1e project_build//Volumes/DATA/Bruno/eclipse-workspace/mios32/trunk/mios32/common/printf-stdarg.o
                0x0000000008015660                sprintf
 .text.vsprintf
                0x000000000801567e       0x10 project_build//Volumes/DATA/Bruno/eclipse-workspace/mios32/trunk/mios32/common/printf-stdarg.o
                0x000000000801567e                vsprintf
 *fill*         0x000000000801568e        0x2 00
 .text.NVIC_PriorityGroupConfig
                0x0000000008015690       0x14 project_build//Volumes/DATA/Bruno/eclipse-workspace/mios32/trunk/drivers/STM32F4xx/v1.1.0/STM32F4xx_StdPeriph_Driver/src/misc.o
                0x0000000008015690                NVIC_PriorityGroupConfig
 .text.NVIC_SetVectorTable
                0x00000000080156a4       0x14 project_build//Volumes/DATA/Bruno/eclipse-workspace/mios32/trunk/drivers/STM32F4xx/v1.1.0/STM32F4xx_StdPeriph_Driver/src/misc.o
                0x00000000080156a4                NVIC_SetVectorTable
 .text.DMA_Init
                0x00000000080156b8       0x54 project_build//Volumes/DATA/Bruno/eclipse-workspace/mios32/trunk/drivers/STM32F4xx/v1.1.0/STM32F4xx_StdPeriph_Driver/src/stm32f4xx_dma.o
                0x00000000080156b8                DMA_Init
 .text.DMA_StructInit
                0x000000000801570c       0x22 project_build//Volumes/DATA/Bruno/eclipse-workspace/mios32/trunk/drivers/STM32F4xx/v1.1.0/STM32F4xx_StdPeriph_Driver/src/stm32f4xx_dma.o
                0x000000000801570c                DMA_StructInit
 .text.DMA_Cmd  0x000000000801572e       0x12 project_build//Volumes/DATA/Bruno/eclipse-workspace/mios32/trunk/drivers/STM32F4xx/v1.1.0/STM32F4xx_StdPeriph_Driver/src/stm32f4xx_dma.o
                0x000000000801572e                DMA_Cmd
 .text.DMA_ClearFlag
                0x0000000008015740       0x30 project_build//Volumes/DATA/Bruno/eclipse-workspace/mios32/trunk/drivers/STM32F4xx/v1.1.0/STM32F4xx_StdPeriph_Driver/src/stm32f4xx_dma.o
                0x0000000008015740                DMA_ClearFlag
 .text.EXTI_ClearITPendingBit
                0x0000000008015770        0xc project_build//Volumes/DATA/Bruno/eclipse-workspace/mios32/trunk/drivers/STM32F4xx/v1.1.0/STM32F4xx_StdPeriph_Driver/src/stm32f4xx_exti.o
                0x0000000008015770                EXTI_ClearITPendingBit
 .text.GPIO_Init
                0x000000000801577c       0x9a project_build//Volumes/DATA/Bruno/eclipse-workspace/mios32/trunk/drivers/STM32F4xx/v1.1.0/STM32F4xx_StdPeriph_Driver/src/stm32f4xx_gpio.o
                0x000000000801577c                GPIO_Init
 .text.GPIO_StructInit
                0x0000000008015816       0x12 project_build//Volumes/DATA/Bruno/eclipse-workspace/mios32/trunk/drivers/STM32F4xx/v1.1.0/STM32F4xx_StdPeriph_Driver/src/stm32f4xx_gpio.o
                0x0000000008015816                GPIO_StructInit
 .text.GPIO_SetBits
                0x0000000008015828        0x4 project_build//Volumes/DATA/Bruno/eclipse-workspace/mios32/trunk/drivers/STM32F4xx/v1.1.0/STM32F4xx_StdPeriph_Driver/src/stm32f4xx_gpio.o
                0x0000000008015828                GPIO_SetBits
 .text.GPIO_ResetBits
                0x000000000801582c        0x4 project_build//Volumes/DATA/Bruno/eclipse-workspace/mios32/trunk/drivers/STM32F4xx/v1.1.0/STM32F4xx_StdPeriph_Driver/src/stm32f4xx_gpio.o
                0x000000000801582c                GPIO_ResetBits
 .text.GPIO_PinAFConfig
                0x0000000008015830       0x2e project_build//Volumes/DATA/Bruno/eclipse-workspace/mios32/trunk/drivers/STM32F4xx/v1.1.0/STM32F4xx_StdPeriph_Driver/src/stm32f4xx_gpio.o
                0x0000000008015830                GPIO_PinAFConfig
 .text.I2C_GenerateSTOP
                0x000000000801585e       0x18 project_build//Volumes/DATA/Bruno/eclipse-workspace/mios32/trunk/drivers/STM32F4xx/v1.1.0/STM32F4xx_StdPeriph_Driver/src/stm32f4xx_i2c.o
                0x000000000801585e                I2C_GenerateSTOP
 .text.I2C_ITConfig
                0x0000000008015876       0x12 project_build//Volumes/DATA/Bruno/eclipse-workspace/mios32/trunk/drivers/STM32F4xx/v1.1.0/STM32F4xx_StdPeriph_Driver/src/stm32f4xx_i2c.o
                0x0000000008015876                I2C_ITConfig
 .text.I2C_GetLastEvent