file.c:1532:12:FILE_CreateTarHeader	32	static
file.c:1603:12:FILE_CreateTarRecursive	136	dynamic
file.c:239:12:FILE_MountFS	40	static
file.c:157:5:FILE_Init	8	static
file.c:188:5:FILE_CheckSDCard	16	static
file.c:271:5:FILE_UpdateFreeBytes	40	static
file.c:298:5:FILE_VolumeSectorsPerCluster	0	static
file.c:307:5:FILE_VolumeCluster2Sector	0	static
file.c:321:5:FILE_SDCardAvailable	0	static
file.c:330:5:FILE_VolumeAvailable	0	static
file.c:339:5:FILE_VolumeBytesFree	0	static
file.c:348:5:FILE_VolumeBytesTotal	0	static
file.c:357:7:FILE_VolumeLabel	0	static
file.c:370:5:FILE_ReadOpen	16	static
file.c:430:5:FILE_ReadReOpen	16	static
file.c:475:5:FILE_ReadClose	0	static
file.c:501:5:FILE_ReadSeek	8	static
file.c:516:5:FILE_ReadGetCurrentSize	0	static
file.c:524:5:FILE_ReadGetCurrentPosition	0	static
file.c:535:5:FILE_ReadBuffer	16	static
file.c:565:5:FILE_ReadBufferUnknownLen	16	static
file.c:588:5:FILE_ReadLine	16	static
file.c:618:5:FILE_ReadByte	0	static
file.c:627:5:FILE_ReadHWord	16	static
file.c:640:5:FILE_ReadWord	16	static
file.c:654:5:FILE_WriteOpen	8	static
file.c:681:5:FILE_WriteClose	8	static
file.c:700:5:FILE_WriteSeek	8	static
file.c:715:5:FILE_WriteGetCurrentSize	0	static
file.c:725:5:FILE_WriteGetCurrentPosition	0	static
file.c:739:5:FILE_WriteBuffer	16	static
file.c:766:5:FILE_WriteByte	16	static
file.c:775:5:FILE_WriteHWord	16	static
file.c:788:5:FILE_WriteWord	16	static
file.c:805:5:FILE_Copy	24	static
file.c:883:5:FILE_MakeDir	8	static
file.c:903:5:FILE_Remove	8	static
file.c:928:5:FILE_FileExists	8	static
file.c:951:5:FILE_DirExists	40	static
file.c:974:5:FILE_GetDirs	88	static
file.c:1028:5:FILE_GetFiles	88	static
file.c:1102:5:FILE_FindNextDir	72	static
file.c:1166:5:FILE_FindPreviousDir	72	static
file.c:1236:5:FILE_FindNextFile	88	static
file.c:1310:5:FILE_FindPreviousFile	88	static
file.c:1379:5:FILE_SendSyxDump	72	static
file.c:1464:5:FILE_CreateTar	584	static
file.c:1721:5:FILE_BackupDiskAutoName	40	static
file.c:1746:5:FILE_PrintSDCardInfos	80	static
file.c:1825:5:FILE_SendErrorMessage	8	static
file.c:1869:5:FILE_BrowserHandler	184	static
file.c:2141:5:FILE_BrowserUploadCallback_Init	0	static
